Archive member included to satisfy reference by file (symbol)

D:\Documentos\STM32-WorkSpace\Mis_Ejers\WS_STM32\freertos\Debug\libfreertos.a(tasks.o)
                              Core/Src/main.o (xTaskCreate)
D:\Documentos\STM32-WorkSpace\Mis_Ejers\WS_STM32\freertos\Debug\libfreertos.a(timers.o)
                              D:\Documentos\STM32-WorkSpace\Mis_Ejers\WS_STM32\freertos\Debug\libfreertos.a(tasks.o) (xTimerCreateTimerTask)
D:\Documentos\STM32-WorkSpace\Mis_Ejers\WS_STM32\freertos\Debug\libfreertos.a(heap_3.o)
                              D:\Documentos\STM32-WorkSpace\Mis_Ejers\WS_STM32\freertos\Debug\libfreertos.a(tasks.o) (pvPortMalloc)
D:\Documentos\STM32-WorkSpace\Mis_Ejers\WS_STM32\freertos\Debug\libfreertos.a(list.o)
                              D:\Documentos\STM32-WorkSpace\Mis_Ejers\WS_STM32\freertos\Debug\libfreertos.a(tasks.o) (vListInitialise)
D:\Documentos\STM32-WorkSpace\Mis_Ejers\WS_STM32\freertos\Debug\libfreertos.a(port.o)
                              D:\Documentos\STM32-WorkSpace\Mis_Ejers\WS_STM32\freertos\Debug\libfreertos.a(tasks.o) (pxPortInitialiseStack)
D:\Documentos\STM32-WorkSpace\Mis_Ejers\WS_STM32\freertos\Debug\libfreertos.a(queue.o)
                              D:\Documentos\STM32-WorkSpace\Mis_Ejers\WS_STM32\freertos\Debug\libfreertos.a(timers.o) (xQueueGenericCreate)
c:/st/stm32cubeide_1.6.1/stm32cubeide/plugins/com.st.stm32cube.ide.mcu.externaltools.gnu-tools-for-stm32.9-2020-q2-update.win32_1.5.0.202011040924/tools/bin/../lib/gcc/arm-none-eabi/9.3.1/../../../../arm-none-eabi/lib/thumb/v7-m/nofp\libc_nano.a(lib_a-errno.o)
                              Core/Src/syscalls.o (__errno)
c:/st/stm32cubeide_1.6.1/stm32cubeide/plugins/com.st.stm32cube.ide.mcu.externaltools.gnu-tools-for-stm32.9-2020-q2-update.win32_1.5.0.202011040924/tools/bin/../lib/gcc/arm-none-eabi/9.3.1/../../../../arm-none-eabi/lib/thumb/v7-m/nofp\libc_nano.a(lib_a-exit.o)
                              c:/st/stm32cubeide_1.6.1/stm32cubeide/plugins/com.st.stm32cube.ide.mcu.externaltools.gnu-tools-for-stm32.9-2020-q2-update.win32_1.5.0.202011040924/tools/bin/../lib/gcc/arm-none-eabi/9.3.1/../../../../arm-none-eabi/lib/thumb/v7-m/nofp/crt0.o (exit)
c:/st/stm32cubeide_1.6.1/stm32cubeide/plugins/com.st.stm32cube.ide.mcu.externaltools.gnu-tools-for-stm32.9-2020-q2-update.win32_1.5.0.202011040924/tools/bin/../lib/gcc/arm-none-eabi/9.3.1/../../../../arm-none-eabi/lib/thumb/v7-m/nofp\libc_nano.a(lib_a-impure.o)
                              c:/st/stm32cubeide_1.6.1/stm32cubeide/plugins/com.st.stm32cube.ide.mcu.externaltools.gnu-tools-for-stm32.9-2020-q2-update.win32_1.5.0.202011040924/tools/bin/../lib/gcc/arm-none-eabi/9.3.1/../../../../arm-none-eabi/lib/thumb/v7-m/nofp\libc_nano.a(lib_a-exit.o) (_global_impure_ptr)
c:/st/stm32cubeide_1.6.1/stm32cubeide/plugins/com.st.stm32cube.ide.mcu.externaltools.gnu-tools-for-stm32.9-2020-q2-update.win32_1.5.0.202011040924/tools/bin/../lib/gcc/arm-none-eabi/9.3.1/../../../../arm-none-eabi/lib/thumb/v7-m/nofp\libc_nano.a(lib_a-init.o)
                              c:/st/stm32cubeide_1.6.1/stm32cubeide/plugins/com.st.stm32cube.ide.mcu.externaltools.gnu-tools-for-stm32.9-2020-q2-update.win32_1.5.0.202011040924/tools/bin/../lib/gcc/arm-none-eabi/9.3.1/../../../../arm-none-eabi/lib/thumb/v7-m/nofp/crt0.o (__libc_init_array)
c:/st/stm32cubeide_1.6.1/stm32cubeide/plugins/com.st.stm32cube.ide.mcu.externaltools.gnu-tools-for-stm32.9-2020-q2-update.win32_1.5.0.202011040924/tools/bin/../lib/gcc/arm-none-eabi/9.3.1/../../../../arm-none-eabi/lib/thumb/v7-m/nofp\libc_nano.a(lib_a-malloc.o)
                              D:\Documentos\STM32-WorkSpace\Mis_Ejers\WS_STM32\freertos\Debug\libfreertos.a(heap_3.o) (malloc)
c:/st/stm32cubeide_1.6.1/stm32cubeide/plugins/com.st.stm32cube.ide.mcu.externaltools.gnu-tools-for-stm32.9-2020-q2-update.win32_1.5.0.202011040924/tools/bin/../lib/gcc/arm-none-eabi/9.3.1/../../../../arm-none-eabi/lib/thumb/v7-m/nofp\libc_nano.a(lib_a-memcpy-stub.o)
                              D:\Documentos\STM32-WorkSpace\Mis_Ejers\WS_STM32\freertos\Debug\libfreertos.a(queue.o) (memcpy)
c:/st/stm32cubeide_1.6.1/stm32cubeide/plugins/com.st.stm32cube.ide.mcu.externaltools.gnu-tools-for-stm32.9-2020-q2-update.win32_1.5.0.202011040924/tools/bin/../lib/gcc/arm-none-eabi/9.3.1/../../../../arm-none-eabi/lib/thumb/v7-m/nofp\libc_nano.a(lib_a-memset.o)
                              c:/st/stm32cubeide_1.6.1/stm32cubeide/plugins/com.st.stm32cube.ide.mcu.externaltools.gnu-tools-for-stm32.9-2020-q2-update.win32_1.5.0.202011040924/tools/bin/../lib/gcc/arm-none-eabi/9.3.1/../../../../arm-none-eabi/lib/thumb/v7-m/nofp/crt0.o (memset)
c:/st/stm32cubeide_1.6.1/stm32cubeide/plugins/com.st.stm32cube.ide.mcu.externaltools.gnu-tools-for-stm32.9-2020-q2-update.win32_1.5.0.202011040924/tools/bin/../lib/gcc/arm-none-eabi/9.3.1/../../../../arm-none-eabi/lib/thumb/v7-m/nofp\libc_nano.a(lib_a-nano-freer.o)
[...]
Memory Configuration

Name             Origin             Length             Attributes
RAM              0x0000000020000000 0x0000000000005000 xrw
FLASH            0x0000000008000000 0x0000000000010000 xr
*default*        0x0000000000000000 0xffffffffffffffff

Linker script and memory map

LOAD c:/st/stm32cubeide_1.6.1/stm32cubeide/plugins/com.st.stm32cube.ide.mcu.externaltools.gnu-tools-for-stm32.9-2020-q2-update.win32_1.5.0.202011040924/tools/bin/../lib/gcc/arm-none-eabi/9.3.1/thumb/v7-m/nofp/crti.o
LOAD c:/st/stm32cubeide_1.6.1/stm32cubeide/plugins/com.st.stm32cube.ide.mcu.externaltools.gnu-tools-for-stm32.9-2020-q2-update.win32_1.5.0.202011040924/tools/bin/../lib/gcc/arm-none-eabi/9.3.1/thumb/v7-m/nofp/crtbegin.o
LOAD c:/st/stm32cubeide_1.6.1/stm32cubeide/plugins/com.st.stm32cube.ide.mcu.externaltools.gnu-tools-for-stm32.9-2020-q2-update.win32_1.5.0.202011040924/tools/bin/../lib/gcc/arm-none-eabi/9.3.1/../../../../arm-none-eabi/lib/thumb/v7-m/nofp/crt0.o
LOAD Core/Src/main.o
LOAD Core/Src/stm32f1xx_hal_msp.o
LOAD Core/Src/stm32f1xx_hal_timebase_tim.o
LOAD Core/Src/stm32f1xx_it.o
LOAD Core/Src/syscalls.o
LOAD Core/Src/sysmem.o
LOAD Core/Src/system_stm32f1xx.o
LOAD Core/Startup/startup_stm32f103c8tx.o
LOAD Drivers/STM32F1xx_HAL_Driver/Src/stm32f1xx_hal.o
LOAD Drivers/STM32F1xx_HAL_Driver/Src/stm32f1xx_hal_cortex.o
LOAD Drivers/STM32F1xx_HAL_Driver/Src/stm32f1xx_hal_dma.o
LOAD Drivers/STM32F1xx_HAL_Driver/Src/stm32f1xx_hal_exti.o
LOAD Drivers/STM32F1xx_HAL_Driver/Src/stm32f1xx_hal_flash.o
LOAD Drivers/STM32F1xx_HAL_Driver/Src/stm32f1xx_hal_flash_ex.o
LOAD Drivers/STM32F1xx_HAL_Driver/Src/stm32f1xx_hal_gpio.o
LOAD Drivers/STM32F1xx_HAL_Driver/Src/stm32f1xx_hal_gpio_ex.o
LOAD Drivers/STM32F1xx_HAL_Driver/Src/stm32f1xx_hal_pwr.o
LOAD Drivers/STM32F1xx_HAL_Driver/Src/stm32f1xx_hal_rcc.o
LOAD Drivers/STM32F1xx_HAL_Driver/Src/stm32f1xx_hal_rcc_ex.o
LOAD Drivers/STM32F1xx_HAL_Driver/Src/stm32f1xx_hal_tim.o
LOAD Drivers/STM32F1xx_HAL_Driver/Src/stm32f1xx_hal_tim_ex.o
LOAD D:\Documentos\STM32-WorkSpace\Mis_Ejers\WS_STM32\freertos\Debug\libfreertos.a
START GROUP
LOAD D:\Documentos\STM32-WorkSpace\Mis_Ejers\WS_STM32\freertos\Debug\libfreertos.a
END GROUP
START GROUP
LOAD c:/st/stm32cubeide_1.6.1/stm32cubeide/plugins/com.st.stm32cube.ide.mcu.externaltools.gnu-tools-for-stm32.9-2020-q2-update.win32_1.5.0.202011040924/tools/bin/../lib/gcc/arm-none-eabi/9.3.1/../../../../arm-none-eabi/lib/thumb/v7-m/nofp\libc_nano.a
LOAD c:/st/stm32cubeide_1.6.1/stm32cubeide/plugins/com.st.stm32cube.ide.mcu.externaltools.gnu-tools-for-stm32.9-2020-q2-update.win32_1.5.0.202011040924/tools/bin/../lib/gcc/arm-none-eabi/9.3.1/../../../../arm-none-eabi/lib/thumb/v7-m/nofp\libm.a
END GROUP
START GROUP
LOAD c:/st/stm32cubeide_1.6.1/stm32cubeide/plugins/com.st.stm32cube.ide.mcu.externaltools.gnu-tools-for-stm32.9-2020-q2-update.win32_1.5.0.202011040924/tools/bin/../lib/gcc/arm-none-eabi/9.3.1/thumb/v7-m/nofp\libgcc.a
LOAD c:/st/stm32cubeide_1.6.1/stm32cubeide/plugins/com.st.stm32cube.ide.mcu.externaltools.gnu-tools-for-stm32.9-2020-q2-update.win32_1.5.0.202011040924/tools/bin/../lib/gcc/arm-none-eabi/9.3.1/../../../../arm-none-eabi/lib/thumb/v7-m/nofp\libc_nano.a
END GROUP
START GROUP
LOAD c:/st/stm32cubeide_1.6.1/stm32cubeide/plugins/com.st.stm32cube.ide.mcu.externaltools.gnu-tools-for-stm32.9-2020-q2-update.win32_1.5.0.202011040924/tools/bin/../lib/gcc/arm-none-eabi/9.3.1/thumb/v7-m/nofp\libgcc.a
LOAD c:/st/stm32cubeide_1.6.1/stm32cubeide/plugins/com.st.stm32cube.ide.mcu.externaltools.gnu-tools-for-stm32.9-2020-q2-update.win32_1.5.0.202011040924/tools/bin/../lib/gcc/arm-none-eabi/9.3.1/../../../../arm-none-eabi/lib/thumb/v7-m/nofp\libc_nano.a
LOAD c:/st/stm32cubeide_1.6.1/stm32cubeide/plugins/com.st.stm32cube.ide.mcu.externaltools.gnu-tools-for-stm32.9-2020-q2-update.win32_1.5.0.202011040924/tools/bin/../lib/gcc/arm-none-eabi/9.3.1/../../../../arm-none-eabi/lib/thumb/v7-m/nofp\libnosys.a
END GROUP
START GROUP
LOAD c:/st/stm32cubeide_1.6.1/stm32cubeide/plugins/com.st.stm32cube.ide.mcu.externaltools.gnu-tools-for-stm32.9-2020-q2-update.win32_1.5.0.202011040924/tools/bin/../lib/gcc/arm-none-eabi/9.3.1/thumb/v7-m/nofp\libgcc.a
LOAD c:/st/stm32cubeide_1.6.1/stm32cubeide/plugins/com.st.stm32cube.ide.mcu.externaltools.gnu-tools-for-stm32.9-2020-q2-update.win32_1.5.0.202011040924/tools/bin/../lib/gcc/arm-none-eabi/9.3.1/../../../../arm-none-eabi/lib/thumb/v7-m/nofp\libc_nano.a
LOAD c:/st/stm32cubeide_1.6.1/stm32cubeide/plugins/com.st.stm32cube.ide.mcu.externaltools.gnu-tools-for-stm32.9-2020-q2-update.win32_1.5.0.202011040924/tools/bin/../lib/gcc/arm-none-eabi/9.3.1/../../../../arm-none-eabi/lib/thumb/v7-m/nofp\libnosys.a
END GROUP
LOAD c:/st/stm32cubeide_1.6.1/stm32cubeide/plugins/com.st.stm32cube.ide.mcu.externaltools.gnu-tools-for-stm32.9-2020-q2-update.win32_1.5.0.202011040924/tools/bin/../lib/gcc/arm-none-eabi/9.3.1/thumb/v7-m/nofp/crtend.o
LOAD c:/st/stm32cubeide_1.6.1/stm32cubeide/plugins/com.st.stm32cube.ide.mcu.externaltools.gnu-tools-for-stm32.9-2020-q2-update.win32_1.5.0.202011040924/tools/bin/../lib/gcc/arm-none-eabi/9.3.1/thumb/v7-m/nofp/crtn.o
                0x0000000020005000                _estack = (ORIGIN (RAM) + LENGTH (RAM))
                0x0000000000000200                _Min_Heap_Size = 0x200
                0x0000000000000400                _Min_Stack_Size = 0x400

.isr_vector     0x0000000008000000      0x10c
                0x0000000008000000                . = ALIGN (0x4)
 *(.isr_vector)
 .isr_vector    0x0000000008000000      0x10c Core/Startup/startup_stm32f103c8tx.o
                0x0000000008000000                g_pfnVectors
                0x000000000800010c                . = ALIGN (0x4)

.text           0x0000000008000110     0x3d4c
                0x0000000008000110                . = ALIGN (0x4)
 *(.text)
 .text          0x0000000008000110       0x40 c:/st/stm32cubeide_1.6.1/stm32cubeide/plugins/com.st.stm32cube.ide.mcu.externaltools.gnu-tools-for-stm32.9-2020-q2-update.win32_1.5.0.202011040924/tools/bin/../lib/gcc/arm-none-eabi/9.3.1/thumb/v7-m/nofp/crtbegin.o
 *(.text*)
 .text.Adc      0x0000000008000150       0x78 Core/Src/main.o
 .text.Config   0x00000000080001c8       0x90 Core/Src/main.o
 .text.main     0x0000000008000258       0x58 Core/Src/main.o
                0x0000000008000258                main
 .text.SystemClock_Config
                0x00000000080002b0       0x8a Core/Src/main.o
                0x00000000080002b0                SystemClock_Config
 *fill*         0x000000000800033a        0x2 
 .text.MX_GPIO_Init
                0x000000000800033c       0x98 Core/Src/main.o
 .text.HAL_TIM_PeriodElapsedCallback
                0x00000000080003d4       0x24 Core/Src/main.o
                0x00000000080003d4                HAL_TIM_PeriodElapsedCallback
 .text.Error_Handler
                0x00000000080003f8        0xa Core/Src/main.o
                0x00000000080003f8                Error_Handler
 *fill*         0x0000000008000402        0x2 
 .text.HAL_MspInit
                0x0000000008000404       0x64 Core/Src/stm32f1xx_hal_msp.o
                0x0000000008000404                HAL_MspInit
 .text.HAL_InitTick
                0x0000000008000468       0xac Core/Src/stm32f1xx_hal_timebase_tim.o
                0x0000000008000468                HAL_InitTick
 .text.NMI_Handler
                0x0000000008000514        0x6 Core/Src/stm32f1xx_it.o
                0x0000000008000514                NMI_Handler
 .text.HardFault_Handler
                0x000000000800051a        0x6 Core/Src/stm32f1xx_it.o
                0x000000000800051a                HardFault_Handler
 .text.MemManage_Handler
                0x0000000008000520        0x6 Core/Src/stm32f1xx_it.o
                0x0000000008000520                MemManage_Handler
 .text.BusFault_Handler
                0x0000000008000526        0x6 Core/Src/stm32f1xx_it.o
                0x0000000008000526                BusFault_Handler
 .text.UsageFault_Handler
                0x000000000800052c        0x6 Core/Src/stm32f1xx_it.o
                0x000000000800052c                UsageFault_Handler
 .text.DebugMon_Handler
                0x0000000008000532        0xc Core/Src/stm32f1xx_it.o
                0x0000000008000532                DebugMon_Handler
 *fill*         0x000000000800053e        0x2 
 .text.TIM1_UP_IRQHandler
                0x0000000008000540       0x14 Core/Src/stm32f1xx_it.o
                0x0000000008000540                TIM1_UP_IRQHandler
 .text._sbrk    0x0000000008000554       0x6c Core/Src/sysmem.o
                0x0000000008000554                _sbrk
 .text.SystemInit
                0x00000000080005c0        0xc Core/Src/system_stm32f1xx.o
                0x00000000080005c0                SystemInit
 .text.Reset_Handler
                0x00000000080005cc       0x48 Core/Startup/startup_stm32f103c8tx.o
                0x00000000080005cc                Reset_Handler
 .text.Default_Handler
                0x0000000008000614        0x2 Core/Startup/startup_stm32f103c8tx.o
                0x0000000008000614                RTC_Alarm_IRQHandler
                0x0000000008000614                EXTI2_IRQHandler
                0x0000000008000614                TIM1_CC_IRQHandler
                0x0000000008000614                PVD_IRQHandler
                0x0000000008000614                EXTI3_IRQHandler
                0x0000000008000614                EXTI0_IRQHandler
                0x0000000008000614                I2C2_EV_IRQHandler
                0x0000000008000614                ADC1_2_IRQHandler
                0x0000000008000614                SPI1_IRQHandler
                0x0000000008000614                TAMPER_IRQHandler
                0x0000000008000614                DMA1_Channel4_IRQHandler
                0x0000000008000614                USART3_IRQHandler
                0x0000000008000614                RTC_IRQHandler
                0x0000000008000614                DMA1_Channel7_IRQHandler
                0x0000000008000614                CAN1_RX1_IRQHandler
                0x0000000008000614                TIM4_IRQHandler
                0x0000000008000614                I2C1_EV_IRQHandler
                0x0000000008000614                DMA1_Channel6_IRQHandler
                0x0000000008000614                TIM3_IRQHandler
                0x0000000008000614                RCC_IRQHandler
                0x0000000008000614                TIM1_TRG_COM_IRQHandler
                0x0000000008000614                DMA1_Channel1_IRQHandler
                0x0000000008000614                Default_Handler
                0x0000000008000614                EXTI15_10_IRQHandler
                0x0000000008000614                EXTI9_5_IRQHandler
                0x0000000008000614                SPI2_IRQHandler
                0x0000000008000614                DMA1_Channel5_IRQHandler
                0x0000000008000614                EXTI4_IRQHandler
                0x0000000008000614                USB_LP_CAN1_RX0_IRQHandler
                0x0000000008000614                USB_HP_CAN1_TX_IRQHandler
                0x0000000008000614                DMA1_Channel3_IRQHandler
                0x0000000008000614                WWDG_IRQHandler
                0x0000000008000614                TIM2_IRQHandler
                0x0000000008000614                TIM1_BRK_IRQHandler
                0x0000000008000614                EXTI1_IRQHandler
                0x0000000008000614                USART2_IRQHandler
                0x0000000008000614                I2C2_ER_IRQHandler
                0x0000000008000614                DMA1_Channel2_IRQHandler
                0x0000000008000614                CAN1_SCE_IRQHandler
                0x0000000008000614                FLASH_IRQHandler
                0x0000000008000614                USART1_IRQHandler
                0x0000000008000614                I2C1_ER_IRQHandler
                0x0000000008000614                USBWakeUp_IRQHandler
 *fill*         0x0000000008000616        0x2 
 .text.HAL_Init
                0x0000000008000618       0x2c Drivers/STM32F1xx_HAL_Driver/Src/stm32f1xx_hal.o
                0x0000000008000618                HAL_Init
 .text.HAL_IncTick
                0x0000000008000644       0x24 Drivers/STM32F1xx_HAL_Driver/Src/stm32f1xx_hal.o
                0x0000000008000644                HAL_IncTick
 .text.HAL_GetTick
                0x0000000008000668       0x14 Drivers/STM32F1xx_HAL_Driver/Src/stm32f1xx_hal.o
                0x0000000008000668                HAL_GetTick
 .text.HAL_Delay
                0x000000000800067c       0x48 Drivers/STM32F1xx_HAL_Driver/Src/stm32f1xx_hal.o
                0x000000000800067c                HAL_Delay
 .text.__NVIC_SetPriorityGrouping
                0x00000000080006c4       0x48 Drivers/STM32F1xx_HAL_Driver/Src/stm32f1xx_hal_cortex.o
 .text.__NVIC_GetPriorityGrouping
                0x000000000800070c       0x1c Drivers/STM32F1xx_HAL_Driver/Src/stm32f1xx_hal_cortex.o
 .text.__NVIC_EnableIRQ
                0x0000000008000728       0x38 Drivers/STM32F1xx_HAL_Driver/Src/stm32f1xx_hal_cortex.o
 .text.__NVIC_SetPriority
                0x0000000008000760       0x54 Drivers/STM32F1xx_HAL_Driver/Src/stm32f1xx_hal_cortex.o
 .text.NVIC_EncodePriority
                0x00000000080007b4       0x64 Drivers/STM32F1xx_HAL_Driver/Src/stm32f1xx_hal_cortex.o
 .text.HAL_NVIC_SetPriorityGrouping
                0x0000000008000818       0x16 Drivers/STM32F1xx_HAL_Driver/Src/stm32f1xx_hal_cortex.o
                0x0000000008000818                HAL_NVIC_SetPriorityGrouping
 .text.HAL_NVIC_SetPriority
                0x000000000800082e       0x38 Drivers/STM32F1xx_HAL_Driver/Src/stm32f1xx_hal_cortex.o
                0x000000000800082e                HAL_NVIC_SetPriority
 .text.HAL_NVIC_EnableIRQ
                0x0000000008000866       0x1c Drivers/STM32F1xx_HAL_Driver/Src/stm32f1xx_hal_cortex.o
                0x0000000008000866                HAL_NVIC_EnableIRQ
 *fill*         0x0000000008000882        0x2 
 .text.HAL_GPIO_Init
                0x0000000008000884      0x308 Drivers/STM32F1xx_HAL_Driver/Src/stm32f1xx_hal_gpio.o
                0x0000000008000884                HAL_GPIO_Init
 .text.HAL_GPIO_WritePin
                0x0000000008000b8c       0x30 Drivers/STM32F1xx_HAL_Driver/Src/stm32f1xx_hal_gpio.o
                0x0000000008000b8c                HAL_GPIO_WritePin
 .text.HAL_RCC_OscConfig
                0x0000000008000bbc      0x500 Drivers/STM32F1xx_HAL_Driver/Src/stm32f1xx_hal_rcc.o
                0x0000000008000bbc                HAL_RCC_OscConfig
 .text.HAL_RCC_ClockConfig
                0x00000000080010bc      0x1d4 Drivers/STM32F1xx_HAL_Driver/Src/stm32f1xx_hal_rcc.o
                0x00000000080010bc                HAL_RCC_ClockConfig
 .text.HAL_RCC_GetSysClockFreq
                0x0000000008001290       0xa8 Drivers/STM32F1xx_HAL_Driver/Src/stm32f1xx_hal_rcc.o
                0x0000000008001290                HAL_RCC_GetSysClockFreq
 .text.HAL_RCC_GetHCLKFreq
                0x0000000008001338       0x14 Drivers/STM32F1xx_HAL_Driver/Src/stm32f1xx_hal_rcc.o
                0x0000000008001338                HAL_RCC_GetHCLKFreq
 .text.HAL_RCC_GetPCLK2Freq
                0x000000000800134c       0x28 Drivers/STM32F1xx_HAL_Driver/Src/stm32f1xx_hal_rcc.o
                0x000000000800134c                HAL_RCC_GetPCLK2Freq
 .text.HAL_RCC_GetClockConfig
                0x0000000008001374       0x60 Drivers/STM32F1xx_HAL_Driver/Src/stm32f1xx_hal_rcc.o
                0x0000000008001374                HAL_RCC_GetClockConfig
 .text.RCC_Delay
                0x00000000080013d4       0x3c Drivers/STM32F1xx_HAL_Driver/Src/stm32f1xx_hal_rcc.o
 .text.HAL_TIM_Base_Init
                0x0000000008001410       0x9e Drivers/STM32F1xx_HAL_Driver/Src/stm32f1xx_hal_tim.o
                0x0000000008001410                HAL_TIM_Base_Init
 .text.HAL_TIM_Base_MspInit
                0x00000000080014ae       0x12 Drivers/STM32F1xx_HAL_Driver/Src/stm32f1xx_hal_tim.o
                0x00000000080014ae                HAL_TIM_Base_MspInit
 .text.HAL_TIM_Base_Start_IT
                0x00000000080014c0       0xa4 Drivers/STM32F1xx_HAL_Driver/Src/stm32f1xx_hal_tim.o
                0x00000000080014c0                HAL_TIM_Base_Start_IT
 .text.HAL_TIM_IRQHandler
                0x0000000008001564      0x210 Drivers/STM32F1xx_HAL_Driver/Src/stm32f1xx_hal_tim.o
                0x0000000008001564                HAL_TIM_IRQHandler
 .text.HAL_TIM_OC_DelayElapsedCallback
                0x0000000008001774       0x12 Drivers/STM32F1xx_HAL_Driver/Src/stm32f1xx_hal_tim.o
                0x0000000008001774                HAL_TIM_OC_DelayElapsedCallback
 .text.HAL_TIM_IC_CaptureCallback
                0x0000000008001786       0x12 Drivers/STM32F1xx_HAL_Driver/Src/stm32f1xx_hal_tim.o
                0x0000000008001786                HAL_TIM_IC_CaptureCallback
 .text.HAL_TIM_PWM_PulseFinishedCallback
                0x0000000008001798       0x12 Drivers/STM32F1xx_HAL_Driver/Src/stm32f1xx_hal_tim.o
                0x0000000008001798                HAL_TIM_PWM_PulseFinishedCallback
 .text.HAL_TIM_TriggerCallback
                0x00000000080017aa       0x12 Drivers/STM32F1xx_HAL_Driver/Src/stm32f1xx_hal_tim.o
                0x00000000080017aa                HAL_TIM_TriggerCallback
 .text.TIM_Base_SetConfig
                0x00000000080017bc       0xc4 Drivers/STM32F1xx_HAL_Driver/Src/stm32f1xx_hal_tim.o
                0x00000000080017bc                TIM_Base_SetConfig
 .text.HAL_TIMEx_CommutCallback
                0x0000000008001880       0x12 Drivers/STM32F1xx_HAL_Driver/Src/stm32f1xx_hal_tim_ex.o
                0x0000000008001880                HAL_TIMEx_CommutCallback
 .text.HAL_TIMEx_BreakCallback
                0x0000000008001892       0x12 Drivers/STM32F1xx_HAL_Driver/Src/stm32f1xx_hal_tim_ex.o
                0x0000000008001892                HAL_TIMEx_BreakCallback
 .text.xTaskCreate
                0x00000000080018a4       0x8a D:\Documentos\STM32-WorkSpace\Mis_Ejers\WS_STM32\freertos\Debug\libfreertos.a(tasks.o)
                0x00000000080018a4                xTaskCreate
 .text.prvInitialiseNewTask
                0x000000000800192e      0x11c D:\Documentos\STM32-WorkSpace\Mis_Ejers\WS_STM32\freertos\Debug\libfreertos.a(tasks.o)
 *fill*         0x0000000008001a4a        0x2 
 .text.prvAddNewTaskToReadyList
                0x0000000008001a4c      0x130 D:\Documentos\STM32-WorkSpace\Mis_Ejers\WS_STM32\freertos\Debug\libfreertos.a(tasks.o)
 .text.vTaskPrioritySet
                0x0000000008001b7c      0x18c D:\Documentos\STM32-WorkSpace\Mis_Ejers\WS_STM32\freertos\Debug\libfreertos.a(tasks.o)
                0x0000000008001b7c                vTaskPrioritySet
 .text.vTaskStartScheduler
                0x0000000008001d08       0xa4 D:\Documentos\STM32-WorkSpace\Mis_Ejers\WS_STM32\freertos\Debug\libfreertos.a(tasks.o)
                0x0000000008001d08                vTaskStartScheduler
 .text.vTaskSuspendAll
                0x0000000008001dac       0x1c D:\Documentos\STM32-WorkSpace\Mis_Ejers\WS_STM32\freertos\Debug\libfreertos.a(tasks.o)
                0x0000000008001dac                vTaskSuspendAll
 .text.prvGetExpectedIdleTime
                0x0000000008001dc8       0x6c D:\Documentos\STM32-WorkSpace\Mis_Ejers\WS_STM32\freertos\Debug\libfreertos.a(tasks.o)
 .text.xTaskResumeAll
                0x0000000008001e34      0x1f8 D:\Documentos\STM32-WorkSpace\Mis_Ejers\WS_STM32\freertos\Debug\libfreertos.a(tasks.o)
                0x0000000008001e34                xTaskResumeAll
 .text.xTaskGetTickCount
                0x000000000800202c       0x1c D:\Documentos\STM32-WorkSpace\Mis_Ejers\WS_STM32\freertos\Debug\libfreertos.a(tasks.o)
                0x000000000800202c                xTaskGetTickCount
 .text.vTaskStepTick
                0x0000000008002048       0xb4 D:\Documentos\STM32-WorkSpace\Mis_Ejers\WS_STM32\freertos\Debug\libfreertos.a(tasks.o)
                0x0000000008002048                vTaskStepTick
 .text.xTaskIncrementTick
                0x00000000080020fc      0x230 D:\Documentos\STM32-WorkSpace\Mis_Ejers\WS_STM32\freertos\Debug\libfreertos.a(tasks.o)
                0x00000000080020fc                xTaskIncrementTick
 .text.vTaskSwitchContext
                0x000000000800232c       0xb8 D:\Documentos\STM32-WorkSpace\Mis_Ejers\WS_STM32\freertos\Debug\libfreertos.a(tasks.o)
                0x000000000800232c                vTaskSwitchContext
 .text.vTaskPlaceOnEventList
                0x00000000080023e4       0x48 D:\Documentos\STM32-WorkSpace\Mis_Ejers\WS_STM32\freertos\Debug\libfreertos.a(tasks.o)
                0x00000000080023e4                vTaskPlaceOnEventList
 .text.vTaskPlaceOnEventListRestricted
                0x000000000800242c       0x8c D:\Documentos\STM32-WorkSpace\Mis_Ejers\WS_STM32\freertos\Debug\libfreertos.a(tasks.o)
                0x000000000800242c                vTaskPlaceOnEventListRestricted
 .text.xTaskRemoveFromEventList
                0x00000000080024b8      0x1b0 D:\Documentos\STM32-WorkSpace\Mis_Ejers\WS_STM32\freertos\Debug\libfreertos.a(tasks.o)
                0x00000000080024b8                xTaskRemoveFromEventList
 .text.vTaskInternalSetTimeOutState
                0x0000000008002668       0x2c D:\Documentos\STM32-WorkSpace\Mis_Ejers\WS_STM32\freertos\Debug\libfreertos.a(tasks.o)
                0x0000000008002668                vTaskInternalSetTimeOutState
 .text.xTaskCheckForTimeOut
                0x0000000008002694       0xcc D:\Documentos\STM32-WorkSpace\Mis_Ejers\WS_STM32\freertos\Debug\libfreertos.a(tasks.o)
                0x0000000008002694                xTaskCheckForTimeOut
 .text.vTaskMissedYield
                0x0000000008002760       0x18 D:\Documentos\STM32-WorkSpace\Mis_Ejers\WS_STM32\freertos\Debug\libfreertos.a(tasks.o)
                0x0000000008002760                vTaskMissedYield
 .text.prvIdleTask
                0x0000000008002778       0x80 D:\Documentos\STM32-WorkSpace\Mis_Ejers\WS_STM32\freertos\Debug\libfreertos.a(tasks.o)
 .text.eTaskConfirmSleepModeStatus
                0x00000000080027f8       0x6c D:\Documentos\STM32-WorkSpace\Mis_Ejers\WS_STM32\freertos\Debug\libfreertos.a(tasks.o)
                0x00000000080027f8                eTaskConfirmSleepModeStatus
 .text.prvInitialiseTaskLists
                0x0000000008002864       0x80 D:\Documentos\STM32-WorkSpace\Mis_Ejers\WS_STM32\freertos\Debug\libfreertos.a(tasks.o)
 .text.prvCheckTasksWaitingTermination
                0x00000000080028e4       0x5c D:\Documentos\STM32-WorkSpace\Mis_Ejers\WS_STM32\freertos\Debug\libfreertos.a(tasks.o)
 .text.prvDeleteTCB
                0x0000000008002940       0x20 D:\Documentos\STM32-WorkSpace\Mis_Ejers\WS_STM32\freertos\Debug\libfreertos.a(tasks.o)
 .text.prvResetNextTaskUnblockTime
                0x0000000008002960       0x34 D:\Documentos\STM32-WorkSpace\Mis_Ejers\WS_STM32\freertos\Debug\libfreertos.a(tasks.o)
 .text.xTaskGetSchedulerState
                0x0000000008002994       0x3c D:\Documentos\STM32-WorkSpace\Mis_Ejers\WS_STM32\freertos\Debug\libfreertos.a(tasks.o)
                0x0000000008002994                xTaskGetSchedulerState
 .text.prvAddCurrentTaskToDelayedList
                0x00000000080029d0       0xdc D:\Documentos\STM32-WorkSpace\Mis_Ejers\WS_STM32\freertos\Debug\libfreertos.a(tasks.o)
 .text.xTimerCreateTimerTask
                0x0000000008002aac       0x64 D:\Documentos\STM32-WorkSpace\Mis_Ejers\WS_STM32\freertos\Debug\libfreertos.a(timers.o)
                0x0000000008002aac                xTimerCreateTimerTask
 .text.prvReloadTimer
                0x0000000008002b10       0x42 D:\Documentos\STM32-WorkSpace\Mis_Ejers\WS_STM32\freertos\Debug\libfreertos.a(timers.o)
 *fill*         0x0000000008002b52        0x2 
 .text.prvProcessExpiredTimer
                0x0000000008002b54       0x60 D:\Documentos\STM32-WorkSpace\Mis_Ejers\WS_STM32\freertos\Debug\libfreertos.a(timers.o)
 .text.prvTimerTask
                0x0000000008002bb4       0x24 D:\Documentos\STM32-WorkSpace\Mis_Ejers\WS_STM32\freertos\Debug\libfreertos.a(timers.o)
 .text.prvProcessTimerOrBlockTask
                0x0000000008002bd8       0x9c D:\Documentos\STM32-WorkSpace\Mis_Ejers\WS_STM32\freertos\Debug\libfreertos.a(timers.o)
 .text.prvGetNextExpireTime
                0x0000000008002c74       0x44 D:\Documentos\STM32-WorkSpace\Mis_Ejers\WS_STM32\freertos\Debug\libfreertos.a(timers.o)
 .text.prvSampleTimeNow
                0x0000000008002cb8       0x40 D:\Documentos\STM32-WorkSpace\Mis_Ejers\WS_STM32\freertos\Debug\libfreertos.a(timers.o)
 .text.prvInsertTimerInActiveList
                0x0000000008002cf8       0x84 D:\Documentos\STM32-WorkSpace\Mis_Ejers\WS_STM32\freertos\Debug\libfreertos.a(timers.o)
 .text.prvProcessReceivedCommands
                0x0000000008002d7c      0x17c D:\Documentos\STM32-WorkSpace\Mis_Ejers\WS_STM32\freertos\Debug\libfreertos.a(timers.o)
 .text.prvSwitchTimerLists
                0x0000000008002ef8       0x4c D:\Documentos\STM32-WorkSpace\Mis_Ejers\WS_STM32\freertos\Debug\libfreertos.a(timers.o)
 .text.prvCheckForValidListAndQueue
                0x0000000008002f44       0x6c D:\Documentos\STM32-WorkSpace\Mis_Ejers\WS_STM32\freertos\Debug\libfreertos.a(timers.o)
 .text.pvPortMalloc
                0x0000000008002fb0       0x24 D:\Documentos\STM32-WorkSpace\Mis_Ejers\WS_STM32\freertos\Debug\libfreertos.a(heap_3.o)
                0x0000000008002fb0                pvPortMalloc
 .text.vPortFree
                0x0000000008002fd4       0x24 D:\Documentos\STM32-WorkSpace\Mis_Ejers\WS_STM32\freertos\Debug\libfreertos.a(heap_3.o)
                0x0000000008002fd4                vPortFree
 .text.vListInitialise
                0x0000000008002ff8       0x3e D:\Documentos\STM32-WorkSpace\Mis_Ejers\WS_STM32\freertos\Debug\libfreertos.a(list.o)
                0x0000000008002ff8                vListInitialise
 .text.vListInitialiseItem
                0x0000000008003036       0x18 D:\Documentos\STM32-WorkSpace\Mis_Ejers\WS_STM32\freertos\Debug\libfreertos.a(list.o)
                0x0000000008003036                vListInitialiseItem
 .text.vListInsert
                0x000000000800304e       0x70 D:\Documentos\STM32-WorkSpace\Mis_Ejers\WS_STM32\freertos\Debug\libfreertos.a(list.o)
                0x000000000800304e                vListInsert
 .text.uxListRemove
                0x00000000080030be       0x52 D:\Documentos\STM32-WorkSpace\Mis_Ejers\WS_STM32\freertos\Debug\libfreertos.a(list.o)
                0x00000000080030be                uxListRemove
 .text.pxPortInitialiseStack
                0x0000000008003110       0x58 D:\Documentos\STM32-WorkSpace\Mis_Ejers\WS_STM32\freertos\Debug\libfreertos.a(port.o)
                0x0000000008003110                pxPortInitialiseStack
 .text.prvTaskExitError
                0x0000000008003168       0x58 D:\Documentos\STM32-WorkSpace\Mis_Ejers\WS_STM32\freertos\Debug\libfreertos.a(port.o)
 .text.SVC_Handler
                0x00000000080031c0       0x28 D:\Documentos\STM32-WorkSpace\Mis_Ejers\WS_STM32\freertos\Debug\libfreertos.a(port.o)
                0x00000000080031c0                SVC_Handler
 .text.prvPortStartFirstTask
                0x00000000080031e8       0x24 D:\Documentos\STM32-WorkSpace\Mis_Ejers\WS_STM32\freertos\Debug\libfreertos.a(port.o)
 .text.xPortStartScheduler
                0x000000000800320c       0xe4 D:\Documentos\STM32-WorkSpace\Mis_Ejers\WS_STM32\freertos\Debug\libfreertos.a(port.o)
                0x000000000800320c                xPortStartScheduler
 .text.vPortEnterCritical
                0x00000000080032f0       0x60 D:\Documentos\STM32-WorkSpace\Mis_Ejers\WS_STM32\freertos\Debug\libfreertos.a(port.o)
                0x00000000080032f0                vPortEnterCritical
 .text.vPortExitCritical
                0x0000000008003350       0x50 D:\Documentos\STM32-WorkSpace\Mis_Ejers\WS_STM32\freertos\Debug\libfreertos.a(port.o)
                0x0000000008003350                vPortExitCritical
 .text.PendSV_Handler
                0x00000000080033a0       0x48 D:\Documentos\STM32-WorkSpace\Mis_Ejers\WS_STM32\freertos\Debug\libfreertos.a(port.o)
                0x00000000080033a0                PendSV_Handler
 .text.SysTick_Handler
                0x00000000080033e8       0x44 D:\Documentos\STM32-WorkSpace\Mis_Ejers\WS_STM32\freertos\Debug\libfreertos.a(port.o)
                0x00000000080033e8                SysTick_Handler
 .text.vPortSuppressTicksAndSleep
                0x000000000800342c      0x194 D:\Documentos\STM32-WorkSpace\Mis_Ejers\WS_STM32\freertos\Debug\libfreertos.a(port.o)
                0x000000000800342c                vPortSuppressTicksAndSleep
 .text.vPortSetupTimerInterrupt
                0x00000000080035c0       0x78 D:\Documentos\STM32-WorkSpace\Mis_Ejers\WS_STM32\freertos\Debug\libfreertos.a(port.o)
                0x00000000080035c0                vPortSetupTimerInterrupt
 .text.xQueueGenericReset
                0x0000000008003638      0x120 D:\Documentos\STM32-WorkSpace\Mis_Ejers\WS_STM32\freertos\Debug\libfreertos.a(queue.o)
                0x0000000008003638                xQueueGenericReset
 .text.xQueueGenericCreate
                0x0000000008003758       0x9c D:\Documentos\STM32-WorkSpace\Mis_Ejers\WS_STM32\freertos\Debug\libfreertos.a(queue.o)
                0x0000000008003758                xQueueGenericCreate
 .text.prvInitialiseNewQueue
                0x00000000080037f4       0x46 D:\Documentos\STM32-WorkSpace\Mis_Ejers\WS_STM32\freertos\Debug\libfreertos.a(queue.o)
 *fill*         0x000000000800383a        0x2 
 .text.xQueueReceive
                0x000000000800383c      0x1c0 D:\Documentos\STM32-WorkSpace\Mis_Ejers\WS_STM32\freertos\Debug\libfreertos.a(queue.o)
                0x000000000800383c                xQueueReceive
 .text.prvCopyDataFromQueue
                0x00000000080039fc       0x4c D:\Documentos\STM32-WorkSpace\Mis_Ejers\WS_STM32\freertos\Debug\libfreertos.a(queue.o)
 .text.prvUnlockQueue
                0x0000000008003a48       0xa4 D:\Documentos\STM32-WorkSpace\Mis_Ejers\WS_STM32\freertos\Debug\libfreertos.a(queue.o)
 .text.prvIsQueueEmpty
                0x0000000008003aec       0x2c D:\Documentos\STM32-WorkSpace\Mis_Ejers\WS_STM32\freertos\Debug\libfreertos.a(queue.o)
 .text.vQueueAddToRegistry
                0x0000000008003b18       0x9c D:\Documentos\STM32-WorkSpace\Mis_Ejers\WS_STM32\freertos\Debug\libfreertos.a(queue.o)
                0x0000000008003b18                vQueueAddToRegistry
 .text.vQueueWaitForMessageRestricted
                0x0000000008003bb4       0x68 D:\Documentos\STM32-WorkSpace\Mis_Ejers\WS_STM32\freertos\Debug\libfreertos.a(queue.o)
                0x0000000008003bb4                vQueueWaitForMessageRestricted
 .text.__errno  0x0000000008003c1c        0xc c:/st/stm32cubeide_1.6.1/stm32cubeide/plugins/com.st.stm32cube.ide.mcu.externaltools.gnu-tools-for-stm32.9-2020-q2-update.win32_1.5.0.202011040924/tools/bin/../lib/gcc/arm-none-eabi/9.3.1/../../../../arm-none-eabi/lib/thumb/v7-m/nofp\libc_nano.a(lib_a-errno.o)
                0x0000000008003c1c                __errno
 .text.__libc_init_array
                0x0000000008003c28       0x48 c:/st/stm32cubeide_1.6.1/stm32cubeide/plugins/com.st.stm32cube.ide.mcu.externaltools.gnu-tools-for-stm32.9-2020-q2-update.win32_1.5.0.202011040924/tools/bin/../lib/gcc/arm-none-eabi/9.3.1/../../../../arm-none-eabi/lib/thumb/v7-m/nofp\libc_nano.a(lib_a-init.o)
                0x0000000008003c28                __libc_init_array
 .text.malloc   0x0000000008003c70       0x10 c:/st/stm32cubeide_1.6.1/stm32cubeide/plugins/com.st.stm32cube.ide.mcu.externaltools.gnu-tools-for-stm32.9-2020-q2-update.win32_1.5.0.202011040924/tools/bin/../lib/gcc/arm-none-eabi/9.3.1/../../../../arm-none-eabi/lib/thumb/v7-m/nofp\libc_nano.a(lib_a-malloc.o)
                0x0000000008003c70                malloc
 .text.free     0x0000000008003c80       0x10 c:/st/stm32cubeide_1.6.1/stm32cubeide/plugins/com.st.stm32cube.ide.mcu.externaltools.gnu-tools-for-stm32.9-2020-q2-update.win32_1.5.0.202011040924/tools/bin/../lib/gcc/arm-none-eabi/9.3.1/../../../../arm-none-eabi/lib/thumb/v7-m/nofp\libc_nano.a(lib_a-malloc.o)
                0x0000000008003c80                free
 .text.memcpy   0x0000000008003c90       0x1c c:/st/stm32cubeide_1.6.1/stm32cubeide/plugins/com.st.stm32cube.ide.mcu.externaltools.gnu-tools-for-stm32.9-2020-q2-update.win32_1.5.0.202011040924/tools/bin/../lib/gcc/arm-none-eabi/9.3.1/../../../../arm-none-eabi/lib/thumb/v7-m/nofp\libc_nano.a(lib_a-memcpy-stub.o)
                0x0000000008003c90                memcpy
 .text.memset   0x0000000008003cac       0x10 c:/st/stm32cubeide_1.6.1/stm32cubeide/plugins/com.st.stm32cube.ide.mcu.externaltools.gnu-tools-for-stm32.9-2020-q2-update.win32_1.5.0.202011040924/tools/bin/../lib/gcc/arm-none-eabi/9.3.1/../../../../arm-none-eabi/lib/thumb/v7-m/nofp\libc_nano.a(lib_a-memset.o)
                0x0000000008003cac                memset
 .text._free_r  0x0000000008003cbc       0x98 c:/st/stm32cubeide_1.6.1/stm32cubeide/plugins/com.st.stm32cube.ide.mcu.externaltools.gnu-tools-for-stm32.9-2020-q2-update.win32_1.5.0.202011040924/tools/bin/../lib/gcc/arm-none-eabi/9.3.1/../../../../arm-none-eabi/lib/thumb/v7-m/nofp\libc_nano.a(lib_a-nano-freer.o)
                0x0000000008003cbc                _free_r
 .text._malloc_r
                0x0000000008003d54       0xb4 c:/st/stm32cubeide_1.6.1/stm32cubeide/plugins/com.st.stm32cube.ide.mcu.externaltools.gnu-tools-for-stm32.9-2020-q2-update.win32_1.5.0.202011040924/tools/bin/../lib/gcc/arm-none-eabi/9.3.1/../../../../arm-none-eabi/lib/thumb/v7-m/nofp\libc_nano.a(lib_a-nano-mallocr.o)
                0x0000000008003d54                _malloc_r
 .text._sbrk_r  0x0000000008003e08       0x20 c:/st/stm32cubeide_1.6.1/stm32cubeide/plugins/com.st.stm32cube.ide.mcu.externaltools.gnu-tools-for-stm32.9-2020-q2-update.win32_1.5.0.202011040924/tools/bin/../lib/gcc/arm-none-eabi/9.3.1/../../../../arm-none-eabi/lib/thumb/v7-m/nofp\libc_nano.a(lib_a-sbrkr.o)
                0x0000000008003e08                _sbrk_r
 .text.__malloc_lock
                0x0000000008003e28        0xc c:/st/stm32cubeide_1.6.1/stm32cubeide/plugins/com.st.stm32cube.ide.mcu.externaltools.gnu-tools-for-stm32.9-2020-q2-update.win32_1.5.0.202011040924/tools/bin/../lib/gcc/arm-none-eabi/9.3.1/../../../../arm-none-eabi/lib/thumb/v7-m/nofp\libc_nano.a(lib_a-mlock.o)
                0x0000000008003e28                __malloc_lock
 .text.__malloc_unlock
                0x0000000008003e34        0xc c:/st/stm32cubeide_1.6.1/stm32cubeide/plugins/com.st.stm32cube.ide.mcu.externaltools.gnu-tools-for-stm32.9-2020-q2-update.win32_1.5.0.202011040924/tools/bin/../lib/gcc/arm-none-eabi/9.3.1/../../../../arm-none-eabi/lib/thumb/v7-m/nofp\libc_nano.a(lib_a-mlock.o)
                0x0000000008003e34                __malloc_unlock
 .text.__retarget_lock_acquire_recursive
                0x0000000008003e40        0x2 c:/st/stm32cubeide_1.6.1/stm32cubeide/plugins/com.st.stm32cube.ide.mcu.externaltools.gnu-tools-for-stm32.9-2020-q2-update.win32_1.5.0.202011040924/tools/bin/../lib/gcc/arm-none-eabi/9.3.1/../../../../arm-none-eabi/lib/thumb/v7-m/nofp\libc_nano.a(lib_a-lock.o)
                0x0000000008003e40                __retarget_lock_acquire_recursive
 .text.__retarget_lock_release_recursive
                0x0000000008003e42        0x2 c:/st/stm32cubeide_1.6.1/stm32cubeide/plugins/com.st.stm32cube.ide.mcu.externaltools.gnu-tools-for-stm32.9-2020-q2-update.win32_1.5.0.202011040924/tools/bin/../lib/gcc/arm-none-eabi/9.3.1/../../../../arm-none-eabi/lib/thumb/v7-m/nofp\libc_nano.a(lib_a-lock.o)
                0x0000000008003e42                __retarget_lock_release_recursive
 *(.glue_7)
 .glue_7        0x0000000008003e44        0x0 linker stubs
 *(.glue_7t)
 .glue_7t       0x0000000008003e44        0x0 linker stubs
 *(.eh_frame)
 .eh_frame      0x0000000008003e44        0x0 c:/st/stm32cubeide_1.6.1/stm32cubeide/plugins/com.st.stm32cube.ide.mcu.externaltools.gnu-tools-for-stm32.9-2020-q2-update.win32_1.5.0.202011040924/tools/bin/../lib/gcc/arm-none-eabi/9.3.1/thumb/v7-m/nofp/crtbegin.o
 *(.init)
 .init          0x0000000008003e44        0x4 c:/st/stm32cubeide_1.6.1/stm32cubeide/plugins/com.st.stm32cube.ide.mcu.externaltools.gnu-tools-for-stm32.9-2020-q2-update.win32_1.5.0.202011040924/tools/bin/../lib/gcc/arm-none-eabi/9.3.1/thumb/v7-m/nofp/crti.o
                0x0000000008003e44                _init
 .init          0x0000000008003e48        0x8 c:/st/stm32cubeide_1.6.1/stm32cubeide/plugins/com.st.stm32cube.ide.mcu.externaltools.gnu-tools-for-stm32.9-2020-q2-update.win32_1.5.0.202011040924/tools/bin/../lib/gcc/arm-none-eabi/9.3.1/thumb/v7-m/nofp/crtn.o
 *(.fini)
 .fini          0x0000000008003e50        0x4 c:/st/stm32cubeide_1.6.1/stm32cubeide/plugins/com.st.stm32cube.ide.mcu.externaltools.gnu-tools-for-stm32.9-2020-q2-update.win32_1.5.0.202011040924/tools/bin/../lib/gcc/arm-none-eabi/9.3.1/thumb/v7-m/nofp/crti.o
                0x0000000008003e50                _fini
 .fini          0x0000000008003e54        0x8 c:/st/stm32cubeide_1.6.1/stm32cubeide/plugins/com.st.stm32cube.ide.mcu.externaltools.gnu-tools-for-stm32.9-2020-q2-update.win32_1.5.0.202011040924/tools/bin/../lib/gcc/arm-none-eabi/9.3.1/thumb/v7-m/nofp/crtn.o
                0x0000000008003e5c                . = ALIGN (0x4)
                0x0000000008003e5c                _etext = .

.vfp11_veneer   0x0000000008003e5c        0x0
 .vfp11_veneer  0x0000000008003e5c        0x0 linker stubs

.v4_bx          0x0000000008003e5c        0x0
 .v4_bx         0x0000000008003e5c        0x0 linker stubs

.iplt           0x0000000008003e5c        0x0
 .iplt          0x0000000008003e5c        0x0 c:/st/stm32cubeide_1.6.1/stm32cubeide/plugins/com.st.stm32cube.ide.mcu.externaltools.gnu-tools-for-stm32.9-2020-q2-update.win32_1.5.0.202011040924/tools/bin/../lib/gcc/arm-none-eabi/9.3.1/thumb/v7-m/nofp/crtbegin.o

.rodata         0x0000000008003e5c       0x5c
                0x0000000008003e5c                . = ALIGN (0x4)
 *(.rodata)
 .rodata        0x0000000008003e5c       0x18 Core/Src/main.o
 .rodata        0x0000000008003e74        0x5 D:\Documentos\STM32-WorkSpace\Mis_Ejers\WS_STM32\freertos\Debug\libfreertos.a(tasks.o)
 *fill*         0x0000000008003e79        0x3 
 .rodata        0x0000000008003e7c        0xd D:\Documentos\STM32-WorkSpace\Mis_Ejers\WS_STM32\freertos\Debug\libfreertos.a(timers.o)
 *(.rodata*)
 *fill*         0x0000000008003e89        0x3 
 .rodata.AHBPrescTable
                0x0000000008003e8c       0x10 Core/Src/system_stm32f1xx.o
                0x0000000008003e8c                AHBPrescTable
 .rodata.APBPrescTable
                0x0000000008003e9c        0x8 Core/Src/system_stm32f1xx.o
                0x0000000008003e9c                APBPrescTable
 .rodata.aPLLMULFactorTable.6037
                0x0000000008003ea4       0x10 Drivers/STM32F1xx_HAL_Driver/Src/stm32f1xx_hal_rcc.o
 .rodata.aPredivFactorTable.6038
                0x0000000008003eb4        0x2 Drivers/STM32F1xx_HAL_Driver/Src/stm32f1xx_hal_rcc.o
                0x0000000008003eb8                . = ALIGN (0x4)
 *fill*         0x0000000008003eb6        0x2 

.rel.dyn        0x0000000008003eb8        0x0
 .rel.iplt      0x0000000008003eb8        0x0 c:/st/stm32cubeide_1.6.1/stm32cubeide/plugins/com.st.stm32cube.ide.mcu.externaltools.gnu-tools-for-stm32.9-2020-q2-update.win32_1.5.0.202011040924/tools/bin/../lib/gcc/arm-none-eabi/9.3.1/thumb/v7-m/nofp/crtbegin.o

.ARM.extab      0x0000000008003eb8        0x0
                0x0000000008003eb8                . = ALIGN (0x4)
 *(.ARM.extab* .gnu.linkonce.armextab.*)
                0x0000000008003eb8                . = ALIGN (0x4)

.ARM            0x0000000008003eb8        0x0
                0x0000000008003eb8                . = ALIGN (0x4)
                0x0000000008003eb8                __exidx_start = .
 *(.ARM.exidx*)
                0x0000000008003eb8                __exidx_end = .
                0x0000000008003eb8                . = ALIGN (0x4)

.preinit_array  0x0000000008003eb8        0x0
                0x0000000008003eb8                . = ALIGN (0x4)
                0x0000000008003eb8                PROVIDE (__preinit_array_start = .)
 *(.preinit_array*)
                0x0000000008003eb8                PROVIDE (__preinit_array_end = .)
                0x0000000008003eb8                . = ALIGN (0x4)

.init_array     0x0000000008003eb8        0x4
                0x0000000008003eb8                . = ALIGN (0x4)
                0x0000000008003eb8                PROVIDE (__init_array_start = .)
 *(SORT_BY_NAME(.init_array.*))
 *(.init_array*)
 .init_array    0x0000000008003eb8        0x4 c:/st/stm32cubeide_1.6.1/stm32cubeide/plugins/com.st.stm32cube.ide.mcu.externaltools.gnu-tools-for-stm32.9-2020-q2-update.win32_1.5.0.202011040924/tools/bin/../lib/gcc/arm-none-eabi/9.3.1/thumb/v7-m/nofp/crtbegin.o
                0x0000000008003ebc                PROVIDE (__init_array_end = .)
                0x0000000008003ebc                . = ALIGN (0x4)

.fini_array     0x0000000008003ebc        0x4
                0x0000000008003ebc                . = ALIGN (0x4)
                [!provide]                        PROVIDE (__fini_array_start = .)
 *(SORT_BY_NAME(.fini_array.*))
 *(.fini_array*)
 .fini_array    0x0000000008003ebc        0x4 c:/st/stm32cubeide_1.6.1/stm32cubeide/plugins/com.st.stm32cube.ide.mcu.externaltools.gnu-tools-for-stm32.9-2020-q2-update.win32_1.5.0.202011040924/tools/bin/../lib/gcc/arm-none-eabi/9.3.1/thumb/v7-m/nofp/crtbegin.o
                [!provide]                        PROVIDE (__fini_array_end = .)
                0x0000000008003ec0                . = ALIGN (0x4)
                0x0000000008003ec0                _sidata = LOADADDR (.data)

.data           0x0000000020000000       0x78 load address 0x0000000008003ec0
                0x0000000020000000                . = ALIGN (0x4)
                0x0000000020000000                _sdata = .
 *(.data)
 *(.data*)
 .data.SystemCoreClock
                0x0000000020000000        0x4 Core/Src/system_stm32f1xx.o
                0x0000000020000000                SystemCoreClock
 .data.uwTickPrio
                0x0000000020000004        0x4 Drivers/STM32F1xx_HAL_Driver/Src/stm32f1xx_hal.o
                0x0000000020000004                uwTickPrio
 .data.uwTickFreq
                0x0000000020000008        0x1 Drivers/STM32F1xx_HAL_Driver/Src/stm32f1xx_hal.o
                0x0000000020000008                uwTickFreq
 *fill*         0x0000000020000009        0x3 
 .data.uxTopUsedPriority
                0x000000002000000c        0x4 D:\Documentos\STM32-WorkSpace\Mis_Ejers\WS_STM32\freertos\Debug\libfreertos.a(tasks.o)
                0x000000002000000c                uxTopUsedPriority
 .data.uxCriticalNesting
                0x0000000020000010        0x4 D:\Documentos\STM32-WorkSpace\Mis_Ejers\WS_STM32\freertos\Debug\libfreertos.a(port.o)
 .data._impure_ptr
                0x0000000020000014        0x4 c:/st/stm32cubeide_1.6.1/stm32cubeide/plugins/com.st.stm32cube.ide.mcu.externaltools.gnu-tools-for-stm32.9-2020-q2-update.win32_1.5.0.202011040924/tools/bin/../lib/gcc/arm-none-eabi/9.3.1/../../../../arm-none-eabi/lib/thumb/v7-m/nofp\libc_nano.a(lib_a-impure.o)
                0x0000000020000014                _impure_ptr
 .data.impure_data
                0x0000000020000018       0x60 c:/st/stm32cubeide_1.6.1/stm32cubeide/plugins/com.st.stm32cube.ide.mcu.externaltools.gnu-tools-for-stm32.9-2020-q2-update.win32_1.5.0.202011040924/tools/bin/../lib/gcc/arm-none-eabi/9.3.1/../../../../arm-none-eabi/lib/thumb/v7-m/nofp\libc_nano.a(lib_a-impure.o)
 *(.RamFunc)
 *(.RamFunc*)
                0x0000000020000078                . = ALIGN (0x4)
                0x0000000020000078                _edata = .

.igot.plt       0x0000000020000078        0x0 load address 0x0000000008003f38
 .igot.plt      0x0000000020000078        0x0 c:/st/stm32cubeide_1.6.1/stm32cubeide/plugins/com.st.stm32cube.ide.mcu.externaltools.gnu-tools-for-stm32.9-2020-q2-update.win32_1.5.0.202011040924/tools/bin/../lib/gcc/arm-none-eabi/9.3.1/thumb/v7-m/nofp/crtbegin.o
                0x0000000020000078                . = ALIGN (0x4)

.bss            0x0000000020000078      0x224 load address 0x0000000008003f38
                0x0000000020000078                _sbss = .
                0x0000000020000078                __bss_start__ = _sbss
 *(.bss)
 .bss           0x0000000020000078       0x1c c:/st/stm32cubeide_1.6.1/stm32cubeide/plugins/com.st.stm32cube.ide.mcu.externaltools.gnu-tools-for-stm32.9-2020-q2-update.win32_1.5.0.202011040924/tools/bin/../lib/gcc/arm-none-eabi/9.3.1/thumb/v7-m/nofp/crtbegin.o
 *(.bss*)
 .bss.xTarea_Config_Handle
                0x0000000020000094        0x4 Core/Src/main.o
                0x0000000020000094                xTarea_Config_Handle
 .bss.xTarea_ADC_Handle
                0x0000000020000098        0x4 Core/Src/main.o
                0x0000000020000098                xTarea_ADC_Handle
 .bss.tarea     0x000000002000009c        0x4 Core/Src/main.o
                0x000000002000009c                tarea
 .bss.__sbrk_heap_end
                0x00000000200000a0        0x4 Core/Src/sysmem.o
 .bss.pxCurrentTCB
                0x00000000200000a4        0x4 D:\Documentos\STM32-WorkSpace\Mis_Ejers\WS_STM32\freertos\Debug\libfreertos.a(tasks.o)
                0x00000000200000a4                pxCurrentTCB
 .bss.pxReadyTasksLists
                0x00000000200000a8       0x64 D:\Documentos\STM32-WorkSpace\Mis_Ejers\WS_STM32\freertos\Debug\libfreertos.a(tasks.o)
 .bss.xDelayedTaskList1
                0x000000002000010c       0x14 D:\Documentos\STM32-WorkSpace\Mis_Ejers\WS_STM32\freertos\Debug\libfreertos.a(tasks.o)
 .bss.xDelayedTaskList2
                0x0000000020000120       0x14 D:\Documentos\STM32-WorkSpace\Mis_Ejers\WS_STM32\freertos\Debug\libfreertos.a(tasks.o)
 .bss.pxDelayedTaskList
                0x0000000020000134        0x4 D:\Documentos\STM32-WorkSpace\Mis_Ejers\WS_STM32\freertos\Debug\libfreertos.a(tasks.o)
 .bss.pxOverflowDelayedTaskList
                0x0000000020000138        0x4 D:\Documentos\STM32-WorkSpace\Mis_Ejers\WS_STM32\freertos\Debug\libfreertos.a(tasks.o)
 .bss.xPendingReadyList
                0x000000002000013c       0x14 D:\Documentos\STM32-WorkSpace\Mis_Ejers\WS_STM32\freertos\Debug\libfreertos.a(tasks.o)
 .bss.xTasksWaitingTermination
                0x0000000020000150       0x14 D:\Documentos\STM32-WorkSpace\Mis_Ejers\WS_STM32\freertos\Debug\libfreertos.a(tasks.o)
 .bss.uxDeletedTasksWaitingCleanUp
                0x0000000020000164        0x4 D:\Documentos\STM32-WorkSpace\Mis_Ejers\WS_STM32\freertos\Debug\libfreertos.a(tasks.o)
 .bss.xSuspendedTaskList
                0x0000000020000168       0x14 D:\Documentos\STM32-WorkSpace\Mis_Ejers\WS_STM32\freertos\Debug\libfreertos.a(tasks.o)
 .bss.uxCurrentNumberOfTasks
                0x000000002000017c        0x4 D:\Documentos\STM32-WorkSpace\Mis_Ejers\WS_STM32\freertos\Debug\libfreertos.a(tasks.o)
 .bss.xTickCount
                0x0000000020000180        0x4 D:\Documentos\STM32-WorkSpace\Mis_Ejers\WS_STM32\freertos\Debug\libfreertos.a(tasks.o)
 .bss.uxTopReadyPriority
                0x0000000020000184        0x4 D:\Documentos\STM32-WorkSpace\Mis_Ejers\WS_STM32\freertos\Debug\libfreertos.a(tasks.o)
 .bss.xSchedulerRunning
                0x0000000020000188        0x4 D:\Documentos\STM32-WorkSpace\Mis_Ejers\WS_STM32\freertos\Debug\libfreertos.a(tasks.o)
 .bss.xPendedTicks
                0x000000002000018c        0x4 D:\Documentos\STM32-WorkSpace\Mis_Ejers\WS_STM32\freertos\Debug\libfreertos.a(tasks.o)
 .bss.xYieldPending
                0x0000000020000190        0x4 D:\Documentos\STM32-WorkSpace\Mis_Ejers\WS_STM32\freertos\Debug\libfreertos.a(tasks.o)
 .bss.xNumOfOverflows
                0x0000000020000194        0x4 D:\Documentos\STM32-WorkSpace\Mis_Ejers\WS_STM32\freertos\Debug\libfreertos.a(tasks.o)
 .bss.uxTaskNumber
                0x0000000020000198        0x4 D:\Documentos\STM32-WorkSpace\Mis_Ejers\WS_STM32\freertos\Debug\libfreertos.a(tasks.o)
 .bss.xNextTaskUnblockTime
                0x000000002000019c        0x4 D:\Documentos\STM32-WorkSpace\Mis_Ejers\WS_STM32\freertos\Debug\libfreertos.a(tasks.o)
 .bss.xIdleTaskHandle
                0x00000000200001a0        0x4 D:\Documentos\STM32-WorkSpace\Mis_Ejers\WS_STM32\freertos\Debug\libfreertos.a(tasks.o)
 .bss.uxSchedulerSuspended
                0x00000000200001a4        0x4 D:\Documentos\STM32-WorkSpace\Mis_Ejers\WS_STM32\freertos\Debug\libfreertos.a(tasks.o)
 .bss.xActiveTimerList1
                0x00000000200001a8       0x14 D:\Documentos\STM32-WorkSpace\Mis_Ejers\WS_STM32\freertos\Debug\libfreertos.a(timers.o)
 .bss.xActiveTimerList2
                0x00000000200001bc       0x14 D:\Documentos\STM32-WorkSpace\Mis_Ejers\WS_STM32\freertos\Debug\libfreertos.a(timers.o)
 .bss.pxCurrentTimerList
                0x00000000200001d0        0x4 D:\Documentos\STM32-WorkSpace\Mis_Ejers\WS_STM32\freertos\Debug\libfreertos.a(timers.o)
 .bss.pxOverflowTimerList
                0x00000000200001d4        0x4 D:\Documentos\STM32-WorkSpace\Mis_Ejers\WS_STM32\freertos\Debug\libfreertos.a(timers.o)
 .bss.xTimerQueue
                0x00000000200001d8        0x4 D:\Documentos\STM32-WorkSpace\Mis_Ejers\WS_STM32\freertos\Debug\libfreertos.a(timers.o)
 .bss.xTimerTaskHandle
                0x00000000200001dc        0x4 D:\Documentos\STM32-WorkSpace\Mis_Ejers\WS_STM32\freertos\Debug\libfreertos.a(timers.o)
 .bss.xLastTime.5553
                0x00000000200001e0        0x4 D:\Documentos\STM32-WorkSpace\Mis_Ejers\WS_STM32\freertos\Debug\libfreertos.a(timers.o)
 .bss.ulTimerCountsForOneTick
                0x00000000200001e4        0x4 D:\Documentos\STM32-WorkSpace\Mis_Ejers\WS_STM32\freertos\Debug\libfreertos.a(port.o)
 .bss.xMaximumPossibleSuppressedTicks
                0x00000000200001e8        0x4 D:\Documentos\STM32-WorkSpace\Mis_Ejers\WS_STM32\freertos\Debug\libfreertos.a(port.o)
 .bss.ulStoppedTimerCompensation
                0x00000000200001ec        0x4 D:\Documentos\STM32-WorkSpace\Mis_Ejers\WS_STM32\freertos\Debug\libfreertos.a(port.o)
 .bss.ucMaxSysCallPriority
                0x00000000200001f0        0x1 D:\Documentos\STM32-WorkSpace\Mis_Ejers\WS_STM32\freertos\Debug\libfreertos.a(port.o)
 *fill*         0x00000000200001f1        0x3 
 .bss.ulMaxPRIGROUPValue
                0x00000000200001f4        0x4 D:\Documentos\STM32-WorkSpace\Mis_Ejers\WS_STM32\freertos\Debug\libfreertos.a(port.o)
 .bss.__malloc_free_list
                0x00000000200001f8        0x4 c:/st/stm32cubeide_1.6.1/stm32cubeide/plugins/com.st.stm32cube.ide.mcu.externaltools.gnu-tools-for-stm32.9-2020-q2-update.win32_1.5.0.202011040924/tools/bin/../lib/gcc/arm-none-eabi/9.3.1/../../../../arm-none-eabi/lib/thumb/v7-m/nofp\libc_nano.a(lib_a-nano-mallocr.o)
                0x00000000200001f8                __malloc_free_list
 .bss.__malloc_sbrk_start
                0x00000000200001fc        0x4 c:/st/stm32cubeide_1.6.1/stm32cubeide/plugins/com.st.stm32cube.ide.mcu.externaltools.gnu-tools-for-stm32.9-2020-q2-update.win32_1.5.0.202011040924/tools/bin/../lib/gcc/arm-none-eabi/9.3.1/../../../../arm-none-eabi/lib/thumb/v7-m/nofp\libc_nano.a(lib_a-nano-mallocr.o)
                0x00000000200001fc                __malloc_sbrk_start
 *(COMMON)
 COMMON         0x0000000020000200       0x48 Core/Src/stm32f1xx_hal_timebase_tim.o
                0x0000000020000200                htim1
 COMMON         0x0000000020000248        0x4 Drivers/STM32F1xx_HAL_Driver/Src/stm32f1xx_hal.o
                0x0000000020000248                uwTick
 COMMON         0x000000002000024c       0x40 D:\Documentos\STM32-WorkSpace\Mis_Ejers\WS_STM32\freertos\Debug\libfreertos.a(queue.o)
                0x000000002000024c                xQueueRegistry
 COMMON         0x000000002000028c        0x4 c:/st/stm32cubeide_1.6.1/stm32cubeide/plugins/com.st.stm32cube.ide.mcu.externaltools.gnu-tools-for-stm32.9-2020-q2-update.win32_1.5.0.202011040924/tools/bin/../lib/gcc/arm-none-eabi/9.3.1/../../../../arm-none-eabi/lib/thumb/v7-m/nofp\libc_nano.a(lib_a-reent.o)
                0x000000002000028c                errno
 COMMON         0x0000000020000290        0x9 c:/st/stm32cubeide_1.6.1/stm32cubeide/plugins/com.st.stm32cube.ide.mcu.externaltools.gnu-tools-for-stm32.9-2020-q2-update.win32_1.5.0.202011040924/tools/bin/../lib/gcc/arm-none-eabi/9.3.1/../../../../arm-none-eabi/lib/thumb/v7-m/nofp\libc_nano.a(lib_a-lock.o)
                0x0000000020000290                __lock___atexit_recursive_mutex
                0x0000000020000291                __lock___arc4random_mutex
                0x0000000020000292                __lock___env_recursive_mutex
                0x0000000020000293                __lock___sinit_recursive_mutex
                0x0000000020000294                __lock___malloc_recursive_mutex
                0x0000000020000295                __lock___at_quick_exit_mutex
                0x0000000020000296                __lock___dd_hash_mutex
                0x0000000020000297                __lock___tz_mutex
                0x0000000020000298                __lock___sfp_recursive_mutex
                0x000000002000029c                . = ALIGN (0x4)
 *fill*         0x0000000020000299        0x3 
                0x000000002000029c                _ebss = .
                0x000000002000029c                __bss_end__ = _ebss

._user_heap_stack
                0x000000002000029c      0x604 load address 0x0000000008003f38
                0x00000000200002a0                . = ALIGN (0x8)
 *fill*         0x000000002000029c        0x4 
                [!provide]                        PROVIDE (end = .)
                0x00000000200002a0                PROVIDE (_end = .)
                0x00000000200004a0                . = (. + _Min_Heap_Size)
 *fill*         0x00000000200002a0      0x200 
                0x00000000200008a0                . = (. + _Min_Stack_Size)
 *fill*         0x00000000200004a0      0x400 
                0x00000000200008a0                . = ALIGN (0x8)

/DISCARD/
 libc.a(*)
 libm.a(*)
 libgcc.a(*)

.ARM.attributes
                0x0000000000000000       0x29
 *(.ARM.attributes)
 .ARM.attributes
                0x0000000000000000       0x1d c:/st/stm32cubeide_1.6.1/stm32cubeide/plugins/com.st.stm32cube.ide.mcu.externaltools.gnu-tools-for-stm32.9-2020-q2-update.win32_1.5.0.202011040924/tools/bin/../lib/gcc/arm-none-eabi/9.3.1/thumb/v7-m/nofp/crti.o
 .ARM.attributes
                0x000000000000001d       0x2d c:/st/stm32cubeide_1.6.1/stm32cubeide/plugins/com.st.stm32cube.ide.mcu.externaltools.gnu-tools-for-stm32.9-2020-q2-update.win32_1.5.0.202011040924/tools/bin/../lib/gcc/arm-none-eabi/9.3.1/thumb/v7-m/nofp/crtbegin.o
 .ARM.attributes
                0x000000000000004a       0x2d Core/Src/main.o
 .ARM.attributes
                0x0000000000000077       0x2d Core/Src/stm32f1xx_hal_msp.o
 .ARM.attributes
                0x00000000000000a4       0x2d Core/Src/stm32f1xx_hal_timebase_tim.o
 .ARM.attributes
                0x00000000000000d1       0x2d Core/Src/stm32f1xx_it.o
 .ARM.attributes
                0x00000000000000fe       0x2d Core/Src/sysmem.o
 .ARM.attributes
                0x000000000000012b       0x2d Core/Src/system_stm32f1xx.o
 .ARM.attributes
                0x0000000000000158       0x21 Core/Startup/startup_stm32f103c8tx.o
 .ARM.attributes
                0x0000000000000179       0x2d Drivers/STM32F1xx_HAL_Driver/Src/stm32f1xx_hal.o
 .ARM.attributes
                0x00000000000001a6       0x2d Drivers/STM32F1xx_HAL_Driver/Src/stm32f1xx_hal_cortex.o
 .ARM.attributes
                0x00000000000001d3       0x2d Drivers/STM32F1xx_HAL_Driver/Src/stm32f1xx_hal_gpio.o
 .ARM.attributes
                0x0000000000000200       0x2d Drivers/STM32F1xx_HAL_Driver/Src/stm32f1xx_hal_rcc.o
 .ARM.attributes
                0x000000000000022d       0x2d Drivers/STM32F1xx_HAL_Driver/Src/stm32f1xx_hal_tim.o
 .ARM.attributes
                0x000000000000025a       0x2d Drivers/STM32F1xx_HAL_Driver/Src/stm32f1xx_hal_tim_ex.o
 .ARM.attributes
                0x0000000000000287       0x2d D:\Documentos\STM32-WorkSpace\Mis_Ejers\WS_STM32\freertos\Debug\libfreertos.a(tasks.o)
 .ARM.attributes
                0x00000000000002b4       0x2d D:\Documentos\STM32-WorkSpace\Mis_Ejers\WS_STM32\freertos\Debug\libfreertos.a(timers.o)
 .ARM.attributes
                0x00000000000002e1       0x2d D:\Documentos\STM32-WorkSpace\Mis_Ejers\WS_STM32\freertos\Debug\libfreertos.a(heap_3.o)
 .ARM.attributes
                0x000000000000030e       0x2d D:\Documentos\STM32-WorkSpace\Mis_Ejers\WS_STM32\freertos\Debug\libfreertos.a(list.o)
 .ARM.attributes
                0x000000000000033b       0x2d D:\Documentos\STM32-WorkSpace\Mis_Ejers\WS_STM32\freertos\Debug\libfreertos.a(port.o)
 .ARM.attributes
                0x0000000000000368       0x2d D:\Documentos\STM32-WorkSpace\Mis_Ejers\WS_STM32\freertos\Debug\libfreertos.a(queue.o)
 .ARM.attributes
                0x0000000000000395       0x2d c:/st/stm32cubeide_1.6.1/stm32cubeide/plugins/com.st.stm32cube.ide.mcu.externaltools.gnu-tools-for-stm32.9-2020-q2-update.win32_1.5.0.202011040924/tools/bin/../lib/gcc/arm-none-eabi/9.3.1/../../../../arm-none-eabi/lib/thumb/v7-m/nofp\libc_nano.a(lib_a-errno.o)
 .ARM.attributes
                0x00000000000003c2       0x2d c:/st/stm32cubeide_1.6.1/stm32cubeide/plugins/com.st.stm32cube.ide.mcu.externaltools.gnu-tools-for-stm32.9-2020-q2-update.win32_1.5.0.202011040924/tools/bin/../lib/gcc/arm-none-eabi/9.3.1/../../../../arm-none-eabi/lib/thumb/v7-m/nofp\libc_nano.a(lib_a-impure.o)
 .ARM.attributes
                0x00000000000003ef       0x2d c:/st/stm32cubeide_1.6.1/stm32cubeide/plugins/com.st.stm32cube.ide.mcu.externaltools.gnu-tools-for-stm32.9-2020-q2-update.win32_1.5.0.202011040924/tools/bin/../lib/gcc/arm-none-eabi/9.3.1/../../../../arm-none-eabi/lib/thumb/v7-m/nofp\libc_nano.a(lib_a-init.o)
 .ARM.attributes
                0x000000000000041c       0x2d c:/st/stm32cubeide_1.6.1/stm32cubeide/plugins/com.st.stm32cube.ide.mcu.externaltools.gnu-tools-for-stm32.9-2020-q2-update.win32_1.5.0.202011040924/tools/bin/../lib/gcc/arm-none-eabi/9.3.1/../../../../arm-none-eabi/lib/thumb/v7-m/nofp\libc_nano.a(lib_a-malloc.o)
 .ARM.attributes
                0x0000000000000449       0x2d c:/st/stm32cubeide_1.6.1/stm32cubeide/plugins/com.st.stm32cube.ide.mcu.externaltools.gnu-tools-for-stm32.9-2020-q2-update.win32_1.5.0.202011040924/tools/bin/../lib/gcc/arm-none-eabi/9.3.1/../../../../arm-none-eabi/lib/thumb/v7-m/nofp\libc_nano.a(lib_a-memcpy-stub.o)
 .ARM.attributes
                0x0000000000000476       0x2d c:/st/stm32cubeide_1.6.1/stm32cubeide/plugins/com.st.stm32cube.ide.mcu.externaltools.gnu-tools-for-stm32.9-2020-q2-update.win32_1.5.0.202011040924/tools/bin/../lib/gcc/arm-none-eabi/9.3.1/../../../../arm-none-eabi/lib/thumb/v7-m/nofp\libc_nano.a(lib_a-memset.o)
 .ARM.attributes
                0x00000000000004a3       0x2d c:/st/stm32cubeide_1.6.1/stm32cubeide/plugins/com.st.stm32cube.ide.mcu.externaltools.gnu-tools-for-stm32.9-2020-q2-update.win32_1.5.0.202011040924/tools/bin/../lib/gcc/arm-none-eabi/9.3.1/../../../../arm-none-eabi/lib/thumb/v7-m/nofp\libc_nano.a(lib_a-nano-freer.o)
 .ARM.attributes
                0x00000000000004d0       0x2d c:/st/stm32cubeide_1.6.1/stm32cubeide/plugins/com.st.stm32cube.ide.mcu.externaltools.gnu-tools-for-stm32.9-2020-q2-update.win32_1.5.0.202011040924/tools/bin/../lib/gcc/arm-none-eabi/9.3.1/../../../../arm-none-eabi/lib/thumb/v7-m/nofp\libc_nano.a(lib_a-nano-mallocr.o)
 .ARM.attributes
                0x00000000000004fd       0x2d c:/st/stm32cubeide_1.6.1/stm32cubeide/plugins/com.st.stm32cube.ide.mcu.externaltools.gnu-tools-for-stm32.9-2020-q2-update.win32_1.5.0.202011040924/tools/bin/../lib/gcc/arm-none-eabi/9.3.1/../../../../arm-none-eabi/lib/thumb/v7-m/nofp\libc_nano.a(lib_a-sbrkr.o)
 .ARM.attributes
                0x000000000000052a       0x2d c:/st/stm32cubeide_1.6.1/stm32cubeide/plugins/com.st.stm32cube.ide.mcu.externaltools.gnu-tools-for-stm32.9-2020-q2-update.win32_1.5.0.202011040924/tools/bin/../lib/gcc/arm-none-eabi/9.3.1/../../../../arm-none-eabi/lib/thumb/v7-m/nofp\libc_nano.a(lib_a-mlock.o)
 .ARM.attributes
                0x0000000000000557       0x2d c:/st/stm32cubeide_1.6.1/stm32cubeide/plugins/com.st.stm32cube.ide.mcu.externaltools.gnu-tools-for-stm32.9-2020-q2-update.win32_1.5.0.202011040924/tools/bin/../lib/gcc/arm-none-eabi/9.3.1/../../../../arm-none-eabi/lib/thumb/v7-m/nofp\libc_nano.a(lib_a-reent.o)
 .ARM.attributes
                0x0000000000000584       0x2d c:/st/stm32cubeide_1.6.1/stm32cubeide/plugins/com.st.stm32cube.ide.mcu.externaltools.gnu-tools-for-stm32.9-2020-q2-update.win32_1.5.0.202011040924/tools/bin/../lib/gcc/arm-none-eabi/9.3.1/../../../../arm-none-eabi/lib/thumb/v7-m/nofp\libc_nano.a(lib_a-lock.o)
 .ARM.attributes
                0x00000000000005b1       0x1d c:/st/stm32cubeide_1.6.1/stm32cubeide/plugins/com.st.stm32cube.ide.mcu.externaltools.gnu-tools-for-stm32.9-2020-q2-update.win32_1.5.0.202011040924/tools/bin/../lib/gcc/arm-none-eabi/9.3.1/thumb/v7-m/nofp/crtn.o
OUTPUT(FRTOS-Cambio-Prioridades.elf elf32-littlearm)
LOAD linker stubs
LOAD c:/st/stm32cubeide_1.6.1/stm32cubeide/plugins/com.st.stm32cube.ide.mcu.externaltools.gnu-tools-for-stm32.9-2020-q2-update.win32_1.5.0.202011040924/tools/bin/../lib/gcc/arm-none-eabi/9.3.1/../../../../arm-none-eabi/lib/thumb/v7-m/nofp\libc.a
LOAD c:/st/stm32cubeide_1.6.1/stm32cubeide/plugins/com.st.stm32cube.ide.mcu.externaltools.gnu-tools-for-stm32.9-2020-q2-update.win32_1.5.0.202011040924/tools/bin/../lib/gcc/arm-none-eabi/9.3.1/../../../../arm-none-eabi/lib/thumb/v7-m/nofp\libm.a
LOAD c:/st/stm32cubeide_1.6.1/stm32cubeide/plugins/com.st.stm32cube.ide.mcu.externaltools.gnu-tools-for-stm32.9-2020-q2-update.win32_1.5.0.202011040924/tools/bin/../lib/gcc/arm-none-eabi/9.3.1/thumb/v7-m/nofp\libgcc.a

.debug_info     0x0000000000000000    0x1114e
 .debug_info    0x0000000000000000      0xb8e Core/Src/main.o
 .debug_info    0x0000000000000b8e      0x2fc Core/Src/stm32f1xx_hal_msp.o
 .debug_info    0x0000000000000e8a      0xa1e Core/Src/stm32f1xx_hal_timebase_tim.o
 .debug_info    0x00000000000018a8      0x783 Core/Src/stm32f1xx_it.o
 .debug_info    0x000000000000202b      0xa25 Core/Src/sysmem.o
 .debug_info    0x0000000000002a50      0x2be Core/Src/system_stm32f1xx.o
 .debug_info    0x0000000000002d0e       0x22 Core/Startup/startup_stm32f103c8tx.o
 .debug_info    0x0000000000002d30      0x76a Drivers/STM32F1xx_HAL_Driver/Src/stm32f1xx_hal.o
 .debug_info    0x000000000000349a      0xbdc Drivers/STM32F1xx_HAL_Driver/Src/stm32f1xx_hal_cortex.o
 .debug_info    0x0000000000004076      0x701 Drivers/STM32F1xx_HAL_Driver/Src/stm32f1xx_hal_gpio.o
 .debug_info    0x0000000000004777      0x893 Drivers/STM32F1xx_HAL_Driver/Src/stm32f1xx_hal_rcc.o
 .debug_info    0x000000000000500a     0x2c12 Drivers/STM32F1xx_HAL_Driver/Src/stm32f1xx_hal_tim.o
 .debug_info    0x0000000000007c1c     0x157f Drivers/STM32F1xx_HAL_Driver/Src/stm32f1xx_hal_tim_ex.o
 .debug_info    0x000000000000919b     0x2f75 D:\Documentos\STM32-WorkSpace\Mis_Ejers\WS_STM32\freertos\Debug\libfreertos.a(tasks.o)
 .debug_info    0x000000000000c110     0x1534 D:\Documentos\STM32-WorkSpace\Mis_Ejers\WS_STM32\freertos\Debug\libfreertos.a(timers.o)
 .debug_info    0x000000000000d644      0x9af D:\Documentos\STM32-WorkSpace\Mis_Ejers\WS_STM32\freertos\Debug\libfreertos.a(heap_3.o)
 .debug_info    0x000000000000dff3      0xb82 D:\Documentos\STM32-WorkSpace\Mis_Ejers\WS_STM32\freertos\Debug\libfreertos.a(list.o)
 .debug_info    0x000000000000eb75      0x58a D:\Documentos\STM32-WorkSpace\Mis_Ejers\WS_STM32\freertos\Debug\libfreertos.a(port.o)
 .debug_info    0x000000000000f0ff     0x204f D:\Documentos\STM32-WorkSpace\Mis_Ejers\WS_STM32\freertos\Debug\libfreertos.a(queue.o)

.debug_abbrev   0x0000000000000000     0x27cc
 .debug_abbrev  0x0000000000000000      0x24f Core/Src/main.o
 .debug_abbrev  0x000000000000024f      0x11d Core/Src/stm32f1xx_hal_msp.o
 .debug_abbrev  0x000000000000036c      0x1bf Core/Src/stm32f1xx_hal_timebase_tim.o
 .debug_abbrev  0x000000000000052b      0x176 Core/Src/stm32f1xx_it.o
 .debug_abbrev  0x00000000000006a1      0x1bf Core/Src/sysmem.o
 .debug_abbrev  0x0000000000000860      0x14e Core/Src/system_stm32f1xx.o
 .debug_abbrev  0x00000000000009ae       0x12 Core/Startup/startup_stm32f103c8tx.o
 .debug_abbrev  0x00000000000009c0      0x1ed Drivers/STM32F1xx_HAL_Driver/Src/stm32f1xx_hal.o
 .debug_abbrev  0x0000000000000bad      0x313 Drivers/STM32F1xx_HAL_Driver/Src/stm32f1xx_hal_cortex.o
 .debug_abbrev  0x0000000000000ec0      0x1e8 Drivers/STM32F1xx_HAL_Driver/Src/stm32f1xx_hal_gpio.o
 .debug_abbrev  0x00000000000010a8      0x273 Drivers/STM32F1xx_HAL_Driver/Src/stm32f1xx_hal_rcc.o
 .debug_abbrev  0x000000000000131b      0x25e Drivers/STM32F1xx_HAL_Driver/Src/stm32f1xx_hal_tim.o
 .debug_abbrev  0x0000000000001579      0x266 Drivers/STM32F1xx_HAL_Driver/Src/stm32f1xx_hal_tim_ex.o
 .debug_abbrev  0x00000000000017df      0x398 D:\Documentos\STM32-WorkSpace\Mis_Ejers\WS_STM32\freertos\Debug\libfreertos.a(tasks.o)
 .debug_abbrev  0x0000000000001b77      0x2ea D:\Documentos\STM32-WorkSpace\Mis_Ejers\WS_STM32\freertos\Debug\libfreertos.a(timers.o)
 .debug_abbrev  0x0000000000001e61      0x1e5 D:\Documentos\STM32-WorkSpace\Mis_Ejers\WS_STM32\freertos\Debug\libfreertos.a(heap_3.o)
 .debug_abbrev  0x0000000000002046      0x1f7 D:\Documentos\STM32-WorkSpace\Mis_Ejers\WS_STM32\freertos\Debug\libfreertos.a(list.o)
 .debug_abbrev  0x000000000000223d      0x25c D:\Documentos\STM32-WorkSpace\Mis_Ejers\WS_STM32\freertos\Debug\libfreertos.a(port.o)
 .debug_abbrev  0x0000000000002499      0x333 D:\Documentos\STM32-WorkSpace\Mis_Ejers\WS_STM32\freertos\Debug\libfreertos.a(queue.o)

.debug_aranges  0x0000000000000000      0xe88
 .debug_aranges
                0x0000000000000000       0x50 Core/Src/main.o
 .debug_aranges
                0x0000000000000050       0x20 Core/Src/stm32f1xx_hal_msp.o
 .debug_aranges
                0x0000000000000070       0x30 Core/Src/stm32f1xx_hal_timebase_tim.o
 .debug_aranges
                0x00000000000000a0       0x50 Core/Src/stm32f1xx_it.o
 .debug_aranges
                0x00000000000000f0       0x20 Core/Src/sysmem.o
 .debug_aranges
                0x0000000000000110       0x28 Core/Src/system_stm32f1xx.o
 .debug_aranges
                0x0000000000000138       0x28 Core/Startup/startup_stm32f103c8tx.o
 .debug_aranges
                0x0000000000000160       0xe0 Drivers/STM32F1xx_HAL_Driver/Src/stm32f1xx_hal.o
 .debug_aranges
                0x0000000000000240      0x100 Drivers/STM32F1xx_HAL_Driver/Src/stm32f1xx_hal_cortex.o
 .debug_aranges
                0x0000000000000340       0x58 Drivers/STM32F1xx_HAL_Driver/Src/stm32f1xx_hal_gpio.o
 .debug_aranges
                0x0000000000000398       0x90 Drivers/STM32F1xx_HAL_Driver/Src/stm32f1xx_hal_rcc.o
 .debug_aranges
                0x0000000000000428      0x3d0 Drivers/STM32F1xx_HAL_Driver/Src/stm32f1xx_hal_tim.o
 .debug_aranges
                0x00000000000007f8      0x168 Drivers/STM32F1xx_HAL_Driver/Src/stm32f1xx_hal_tim_ex.o
 .debug_aranges
                0x0000000000000960      0x228 D:\Documentos\STM32-WorkSpace\Mis_Ejers\WS_STM32\freertos\Debug\libfreertos.a(tasks.o)
 .debug_aranges
                0x0000000000000b88       0xe8 D:\Documentos\STM32-WorkSpace\Mis_Ejers\WS_STM32\freertos\Debug\libfreertos.a(timers.o)
 .debug_aranges
                0x0000000000000c70       0x28 D:\Documentos\STM32-WorkSpace\Mis_Ejers\WS_STM32\freertos\Debug\libfreertos.a(heap_3.o)
 .debug_aranges
                0x0000000000000c98       0x40 D:\Documentos\STM32-WorkSpace\Mis_Ejers\WS_STM32\freertos\Debug\libfreertos.a(list.o)
 .debug_aranges
                0x0000000000000cd8       0x80 D:\Documentos\STM32-WorkSpace\Mis_Ejers\WS_STM32\freertos\Debug\libfreertos.a(port.o)
 .debug_aranges
                0x0000000000000d58      0x130 D:\Documentos\STM32-WorkSpace\Mis_Ejers\WS_STM32\freertos\Debug\libfreertos.a(queue.o)

.debug_ranges   0x0000000000000000      0xd60
 .debug_ranges  0x0000000000000000       0x40 Core/Src/main.o
 .debug_ranges  0x0000000000000040       0x10 Core/Src/stm32f1xx_hal_msp.o
 .debug_ranges  0x0000000000000050       0x20 Core/Src/stm32f1xx_hal_timebase_tim.o
 .debug_ranges  0x0000000000000070       0x40 Core/Src/stm32f1xx_it.o
 .debug_ranges  0x00000000000000b0       0x10 Core/Src/sysmem.o
 .debug_ranges  0x00000000000000c0       0x18 Core/Src/system_stm32f1xx.o
 .debug_ranges  0x00000000000000d8       0x20 Core/Startup/startup_stm32f103c8tx.o
 .debug_ranges  0x00000000000000f8       0xd0 Drivers/STM32F1xx_HAL_Driver/Src/stm32f1xx_hal.o
 .debug_ranges  0x00000000000001c8       0xf0 Drivers/STM32F1xx_HAL_Driver/Src/stm32f1xx_hal_cortex.o
 .debug_ranges  0x00000000000002b8       0x48 Drivers/STM32F1xx_HAL_Driver/Src/stm32f1xx_hal_gpio.o
 .debug_ranges  0x0000000000000300       0x80 Drivers/STM32F1xx_HAL_Driver/Src/stm32f1xx_hal_rcc.o
 .debug_ranges  0x0000000000000380      0x3c0 Drivers/STM32F1xx_HAL_Driver/Src/stm32f1xx_hal_tim.o
 .debug_ranges  0x0000000000000740      0x158 Drivers/STM32F1xx_HAL_Driver/Src/stm32f1xx_hal_tim_ex.o
 .debug_ranges  0x0000000000000898      0x218 D:\Documentos\STM32-WorkSpace\Mis_Ejers\WS_STM32\freertos\Debug\libfreertos.a(tasks.o)
 .debug_ranges  0x0000000000000ab0       0xd8 D:\Documentos\STM32-WorkSpace\Mis_Ejers\WS_STM32\freertos\Debug\libfreertos.a(timers.o)
 .debug_ranges  0x0000000000000b88       0x18 D:\Documentos\STM32-WorkSpace\Mis_Ejers\WS_STM32\freertos\Debug\libfreertos.a(heap_3.o)
 .debug_ranges  0x0000000000000ba0       0x30 D:\Documentos\STM32-WorkSpace\Mis_Ejers\WS_STM32\freertos\Debug\libfreertos.a(list.o)
 .debug_ranges  0x0000000000000bd0       0x70 D:\Documentos\STM32-WorkSpace\Mis_Ejers\WS_STM32\freertos\Debug\libfreertos.a(port.o)
 .debug_ranges  0x0000000000000c40      0x120 D:\Documentos\STM32-WorkSpace\Mis_Ejers\WS_STM32\freertos\Debug\libfreertos.a(queue.o)

.debug_macro    0x0000000000000000    0x190a3
 .debug_macro   0x0000000000000000      0x228 Core/Src/main.o
 .debug_macro   0x0000000000000228      0xa9c Core/Src/main.o
 .debug_macro   0x0000000000000cc4      0x215 Core/Src/main.o
 .debug_macro   0x0000000000000ed9       0x2e Core/Src/main.o
 .debug_macro   0x0000000000000f07       0x22 Core/Src/main.o
 .debug_macro   0x0000000000000f29       0x22 Core/Src/main.o
 .debug_macro   0x0000000000000f4b       0x8e Core/Src/main.o
 .debug_macro   0x0000000000000fd9       0x51 Core/Src/main.o
 .debug_macro   0x000000000000102a      0x103 Core/Src/main.o
 .debug_macro   0x000000000000112d       0x6a Core/Src/main.o
 .debug_macro   0x0000000000001197      0x1df Core/Src/main.o
 .debug_macro   0x0000000000001376       0x1c Core/Src/main.o
 .debug_macro   0x0000000000001392       0x22 Core/Src/main.o
 .debug_macro   0x00000000000013b4       0xc3 Core/Src/main.o
 .debug_macro   0x0000000000001477      0xd23 Core/Src/main.o
 .debug_macro   0x000000000000219a     0xe09e Core/Src/main.o
 .debug_macro   0x0000000000010238       0x6d Core/Src/main.o
 .debug_macro   0x00000000000102a5     0x348d Core/Src/main.o
 .debug_macro   0x0000000000013732      0x174 Core/Src/main.o
 .debug_macro   0x00000000000138a6       0x5c Core/Src/main.o
 .debug_macro   0x0000000000013902      0x5bc Core/Src/main.o
 .debug_macro   0x0000000000013ebe      0x289 Core/Src/main.o
 .debug_macro   0x0000000000014147      0x1cb Core/Src/main.o
 .debug_macro   0x0000000000014312      0x114 Core/Src/main.o
 .debug_macro   0x0000000000014426      0x1b2 Core/Src/main.o
 .debug_macro   0x00000000000145d8       0x27 Core/Src/main.o
 .debug_macro   0x00000000000145ff      0x136 Core/Src/main.o
 .debug_macro   0x0000000000014735      0x1bc Core/Src/main.o
 .debug_macro   0x00000000000148f1       0x34 Core/Src/main.o
 .debug_macro   0x0000000000014925       0x3c Core/Src/main.o
 .debug_macro   0x0000000000014961       0x57 Core/Src/main.o
 .debug_macro   0x00000000000149b8       0x87 Core/Src/main.o
 .debug_macro   0x0000000000014a3f      0x240 Core/Src/main.o
 .debug_macro   0x0000000000014c7f      0x140 Core/Src/main.o
 .debug_macro   0x0000000000014dbf      0x8ed Core/Src/main.o
 .debug_macro   0x00000000000156ac       0x83 Core/Src/main.o
 .debug_macro   0x000000000001572f       0x10 Core/Src/main.o
 .debug_macro   0x000000000001573f      0x1d8 Core/Src/main.o
 .debug_macro   0x0000000000015917      0x15a Core/Src/main.o
 .debug_macro   0x0000000000015a71       0xcf Core/Src/main.o
 .debug_macro   0x0000000000015b40       0x22 Core/Src/main.o
 .debug_macro   0x0000000000015b62       0x1f Core/Src/main.o
 .debug_macro   0x0000000000015b81       0x12 Core/Src/main.o
 .debug_macro   0x0000000000015b93      0x3c9 Core/Src/main.o
 .debug_macro   0x0000000000015f5c       0xc3 Core/Src/main.o
 .debug_macro   0x000000000001601f      0x120 Core/Src/main.o
 .debug_macro   0x000000000001613f       0x80 Core/Src/main.o
 .debug_macro   0x00000000000161bf      0x1a8 Core/Src/stm32f1xx_hal_msp.o
 .debug_macro   0x0000000000016367      0x199 Core/Src/stm32f1xx_hal_timebase_tim.o
 .debug_macro   0x0000000000016500      0x1b2 Core/Src/stm32f1xx_it.o
 .debug_macro   0x00000000000166b2       0xff Core/Src/sysmem.o
 .debug_macro   0x00000000000167b1      0x23b Core/Src/sysmem.o
 .debug_macro   0x00000000000169ec      0x199 Core/Src/system_stm32f1xx.o
 .debug_macro   0x0000000000016b85      0x1bd Drivers/STM32F1xx_HAL_Driver/Src/stm32f1xx_hal.o
 .debug_macro   0x0000000000016d42      0x199 Drivers/STM32F1xx_HAL_Driver/Src/stm32f1xx_hal_cortex.o
 .debug_macro   0x0000000000016edb      0x204 Drivers/STM32F1xx_HAL_Driver/Src/stm32f1xx_hal_gpio.o
 .debug_macro   0x00000000000170df      0x1ab Drivers/STM32F1xx_HAL_Driver/Src/stm32f1xx_hal_rcc.o
 .debug_macro   0x000000000001728a      0x19a Drivers/STM32F1xx_HAL_Driver/Src/stm32f1xx_hal_tim.o
 .debug_macro   0x0000000000017424      0x199 Drivers/STM32F1xx_HAL_Driver/Src/stm32f1xx_hal_tim_ex.o
 .debug_macro   0x00000000000175bd      0x284 D:\Documentos\STM32-WorkSpace\Mis_Ejers\WS_STM32\freertos\Debug\libfreertos.a(tasks.o)
 .debug_macro   0x0000000000017841      0xaa2 D:\Documentos\STM32-WorkSpace\Mis_Ejers\WS_STM32\freertos\Debug\libfreertos.a(tasks.o)
 .debug_macro   0x00000000000182e3      0x10e D:\Documentos\STM32-WorkSpace\Mis_Ejers\WS_STM32\freertos\Debug\libfreertos.a(tasks.o)
 .debug_macro   0x00000000000183f1       0x8d D:\Documentos\STM32-WorkSpace\Mis_Ejers\WS_STM32\freertos\Debug\libfreertos.a(tasks.o)
 .debug_macro   0x000000000001847e       0x16 D:\Documentos\STM32-WorkSpace\Mis_Ejers\WS_STM32\freertos\Debug\libfreertos.a(tasks.o)
 .debug_macro   0x0000000000018494       0x20 D:\Documentos\STM32-WorkSpace\Mis_Ejers\WS_STM32\freertos\Debug\libfreertos.a(tasks.o)
 .debug_macro   0x00000000000184b4      0x1d8 D:\Documentos\STM32-WorkSpace\Mis_Ejers\WS_STM32\freertos\Debug\libfreertos.a(tasks.o)
 .debug_macro   0x000000000001868c       0x91 D:\Documentos\STM32-WorkSpace\Mis_Ejers\WS_STM32\freertos\Debug\libfreertos.a(tasks.o)
 .debug_macro   0x000000000001871d       0x17 D:\Documentos\STM32-WorkSpace\Mis_Ejers\WS_STM32\freertos\Debug\libfreertos.a(tasks.o)
 .debug_macro   0x0000000000018734      0x1e7 D:\Documentos\STM32-WorkSpace\Mis_Ejers\WS_STM32\freertos\Debug\libfreertos.a(timers.o)
 .debug_macro   0x000000000001891b       0x97 D:\Documentos\STM32-WorkSpace\Mis_Ejers\WS_STM32\freertos\Debug\libfreertos.a(timers.o)
 .debug_macro   0x00000000000189b2      0x1a7 D:\Documentos\STM32-WorkSpace\Mis_Ejers\WS_STM32\freertos\Debug\libfreertos.a(heap_3.o)
 .debug_macro   0x0000000000018b59      0x198 D:\Documentos\STM32-WorkSpace\Mis_Ejers\WS_STM32\freertos\Debug\libfreertos.a(list.o)
 .debug_macro   0x0000000000018cf1      0x183 D:\Documentos\STM32-WorkSpace\Mis_Ejers\WS_STM32\freertos\Debug\libfreertos.a(port.o)
 .debug_macro   0x0000000000018e74      0x22f D:\Documentos\STM32-WorkSpace\Mis_Ejers\WS_STM32\freertos\Debug\libfreertos.a(queue.o)

.debug_line     0x0000000000000000     0xf453
 .debug_line    0x0000000000000000      0x866 Core/Src/main.o
 .debug_line    0x0000000000000866      0x666 Core/Src/stm32f1xx_hal_msp.o
 .debug_line    0x0000000000000ecc      0x6c1 Core/Src/stm32f1xx_hal_timebase_tim.o
 .debug_line    0x000000000000158d      0x701 Core/Src/stm32f1xx_it.o
 .debug_line    0x0000000000001c8e      0x4f8 Core/Src/sysmem.o
 .debug_line    0x0000000000002186      0x6e3 Core/Src/system_stm32f1xx.o
 .debug_line    0x0000000000002869       0x86 Core/Startup/startup_stm32f103c8tx.o
 .debug_line    0x00000000000028ef      0x910 Drivers/STM32F1xx_HAL_Driver/Src/stm32f1xx_hal.o
 .debug_line    0x00000000000031ff      0xaf8 Drivers/STM32F1xx_HAL_Driver/Src/stm32f1xx_hal_cortex.o
 .debug_line    0x0000000000003cf7      0x9a9 Drivers/STM32F1xx_HAL_Driver/Src/stm32f1xx_hal_gpio.o
 .debug_line    0x00000000000046a0      0xd1c Drivers/STM32F1xx_HAL_Driver/Src/stm32f1xx_hal_rcc.o
 .debug_line    0x00000000000053bc     0x338f Drivers/STM32F1xx_HAL_Driver/Src/stm32f1xx_hal_tim.o
 .debug_line    0x000000000000874b     0x1866 Drivers/STM32F1xx_HAL_Driver/Src/stm32f1xx_hal_tim_ex.o
 .debug_line    0x0000000000009fb1     0x1f71 D:\Documentos\STM32-WorkSpace\Mis_Ejers\WS_STM32\freertos\Debug\libfreertos.a(tasks.o)
 .debug_line    0x000000000000bf22      0xb93 D:\Documentos\STM32-WorkSpace\Mis_Ejers\WS_STM32\freertos\Debug\libfreertos.a(timers.o)
 .debug_line    0x000000000000cab5      0x5a6 D:\Documentos\STM32-WorkSpace\Mis_Ejers\WS_STM32\freertos\Debug\libfreertos.a(heap_3.o)
 .debug_line    0x000000000000d05b      0x674 D:\Documentos\STM32-WorkSpace\Mis_Ejers\WS_STM32\freertos\Debug\libfreertos.a(list.o)
 .debug_line    0x000000000000d6cf      0x804 D:\Documentos\STM32-WorkSpace\Mis_Ejers\WS_STM32\freertos\Debug\libfreertos.a(port.o)
 .debug_line    0x000000000000ded3     0x1580 D:\Documentos\STM32-WorkSpace\Mis_Ejers\WS_STM32\freertos\Debug\libfreertos.a(queue.o)

.debug_str      0x0000000000000000    0x901c4
 .debug_str     0x0000000000000000    0x870a2 Core/Src/main.o
                                      0x874b2 (size before relaxing)
 .debug_str     0x00000000000870a2       0x5a Core/Src/stm32f1xx_hal_msp.o
                                      0x81abc (size before relaxing)
 .debug_str     0x00000000000870fc      0x30e Core/Src/stm32f1xx_hal_timebase_tim.o
                                      0x822df (size before relaxing)
 .debug_str     0x000000000008740a       0x92 Core/Src/stm32f1xx_it.o
                                      0x81f7b (size before relaxing)
 .debug_str     0x000000000008749c     0x2099 Core/Src/sysmem.o
                                       0x6272 (size before relaxing)
 .debug_str     0x0000000000089535       0x52 Core/Src/system_stm32f1xx.o
                                      0x81a81 (size before relaxing)
 .debug_str     0x0000000000089587       0x36 Core/Startup/startup_stm32f103c8tx.o
                                         0x86 (size before relaxing)
 .debug_str     0x00000000000895bd      0x2b9 Drivers/STM32F1xx_HAL_Driver/Src/stm32f1xx_hal.o
                                      0x82112 (size before relaxing)
 .debug_str     0x0000000000089876      0x300 Drivers/STM32F1xx_HAL_Driver/Src/stm32f1xx_hal_cortex.o
                                      0x8211a (size before relaxing)
 .debug_str     0x0000000000089b76      0x324 Drivers/STM32F1xx_HAL_Driver/Src/stm32f1xx_hal_gpio.o
                                      0x81e45 (size before relaxing)
 .debug_str     0x0000000000089e9a      0x245 Drivers/STM32F1xx_HAL_Driver/Src/stm32f1xx_hal_rcc.o
                                      0x81e7e (size before relaxing)
 .debug_str     0x000000000008a0df      0xe4d Drivers/STM32F1xx_HAL_Driver/Src/stm32f1xx_hal_tim.o
                                      0x82e57 (size before relaxing)
 .debug_str     0x000000000008af2c      0x538 Drivers/STM32F1xx_HAL_Driver/Src/stm32f1xx_hal_tim_ex.o
                                      0x82608 (size before relaxing)
 .debug_str     0x000000000008b464     0x34e5 D:\Documentos\STM32-WorkSpace\Mis_Ejers\WS_STM32\freertos\Debug\libfreertos.a(tasks.o)
                                       0xdea3 (size before relaxing)
 .debug_str     0x000000000008e949      0x594 D:\Documentos\STM32-WorkSpace\Mis_Ejers\WS_STM32\freertos\Debug\libfreertos.a(timers.o)
                                       0xd493 (size before relaxing)
 .debug_str     0x000000000008eedd       0x1c D:\Documentos\STM32-WorkSpace\Mis_Ejers\WS_STM32\freertos\Debug\libfreertos.a(heap_3.o)
                                       0xbee3 (size before relaxing)
 .debug_str     0x000000000008eef9       0x9b D:\Documentos\STM32-WorkSpace\Mis_Ejers\WS_STM32\freertos\Debug\libfreertos.a(list.o)
                                       0xad8b (size before relaxing)
 .debug_str     0x000000000008ef94      0x80e D:\Documentos\STM32-WorkSpace\Mis_Ejers\WS_STM32\freertos\Debug\libfreertos.a(port.o)
                                       0x94d8 (size before relaxing)
 .debug_str     0x000000000008f7a2      0xa22 D:\Documentos\STM32-WorkSpace\Mis_Ejers\WS_STM32\freertos\Debug\libfreertos.a(queue.o)
                                       0xd2b0 (size before relaxing)

.comment        0x0000000000000000       0x53
 .comment       0x0000000000000000       0x53 Core/Src/main.o
                                         0x54 (size before relaxing)
 .comment       0x0000000000000053       0x54 Core/Src/stm32f1xx_hal_msp.o
 .comment       0x0000000000000053       0x54 Core/Src/stm32f1xx_hal_timebase_tim.o
 .comment       0x0000000000000053       0x54 Core/Src/stm32f1xx_it.o
 .comment       0x0000000000000053       0x54 Core/Src/sysmem.o
 .comment       0x0000000000000053       0x54 Core/Src/system_stm32f1xx.o
 .comment       0x0000000000000053       0x54 Drivers/STM32F1xx_HAL_Driver/Src/stm32f1xx_hal.o
 .comment       0x0000000000000053       0x54 Drivers/STM32F1xx_HAL_Driver/Src/stm32f1xx_hal_cortex.o
 .comment       0x0000000000000053       0x54 Drivers/STM32F1xx_HAL_Driver/Src/stm32f1xx_hal_gpio.o
 .comment       0x0000000000000053       0x54 Drivers/STM32F1xx_HAL_Driver/Src/stm32f1xx_hal_rcc.o
 .comment       0x0000000000000053       0x54 Drivers/STM32F1xx_HAL_Driver/Src/stm32f1xx_hal_tim.o
 .comment       0x0000000000000053       0x54 Drivers/STM32F1xx_HAL_Driver/Src/stm32f1xx_hal_tim_ex.o
 .comment       0x0000000000000053       0x54 D:\Documentos\STM32-WorkSpace\Mis_Ejers\WS_STM32\freertos\Debug\libfreertos.a(tasks.o)
 .comment       0x0000000000000053       0x54 D:\Documentos\STM32-WorkSpace\Mis_Ejers\WS_STM32\freertos\Debug\libfreertos.a(timers.o)
 .comment       0x0000000000000053       0x54 D:\Documentos\STM32-WorkSpace\Mis_Ejers\WS_STM32\freertos\Debug\libfreertos.a(heap_3.o)
 .comment       0x0000000000000053       0x54 D:\Documentos\STM32-WorkSpace\Mis_Ejers\WS_STM32\freertos\Debug\libfreertos.a(list.o)
 .comment       0x0000000000000053       0x54 D:\Documentos\STM32-WorkSpace\Mis_Ejers\WS_STM32\freertos\Debug\libfreertos.a(port.o)
 .comment       0x0000000000000053       0x54 D:\Documentos\STM32-WorkSpace\Mis_Ejers\WS_STM32\freertos\Debug\libfreertos.a(queue.o)

.debug_frame    0x0000000000000000     0x3da4
 .debug_frame   0x0000000000000000       0xf4 Core/Src/main.o
 .debug_frame   0x00000000000000f4       0x38 Core/Src/stm32f1xx_hal_msp.o
 .debug_frame   0x000000000000012c       0x74 Core/Src/stm32f1xx_hal_timebase_tim.o
 .debug_frame   0x00000000000001a0       0xc4 Core/Src/stm32f1xx_it.o
 .debug_frame   0x0000000000000264       0x34 Core/Src/sysmem.o
 .debug_frame   0x0000000000000298       0x58 Core/Src/system_stm32f1xx.o
 .debug_frame   0x00000000000002f0      0x334 Drivers/STM32F1xx_HAL_Driver/Src/stm32f1xx_hal.o
 .debug_frame   0x0000000000000624      0x428 Drivers/STM32F1xx_HAL_Driver/Src/stm32f1xx_hal_cortex.o
 .debug_frame   0x0000000000000a4c      0x14c Drivers/STM32F1xx_HAL_Driver/Src/stm32f1xx_hal_gpio.o
 .debug_frame   0x0000000000000b98      0x218 Drivers/STM32F1xx_HAL_Driver/Src/stm32f1xx_hal_rcc.o
 .debug_frame   0x0000000000000db0     0x11bc Drivers/STM32F1xx_HAL_Driver/Src/stm32f1xx_hal_tim.o
 .debug_frame   0x0000000000001f6c      0x638 Drivers/STM32F1xx_HAL_Driver/Src/stm32f1xx_hal_tim_ex.o
 .debug_frame   0x00000000000025a4      0x988 D:\Documentos\STM32-WorkSpace\Mis_Ejers\WS_STM32\freertos\Debug\libfreertos.a(tasks.o)
 .debug_frame   0x0000000000002f2c      0x3c8 D:\Documentos\STM32-WorkSpace\Mis_Ejers\WS_STM32\freertos\Debug\libfreertos.a(timers.o)
 .debug_frame   0x00000000000032f4       0x58 D:\Documentos\STM32-WorkSpace\Mis_Ejers\WS_STM32\freertos\Debug\libfreertos.a(heap_3.o)
 .debug_frame   0x000000000000334c       0xd8 D:\Documentos\STM32-WorkSpace\Mis_Ejers\WS_STM32\freertos\Debug\libfreertos.a(list.o)
 .debug_frame   0x0000000000003424      0x1bc D:\Documentos\STM32-WorkSpace\Mis_Ejers\WS_STM32\freertos\Debug\libfreertos.a(port.o)
 .debug_frame   0x00000000000035e0      0x530 D:\Documentos\STM32-WorkSpace\Mis_Ejers\WS_STM32\freertos\Debug\libfreertos.a(queue.o)
 .debug_frame   0x0000000000003b10       0x20 c:/st/stm32cubeide_1.6.1/stm32cubeide/plugins/com.st.stm32cube.ide.mcu.externaltools.gnu-tools-for-stm32.9-2020-q2-update.win32_1.5.0.202011040924/tools/bin/../lib/gcc/arm-none-eabi/9.3.1/../../../../arm-none-eabi/lib/thumb/v7-m/nofp\libc_nano.a(lib_a-errno.o)
 .debug_frame   0x0000000000003b30       0x2c c:/st/stm32cubeide_1.6.1/stm32cubeide/plugins/com.st.stm32cube.ide.mcu.externaltools.gnu-tools-for-stm32.9-2020-q2-update.win32_1.5.0.202011040924/tools/bin/../lib/gcc/arm-none-eabi/9.3.1/../../../../arm-none-eabi/lib/thumb/v7-m/nofp\libc_nano.a(lib_a-init.o)
 .debug_frame   0x0000000000003b5c       0x30 c:/st/stm32cubeide_1.6.1/stm32cubeide/plugins/com.st.stm32cube.ide.mcu.externaltools.gnu-tools-for-stm32.9-2020-q2-update.win32_1.5.0.202011040924/tools/bin/../lib/gcc/arm-none-eabi/9.3.1/../../../../arm-none-eabi/lib/thumb/v7-m/nofp\libc_nano.a(lib_a-malloc.o)
 .debug_frame   0x0000000000003b8c       0x28 c:/st/stm32cubeide_1.6.1/stm32cubeide/plugins/com.st.stm32cube.ide.mcu.externaltools.gnu-tools-for-stm32.9-2020-q2-update.win32_1.5.0.202011040924/tools/bin/../lib/gcc/arm-none-eabi/9.3.1/../../../../arm-none-eabi/lib/thumb/v7-m/nofp\libc_nano.a(lib_a-memcpy-stub.o)
 .debug_frame   0x0000000000003bb4       0x20 c:/st/stm32cubeide_1.6.1/stm32cubeide/plugins/com.st.stm32cube.ide.mcu.externaltools.gnu-tools-for-stm32.9-2020-q2-update.win32_1.5.0.202011040924/tools/bin/../lib/gcc/arm-none-eabi/9.3.1/../../../../arm-none-eabi/lib/thumb/v7-m/nofp\libc_nano.a(lib_a-memset.o)
 .debug_frame   0x0000000000003bd4       0x38 c:/st/stm32cubeide_1.6.1/stm32cubeide/plugins/com.st.stm32cube.ide.mcu.externaltools.gnu-tools-for-stm32.9-2020-q2-update.win32_1.5.0.202011040924/tools/bin/../lib/gcc/arm-none-eabi/9.3.1/../../../../arm-none-eabi/lib/thumb/v7-m/nofp\libc_nano.a(lib_a-nano-freer.o)
 .debug_frame   0x0000000000003c0c       0x30 c:/st/stm32cubeide_1.6.1/stm32cubeide/plugins/com.st.stm32cube.ide.mcu.externaltools.gnu-tools-for-stm32.9-2020-q2-update.win32_1.5.0.202011040924/tools/bin/../lib/gcc/arm-none-eabi/9.3.1/../../../../arm-none-eabi/lib/thumb/v7-m/nofp\libc_nano.a(lib_a-nano-mallocr.o)
 .debug_frame   0x0000000000003c3c       0x2c c:/st/stm32cubeide_1.6.1/stm32cubeide/plugins/com.st.stm32cube.ide.mcu.externaltools.gnu-tools-for-stm32.9-2020-q2-update.win32_1.5.0.202011040924/tools/bin/../lib/gcc/arm-none-eabi/9.3.1/../../../../arm-none-eabi/lib/thumb/v7-m/nofp\libc_nano.a(lib_a-sbrkr.o)
 .debug_frame   0x0000000000003c68       0x30 c:/st/stm32cubeide_1.6.1/stm32cubeide/plugins/com.st.stm32cube.ide.mcu.externaltools.gnu-tools-for-stm32.9-2020-q2-update.win32_1.5.0.202011040924/tools/bin/../lib/gcc/arm-none-eabi/9.3.1/../../../../arm-none-eabi/lib/thumb/v7-m/nofp\libc_nano.a(lib_a-mlock.o)
 .debug_frame   0x0000000000003c98       0x5c c:/st/stm32cubeide_1.6.1/stm32cubeide/plugins/com.st.stm32cube.ide.mcu.externaltools.gnu-tools-for-stm32.9-2020-q2-update.win32_1.5.0.202011040924/tools/bin/../lib/gcc/arm-none-eabi/9.3.1/../../../../arm-none-eabi/lib/thumb/v7-m/nofp\libc_nano.a(lib_a-reent.o)
 .debug_frame   0x0000000000003cf4       0xb0 c:/st/stm32cubeide_1.6.1/stm32cubeide/plugins/com.st.stm32cube.ide.mcu.externaltools.gnu-tools-for-stm32.9-2020-q2-update.win32_1.5.0.202011040924/tools/bin/../lib/gcc/arm-none-eabi/9.3.1/../../../../arm-none-eabi/lib/thumb/v7-m/nofp\libc_nano.a(lib_a-lock.o)
