Archive member included to satisfy reference by file (symbol)

D:\Documentos\STM32-WorkSpace\Mis_Ejers\WS_STM32\freertos\Debug\libfreertos.a(queue.o)
                              Core/Src/main.o (xQueueGenericCreate)
D:\Documentos\STM32-WorkSpace\Mis_Ejers\WS_STM32\freertos\Debug\libfreertos.a(tasks.o)
                              Core/Src/main.o (xTaskCreate)
D:\Documentos\STM32-WorkSpace\Mis_Ejers\WS_STM32\freertos\Debug\libfreertos.a(timers.o)
                              D:\Documentos\STM32-WorkSpace\Mis_Ejers\WS_STM32\freertos\Debug\libfreertos.a(tasks.o) (xTimerCreateTimerTask)
D:\Documentos\STM32-WorkSpace\Mis_Ejers\WS_STM32\freertos\Debug\libfreertos.a(heap_3.o)
                              D:\Documentos\STM32-WorkSpace\Mis_Ejers\WS_STM32\freertos\Debug\libfreertos.a(queue.o) (pvPortMalloc)
D:\Documentos\STM32-WorkSpace\Mis_Ejers\WS_STM32\freertos\Debug\libfreertos.a(list.o)
                              D:\Documentos\STM32-WorkSpace\Mis_Ejers\WS_STM32\freertos\Debug\libfreertos.a(queue.o) (vListInitialise)
D:\Documentos\STM32-WorkSpace\Mis_Ejers\WS_STM32\freertos\Debug\libfreertos.a(port.o)
                              D:\Documentos\STM32-WorkSpace\Mis_Ejers\WS_STM32\freertos\Debug\libfreertos.a(tasks.o) (pxPortInitialiseStack)
c:/st/stm32cubeide_1.6.1/stm32cubeide/plugins/com.st.stm32cube.ide.mcu.externaltools.gnu-tools-for-stm32.9-2020-q2-update.win32_1.5.0.202011040924/tools/bin/../lib/gcc/arm-none-eabi/9.3.1/../../../../arm-none-eabi/lib/thumb/v7-m/nofp\libc_nano.a(lib_a-errno.o)
                              Core/Src/syscalls.o (__errno)
c:/st/stm32cubeide_1.6.1/stm32cubeide/plugins/com.st.stm32cube.ide.mcu.externaltools.gnu-tools-for-stm32.9-2020-q2-update.win32_1.5.0.202011040924/tools/bin/../lib/gcc/arm-none-eabi/9.3.1/../../../../arm-none-eabi/lib/thumb/v7-m/nofp\libc_nano.a(lib_a-exit.o)
                              c:/st/stm32cubeide_1.6.1/stm32cubeide/plugins/com.st.stm32cube.ide.mcu.externaltools.gnu-tools-for-stm32.9-2020-q2-update.win32_1.5.0.202011040924/tools/bin/../lib/gcc/arm-none-eabi/9.3.1/../../../../arm-none-eabi/lib/thumb/v7-m/nofp/crt0.o (exit)
c:/st/stm32cubeide_1.6.1/stm32cubeide/plugins/com.st.stm32cube.ide.mcu.externaltools.gnu-tools-for-stm32.9-2020-q2-update.win32_1.5.0.202011040924/tools/bin/../lib/gcc/arm-none-eabi/9.3.1/../../../../arm-none-eabi/lib/thumb/v7-m/nofp\libc_nano.a(lib_a-impure.o)
                              c:/st/stm32cubeide_1.6.1/stm32cubeide/plugins/com.st.stm32cube.ide.mcu.externaltools.gnu-tools-for-stm32.9-2020-q2-update.win32_1.5.0.202011040924/tools/bin/../lib/gcc/arm-none-eabi/9.3.1/../../../../arm-none-eabi/lib/thumb/v7-m/nofp\libc_nano.a(lib_a-exit.o) (_global_impure_ptr)
c:/st/stm32cubeide_1.6.1/stm32cubeide/plugins/com.st.stm32cube.ide.mcu.externaltools.gnu-tools-for-stm32.9-2020-q2-update.win32_1.5.0.202011040924/tools/bin/../lib/gcc/arm-none-eabi/9.3.1/../../../../arm-none-eabi/lib/thumb/v7-m/nofp\libc_nano.a(lib_a-init.o)
                              c:/st/stm32cubeide_1.6.1/stm32cubeide/plugins/com.st.stm32cube.ide.mcu.externaltools.gnu-tools-for-stm32.9-2020-q2-update.win32_1.5.0.202011040924/tools/bin/../lib/gcc/arm-none-eabi/9.3.1/../../../../arm-none-eabi/lib/thumb/v7-m/nofp/crt0.o (__libc_init_array)
c:/st/stm32cubeide_1.6.1/stm32cubeide/plugins/com.st.stm32cube.ide.mcu.externaltools.gnu-tools-for-stm32.9-2020-q2-update.win32_1.5.0.202011040924/tools/bin/../lib/gcc/arm-none-eabi/9.3.1/../../../../arm-none-eabi/lib/thumb/v7-m/nofp\libc_nano.a(lib_a-malloc.o)
                              D:\Documentos\STM32-WorkSpace\Mis_Ejers\WS_STM32\freertos\Debug\libfreertos.a(heap_3.o) (malloc)
c:/st/stm32cubeide_1.6.1/stm32cubeide/plugins/com.st.stm32cube.ide.mcu.externaltools.gnu-tools-for-stm32.9-2020-q2-update.win32_1.5.0.202011040924/tools/bin/../lib/gcc/arm-none-eabi/9.3.1/../../../../arm-none-eabi/lib/thumb/v7-m/nofp\libc_nano.a(lib_a-memcpy-stub.o)
                              D:\Documentos\STM32-WorkSpace\Mis_Ejers\WS_STM32\freertos\Debug\libfreertos.a(queue.o) (memcpy)
c:/st/stm32cubeide_1.6.1/stm32cubeide/plugins/com.st.stm32cube.ide.mcu.externaltools.gnu-tools-for-stm32.9-2020-q2-update.win32_1.5.0.202011040924/tools/bin/../lib/gcc/arm-none-eabi/9.3.1/../../../../arm-none-eabi/lib/thumb/v7-m/nofp\libc_nano.a(lib_a-memset.o)
                              c:/st/stm32cubeide_1.6.1/stm32cubeide/plugins/com.st.stm32cube.ide.mcu.externaltools.gnu-tools-for-stm32.9-2020-q2-update.win32_1.5.0.202011040924/tools/bin/../lib/gcc/arm-none-eabi/9.3.1/../../../../arm-none-eabi/lib/thumb/v7-m/nofp/crt0.o (memset)
c:/st/stm32cubeide_1.6.1/stm32cubeide/plugins/com.st.stm32cube.ide.mcu.externaltools.gnu-tools-for-stm32.9-2020-q2-update.win32_1.5.0.202011040924/tools/bin/../lib/gcc/arm-none-eabi/9.3.1/../../../../arm-none-eabi/lib/thumb/v7-m/nofp\libc_nano.a(lib_a-nano-freer.o)
[...]
Memory Configuration

Name             Origin             Length             Attributes
RAM              0x0000000020000000 0x0000000000005000 xrw
FLASH            0x0000000008000000 0x0000000000010000 xr
*default*        0x0000000000000000 0xffffffffffffffff

Linker script and memory map

LOAD c:/st/stm32cubeide_1.6.1/stm32cubeide/plugins/com.st.stm32cube.ide.mcu.externaltools.gnu-tools-for-stm32.9-2020-q2-update.win32_1.5.0.202011040924/tools/bin/../lib/gcc/arm-none-eabi/9.3.1/thumb/v7-m/nofp/crti.o
LOAD c:/st/stm32cubeide_1.6.1/stm32cubeide/plugins/com.st.stm32cube.ide.mcu.externaltools.gnu-tools-for-stm32.9-2020-q2-update.win32_1.5.0.202011040924/tools/bin/../lib/gcc/arm-none-eabi/9.3.1/thumb/v7-m/nofp/crtbegin.o
LOAD c:/st/stm32cubeide_1.6.1/stm32cubeide/plugins/com.st.stm32cube.ide.mcu.externaltools.gnu-tools-for-stm32.9-2020-q2-update.win32_1.5.0.202011040924/tools/bin/../lib/gcc/arm-none-eabi/9.3.1/../../../../arm-none-eabi/lib/thumb/v7-m/nofp/crt0.o
LOAD Core/Src/main.o
LOAD Core/Src/stm32f1xx_hal_msp.o
LOAD Core/Src/stm32f1xx_hal_timebase_tim.o
LOAD Core/Src/stm32f1xx_it.o
LOAD Core/Src/syscalls.o
LOAD Core/Src/sysmem.o
LOAD Core/Src/system_stm32f1xx.o
LOAD Core/Startup/startup_stm32f103c8tx.o
LOAD Drivers/STM32F1xx_HAL_Driver/Src/stm32f1xx_hal.o
LOAD Drivers/STM32F1xx_HAL_Driver/Src/stm32f1xx_hal_adc.o
LOAD Drivers/STM32F1xx_HAL_Driver/Src/stm32f1xx_hal_adc_ex.o
LOAD Drivers/STM32F1xx_HAL_Driver/Src/stm32f1xx_hal_cortex.o
LOAD Drivers/STM32F1xx_HAL_Driver/Src/stm32f1xx_hal_dma.o
LOAD Drivers/STM32F1xx_HAL_Driver/Src/stm32f1xx_hal_exti.o
LOAD Drivers/STM32F1xx_HAL_Driver/Src/stm32f1xx_hal_flash.o
LOAD Drivers/STM32F1xx_HAL_Driver/Src/stm32f1xx_hal_flash_ex.o
LOAD Drivers/STM32F1xx_HAL_Driver/Src/stm32f1xx_hal_gpio.o
LOAD Drivers/STM32F1xx_HAL_Driver/Src/stm32f1xx_hal_gpio_ex.o
LOAD Drivers/STM32F1xx_HAL_Driver/Src/stm32f1xx_hal_pwr.o
LOAD Drivers/STM32F1xx_HAL_Driver/Src/stm32f1xx_hal_rcc.o
LOAD Drivers/STM32F1xx_HAL_Driver/Src/stm32f1xx_hal_rcc_ex.o
LOAD Drivers/STM32F1xx_HAL_Driver/Src/stm32f1xx_hal_tim.o
LOAD Drivers/STM32F1xx_HAL_Driver/Src/stm32f1xx_hal_tim_ex.o
LOAD D:\Documentos\STM32-WorkSpace\Mis_Ejers\WS_STM32\freertos\Debug\libfreertos.a
START GROUP
LOAD D:\Documentos\STM32-WorkSpace\Mis_Ejers\WS_STM32\freertos\Debug\libfreertos.a
END GROUP
START GROUP
LOAD c:/st/stm32cubeide_1.6.1/stm32cubeide/plugins/com.st.stm32cube.ide.mcu.externaltools.gnu-tools-for-stm32.9-2020-q2-update.win32_1.5.0.202011040924/tools/bin/../lib/gcc/arm-none-eabi/9.3.1/../../../../arm-none-eabi/lib/thumb/v7-m/nofp\libc_nano.a
LOAD c:/st/stm32cubeide_1.6.1/stm32cubeide/plugins/com.st.stm32cube.ide.mcu.externaltools.gnu-tools-for-stm32.9-2020-q2-update.win32_1.5.0.202011040924/tools/bin/../lib/gcc/arm-none-eabi/9.3.1/../../../../arm-none-eabi/lib/thumb/v7-m/nofp\libm.a
END GROUP
START GROUP
LOAD c:/st/stm32cubeide_1.6.1/stm32cubeide/plugins/com.st.stm32cube.ide.mcu.externaltools.gnu-tools-for-stm32.9-2020-q2-update.win32_1.5.0.202011040924/tools/bin/../lib/gcc/arm-none-eabi/9.3.1/thumb/v7-m/nofp\libgcc.a
LOAD c:/st/stm32cubeide_1.6.1/stm32cubeide/plugins/com.st.stm32cube.ide.mcu.externaltools.gnu-tools-for-stm32.9-2020-q2-update.win32_1.5.0.202011040924/tools/bin/../lib/gcc/arm-none-eabi/9.3.1/../../../../arm-none-eabi/lib/thumb/v7-m/nofp\libc_nano.a
END GROUP
START GROUP
LOAD c:/st/stm32cubeide_1.6.1/stm32cubeide/plugins/com.st.stm32cube.ide.mcu.externaltools.gnu-tools-for-stm32.9-2020-q2-update.win32_1.5.0.202011040924/tools/bin/../lib/gcc/arm-none-eabi/9.3.1/thumb/v7-m/nofp\libgcc.a
LOAD c:/st/stm32cubeide_1.6.1/stm32cubeide/plugins/com.st.stm32cube.ide.mcu.externaltools.gnu-tools-for-stm32.9-2020-q2-update.win32_1.5.0.202011040924/tools/bin/../lib/gcc/arm-none-eabi/9.3.1/../../../../arm-none-eabi/lib/thumb/v7-m/nofp\libc_nano.a
LOAD c:/st/stm32cubeide_1.6.1/stm32cubeide/plugins/com.st.stm32cube.ide.mcu.externaltools.gnu-tools-for-stm32.9-2020-q2-update.win32_1.5.0.202011040924/tools/bin/../lib/gcc/arm-none-eabi/9.3.1/../../../../arm-none-eabi/lib/thumb/v7-m/nofp\libnosys.a
END GROUP
START GROUP
LOAD c:/st/stm32cubeide_1.6.1/stm32cubeide/plugins/com.st.stm32cube.ide.mcu.externaltools.gnu-tools-for-stm32.9-2020-q2-update.win32_1.5.0.202011040924/tools/bin/../lib/gcc/arm-none-eabi/9.3.1/thumb/v7-m/nofp\libgcc.a
LOAD c:/st/stm32cubeide_1.6.1/stm32cubeide/plugins/com.st.stm32cube.ide.mcu.externaltools.gnu-tools-for-stm32.9-2020-q2-update.win32_1.5.0.202011040924/tools/bin/../lib/gcc/arm-none-eabi/9.3.1/../../../../arm-none-eabi/lib/thumb/v7-m/nofp\libc_nano.a
LOAD c:/st/stm32cubeide_1.6.1/stm32cubeide/plugins/com.st.stm32cube.ide.mcu.externaltools.gnu-tools-for-stm32.9-2020-q2-update.win32_1.5.0.202011040924/tools/bin/../lib/gcc/arm-none-eabi/9.3.1/../../../../arm-none-eabi/lib/thumb/v7-m/nofp\libnosys.a
END GROUP
LOAD c:/st/stm32cubeide_1.6.1/stm32cubeide/plugins/com.st.stm32cube.ide.mcu.externaltools.gnu-tools-for-stm32.9-2020-q2-update.win32_1.5.0.202011040924/tools/bin/../lib/gcc/arm-none-eabi/9.3.1/thumb/v7-m/nofp/crtend.o
LOAD c:/st/stm32cubeide_1.6.1/stm32cubeide/plugins/com.st.stm32cube.ide.mcu.externaltools.gnu-tools-for-stm32.9-2020-q2-update.win32_1.5.0.202011040924/tools/bin/../lib/gcc/arm-none-eabi/9.3.1/thumb/v7-m/nofp/crtn.o
                0x0000000020005000                _estack = (ORIGIN (RAM) + LENGTH (RAM))
                0x0000000000000200                _Min_Heap_Size = 0x200
                0x0000000000000400                _Min_Stack_Size = 0x400

.isr_vector     0x0000000008000000      0x10c
                0x0000000008000000                . = ALIGN (0x4)
 *(.isr_vector)
 .isr_vector    0x0000000008000000      0x10c Core/Startup/startup_stm32f103c8tx.o
                0x0000000008000000                g_pfnVectors
                0x000000000800010c                . = ALIGN (0x4)

.text           0x0000000008000110     0x5a14
                0x0000000008000110                . = ALIGN (0x4)
 *(.text)
 .text          0x0000000008000110       0x40 c:/st/stm32cubeide_1.6.1/stm32cubeide/plugins/com.st.stm32cube.ide.mcu.externaltools.gnu-tools-for-stm32.9-2020-q2-update.win32_1.5.0.202011040924/tools/bin/../lib/gcc/arm-none-eabi/9.3.1/thumb/v7-m/nofp/crtbegin.o
 *(.text*)
 .text.Adc      0x0000000008000150       0x14 Core/Src/main.o
 .text.Led      0x0000000008000164       0x20 Core/Src/main.o
 .text.Config   0x0000000008000184      0x140 Core/Src/main.o
 .text.HAL_ADC_ConvCpltCallback
                0x00000000080002c4       0x70 Core/Src/main.o
                0x00000000080002c4                HAL_ADC_ConvCpltCallback
 .text.main     0x0000000008000334       0xe4 Core/Src/main.o
                0x0000000008000334                main
 .text.SystemClock_Config
                0x0000000008000418       0xb6 Core/Src/main.o
                0x0000000008000418                SystemClock_Config
 *fill*         0x00000000080004ce        0x2 
 .text.MX_ADC1_Init
                0x00000000080004d0       0x7c Core/Src/main.o
 .text.MX_TIM2_Init
                0x000000000800054c       0x98 Core/Src/main.o
 .text.MX_GPIO_Init
                0x00000000080005e4       0x98 Core/Src/main.o
 .text.HAL_TIM_PeriodElapsedCallback
                0x000000000800067c       0x24 Core/Src/main.o
                0x000000000800067c                HAL_TIM_PeriodElapsedCallback
 .text.Error_Handler
                0x00000000080006a0        0xa Core/Src/main.o
                0x00000000080006a0                Error_Handler
 *fill*         0x00000000080006aa        0x2 
 .text.HAL_MspInit
                0x00000000080006ac       0x64 Core/Src/stm32f1xx_hal_msp.o
                0x00000000080006ac                HAL_MspInit
 .text.HAL_ADC_MspInit
                0x0000000008000710       0x88 Core/Src/stm32f1xx_hal_msp.o
                0x0000000008000710                HAL_ADC_MspInit
 .text.HAL_TIM_Base_MspInit
                0x0000000008000798       0x38 Core/Src/stm32f1xx_hal_msp.o
                0x0000000008000798                HAL_TIM_Base_MspInit
 .text.HAL_InitTick
                0x00000000080007d0       0xac Core/Src/stm32f1xx_hal_timebase_tim.o
                0x00000000080007d0                HAL_InitTick
 .text.NMI_Handler
                0x000000000800087c        0x6 Core/Src/stm32f1xx_it.o
                0x000000000800087c                NMI_Handler
 .text.HardFault_Handler
                0x0000000008000882        0x6 Core/Src/stm32f1xx_it.o
                0x0000000008000882                HardFault_Handler
 .text.MemManage_Handler
                0x0000000008000888        0x6 Core/Src/stm32f1xx_it.o
                0x0000000008000888                MemManage_Handler
 .text.BusFault_Handler
                0x000000000800088e        0x6 Core/Src/stm32f1xx_it.o
                0x000000000800088e                BusFault_Handler
 .text.UsageFault_Handler
                0x0000000008000894        0x6 Core/Src/stm32f1xx_it.o
                0x0000000008000894                UsageFault_Handler
 .text.DebugMon_Handler
                0x000000000800089a        0xc Core/Src/stm32f1xx_it.o
                0x000000000800089a                DebugMon_Handler
 *fill*         0x00000000080008a6        0x2 
 .text.ADC1_2_IRQHandler
                0x00000000080008a8       0x14 Core/Src/stm32f1xx_it.o
                0x00000000080008a8                ADC1_2_IRQHandler
 .text.TIM1_UP_IRQHandler
                0x00000000080008bc       0x14 Core/Src/stm32f1xx_it.o
                0x00000000080008bc                TIM1_UP_IRQHandler
 .text._sbrk    0x00000000080008d0       0x6c Core/Src/sysmem.o
                0x00000000080008d0                _sbrk
 .text.SystemInit
                0x000000000800093c        0xc Core/Src/system_stm32f1xx.o
                0x000000000800093c                SystemInit
 .text.Reset_Handler
                0x0000000008000948       0x48 Core/Startup/startup_stm32f103c8tx.o
                0x0000000008000948                Reset_Handler
 .text.Default_Handler
                0x0000000008000990        0x2 Core/Startup/startup_stm32f103c8tx.o
                0x0000000008000990                RTC_Alarm_IRQHandler
                0x0000000008000990                EXTI2_IRQHandler
                0x0000000008000990                TIM1_CC_IRQHandler
                0x0000000008000990                PVD_IRQHandler
                0x0000000008000990                EXTI3_IRQHandler
                0x0000000008000990                EXTI0_IRQHandler
                0x0000000008000990                I2C2_EV_IRQHandler
                0x0000000008000990                SPI1_IRQHandler
                0x0000000008000990                TAMPER_IRQHandler
                0x0000000008000990                DMA1_Channel4_IRQHandler
                0x0000000008000990                USART3_IRQHandler
                0x0000000008000990                RTC_IRQHandler
                0x0000000008000990                DMA1_Channel7_IRQHandler
                0x0000000008000990                CAN1_RX1_IRQHandler
                0x0000000008000990                TIM4_IRQHandler
                0x0000000008000990                I2C1_EV_IRQHandler
                0x0000000008000990                DMA1_Channel6_IRQHandler
                0x0000000008000990                TIM3_IRQHandler
                0x0000000008000990                RCC_IRQHandler
                0x0000000008000990                TIM1_TRG_COM_IRQHandler
                0x0000000008000990                DMA1_Channel1_IRQHandler
                0x0000000008000990                Default_Handler
                0x0000000008000990                EXTI15_10_IRQHandler
                0x0000000008000990                EXTI9_5_IRQHandler
                0x0000000008000990                SPI2_IRQHandler
                0x0000000008000990                DMA1_Channel5_IRQHandler
                0x0000000008000990                EXTI4_IRQHandler
                0x0000000008000990                USB_LP_CAN1_RX0_IRQHandler
                0x0000000008000990                USB_HP_CAN1_TX_IRQHandler
                0x0000000008000990                DMA1_Channel3_IRQHandler
                0x0000000008000990                WWDG_IRQHandler
                0x0000000008000990                TIM2_IRQHandler
                0x0000000008000990                TIM1_BRK_IRQHandler
                0x0000000008000990                EXTI1_IRQHandler
                0x0000000008000990                USART2_IRQHandler
                0x0000000008000990                I2C2_ER_IRQHandler
                0x0000000008000990                DMA1_Channel2_IRQHandler
                0x0000000008000990                CAN1_SCE_IRQHandler
                0x0000000008000990                FLASH_IRQHandler
                0x0000000008000990                USART1_IRQHandler
                0x0000000008000990                I2C1_ER_IRQHandler
                0x0000000008000990                USBWakeUp_IRQHandler
 *fill*         0x0000000008000992        0x2 
 .text.HAL_Init
                0x0000000008000994       0x2c Drivers/STM32F1xx_HAL_Driver/Src/stm32f1xx_hal.o
                0x0000000008000994                HAL_Init
 .text.HAL_IncTick
                0x00000000080009c0       0x24 Drivers/STM32F1xx_HAL_Driver/Src/stm32f1xx_hal.o
                0x00000000080009c0                HAL_IncTick
 .text.HAL_GetTick
                0x00000000080009e4       0x14 Drivers/STM32F1xx_HAL_Driver/Src/stm32f1xx_hal.o
                0x00000000080009e4                HAL_GetTick
 .text.HAL_ADC_Init
                0x00000000080009f8      0x1b0 Drivers/STM32F1xx_HAL_Driver/Src/stm32f1xx_hal_adc.o
                0x00000000080009f8                HAL_ADC_Init
 .text.HAL_ADC_Start_IT
                0x0000000008000ba8      0x16c Drivers/STM32F1xx_HAL_Driver/Src/stm32f1xx_hal_adc.o
                0x0000000008000ba8                HAL_ADC_Start_IT
 .text.HAL_ADC_GetValue
                0x0000000008000d14       0x18 Drivers/STM32F1xx_HAL_Driver/Src/stm32f1xx_hal_adc.o
                0x0000000008000d14                HAL_ADC_GetValue
 .text.HAL_ADC_IRQHandler
                0x0000000008000d2c      0x17e Drivers/STM32F1xx_HAL_Driver/Src/stm32f1xx_hal_adc.o
                0x0000000008000d2c                HAL_ADC_IRQHandler
 .text.HAL_ADC_LevelOutOfWindowCallback
                0x0000000008000eaa       0x12 Drivers/STM32F1xx_HAL_Driver/Src/stm32f1xx_hal_adc.o
                0x0000000008000eaa                HAL_ADC_LevelOutOfWindowCallback
 .text.HAL_ADC_ConfigChannel
                0x0000000008000ebc      0x1f0 Drivers/STM32F1xx_HAL_Driver/Src/stm32f1xx_hal_adc.o
                0x0000000008000ebc                HAL_ADC_ConfigChannel
 .text.ADC_Enable
                0x00000000080010ac       0xb4 Drivers/STM32F1xx_HAL_Driver/Src/stm32f1xx_hal_adc.o
                0x00000000080010ac                ADC_Enable
 .text.ADC_ConversionStop_Disable
                0x0000000008001160       0x82 Drivers/STM32F1xx_HAL_Driver/Src/stm32f1xx_hal_adc.o
                0x0000000008001160                ADC_ConversionStop_Disable
 .text.HAL_ADCEx_InjectedConvCpltCallback
                0x00000000080011e2       0x12 Drivers/STM32F1xx_HAL_Driver/Src/stm32f1xx_hal_adc_ex.o
                0x00000000080011e2                HAL_ADCEx_InjectedConvCpltCallback
 .text.__NVIC_SetPriorityGrouping
                0x00000000080011f4       0x48 Drivers/STM32F1xx_HAL_Driver/Src/stm32f1xx_hal_cortex.o
 .text.__NVIC_GetPriorityGrouping
                0x000000000800123c       0x1c Drivers/STM32F1xx_HAL_Driver/Src/stm32f1xx_hal_cortex.o
 .text.__NVIC_EnableIRQ
                0x0000000008001258       0x38 Drivers/STM32F1xx_HAL_Driver/Src/stm32f1xx_hal_cortex.o
 .text.__NVIC_SetPriority
                0x0000000008001290       0x54 Drivers/STM32F1xx_HAL_Driver/Src/stm32f1xx_hal_cortex.o
 .text.NVIC_EncodePriority
                0x00000000080012e4       0x64 Drivers/STM32F1xx_HAL_Driver/Src/stm32f1xx_hal_cortex.o
 .text.HAL_NVIC_SetPriorityGrouping
                0x0000000008001348       0x16 Drivers/STM32F1xx_HAL_Driver/Src/stm32f1xx_hal_cortex.o
                0x0000000008001348                HAL_NVIC_SetPriorityGrouping
 .text.HAL_NVIC_SetPriority
                0x000000000800135e       0x38 Drivers/STM32F1xx_HAL_Driver/Src/stm32f1xx_hal_cortex.o
                0x000000000800135e                HAL_NVIC_SetPriority
 .text.HAL_NVIC_EnableIRQ
                0x0000000008001396       0x1c Drivers/STM32F1xx_HAL_Driver/Src/stm32f1xx_hal_cortex.o
                0x0000000008001396                HAL_NVIC_EnableIRQ
 *fill*         0x00000000080013b2        0x2 
 .text.HAL_GPIO_Init
                0x00000000080013b4      0x308 Drivers/STM32F1xx_HAL_Driver/Src/stm32f1xx_hal_gpio.o
                0x00000000080013b4                HAL_GPIO_Init
 .text.HAL_GPIO_WritePin
                0x00000000080016bc       0x30 Drivers/STM32F1xx_HAL_Driver/Src/stm32f1xx_hal_gpio.o
                0x00000000080016bc                HAL_GPIO_WritePin
 .text.HAL_RCC_OscConfig
                0x00000000080016ec      0x500 Drivers/STM32F1xx_HAL_Driver/Src/stm32f1xx_hal_rcc.o
                0x00000000080016ec                HAL_RCC_OscConfig
 .text.HAL_RCC_ClockConfig
                0x0000000008001bec      0x1d4 Drivers/STM32F1xx_HAL_Driver/Src/stm32f1xx_hal_rcc.o
                0x0000000008001bec                HAL_RCC_ClockConfig
 .text.HAL_RCC_GetSysClockFreq
                0x0000000008001dc0       0xa8 Drivers/STM32F1xx_HAL_Driver/Src/stm32f1xx_hal_rcc.o
                0x0000000008001dc0                HAL_RCC_GetSysClockFreq
 .text.HAL_RCC_GetHCLKFreq
                0x0000000008001e68       0x14 Drivers/STM32F1xx_HAL_Driver/Src/stm32f1xx_hal_rcc.o
                0x0000000008001e68                HAL_RCC_GetHCLKFreq
 .text.HAL_RCC_GetPCLK2Freq
                0x0000000008001e7c       0x28 Drivers/STM32F1xx_HAL_Driver/Src/stm32f1xx_hal_rcc.o
                0x0000000008001e7c                HAL_RCC_GetPCLK2Freq
 .text.HAL_RCC_GetClockConfig
                0x0000000008001ea4       0x60 Drivers/STM32F1xx_HAL_Driver/Src/stm32f1xx_hal_rcc.o
                0x0000000008001ea4                HAL_RCC_GetClockConfig
 .text.RCC_Delay
                0x0000000008001f04       0x3c Drivers/STM32F1xx_HAL_Driver/Src/stm32f1xx_hal_rcc.o
 .text.HAL_RCCEx_PeriphCLKConfig
                0x0000000008001f40      0x16c Drivers/STM32F1xx_HAL_Driver/Src/stm32f1xx_hal_rcc_ex.o
                0x0000000008001f40                HAL_RCCEx_PeriphCLKConfig
 .text.HAL_TIM_Base_Init
                0x00000000080020ac       0x9e Drivers/STM32F1xx_HAL_Driver/Src/stm32f1xx_hal_tim.o
                0x00000000080020ac                HAL_TIM_Base_Init
 *fill*         0x000000000800214a        0x2 
 .text.HAL_TIM_Base_Start
                0x000000000800214c       0x94 Drivers/STM32F1xx_HAL_Driver/Src/stm32f1xx_hal_tim.o
                0x000000000800214c                HAL_TIM_Base_Start
 .text.HAL_TIM_Base_Start_IT
                0x00000000080021e0       0xa4 Drivers/STM32F1xx_HAL_Driver/Src/stm32f1xx_hal_tim.o
                0x00000000080021e0                HAL_TIM_Base_Start_IT
 .text.HAL_TIM_IRQHandler
                0x0000000008002284      0x210 Drivers/STM32F1xx_HAL_Driver/Src/stm32f1xx_hal_tim.o
                0x0000000008002284                HAL_TIM_IRQHandler
 .text.HAL_TIM_ConfigClockSource
                0x0000000008002494      0x18e Drivers/STM32F1xx_HAL_Driver/Src/stm32f1xx_hal_tim.o
                0x0000000008002494                HAL_TIM_ConfigClockSource
 .text.HAL_TIM_OC_DelayElapsedCallback
                0x0000000008002622       0x12 Drivers/STM32F1xx_HAL_Driver/Src/stm32f1xx_hal_tim.o
                0x0000000008002622                HAL_TIM_OC_DelayElapsedCallback
 .text.HAL_TIM_IC_CaptureCallback
                0x0000000008002634       0x12 Drivers/STM32F1xx_HAL_Driver/Src/stm32f1xx_hal_tim.o
                0x0000000008002634                HAL_TIM_IC_CaptureCallback
 .text.HAL_TIM_PWM_PulseFinishedCallback
                0x0000000008002646       0x12 Drivers/STM32F1xx_HAL_Driver/Src/stm32f1xx_hal_tim.o
                0x0000000008002646                HAL_TIM_PWM_PulseFinishedCallback
 .text.HAL_TIM_TriggerCallback
                0x0000000008002658       0x12 Drivers/STM32F1xx_HAL_Driver/Src/stm32f1xx_hal_tim.o
                0x0000000008002658                HAL_TIM_TriggerCallback
 *fill*         0x000000000800266a        0x2 
 .text.TIM_Base_SetConfig
                0x000000000800266c       0xc4 Drivers/STM32F1xx_HAL_Driver/Src/stm32f1xx_hal_tim.o
                0x000000000800266c                TIM_Base_SetConfig
 .text.TIM_TI1_ConfigInputStage
                0x0000000008002730       0x5c Drivers/STM32F1xx_HAL_Driver/Src/stm32f1xx_hal_tim.o
 .text.TIM_TI2_ConfigInputStage
                0x000000000800278c       0x5e Drivers/STM32F1xx_HAL_Driver/Src/stm32f1xx_hal_tim.o
 .text.TIM_ITRx_SetConfig
                0x00000000080027ea       0x34 Drivers/STM32F1xx_HAL_Driver/Src/stm32f1xx_hal_tim.o
 .text.TIM_ETR_SetConfig
                0x000000000800281e       0x3e Drivers/STM32F1xx_HAL_Driver/Src/stm32f1xx_hal_tim.o
                0x000000000800281e                TIM_ETR_SetConfig
 .text.HAL_TIMEx_MasterConfigSynchronization
                0x000000000800285c       0xbc Drivers/STM32F1xx_HAL_Driver/Src/stm32f1xx_hal_tim_ex.o
                0x000000000800285c                HAL_TIMEx_MasterConfigSynchronization
 .text.HAL_TIMEx_CommutCallback
                0x0000000008002918       0x12 Drivers/STM32F1xx_HAL_Driver/Src/stm32f1xx_hal_tim_ex.o
                0x0000000008002918                HAL_TIMEx_CommutCallback
 .text.HAL_TIMEx_BreakCallback
                0x000000000800292a       0x12 Drivers/STM32F1xx_HAL_Driver/Src/stm32f1xx_hal_tim_ex.o
                0x000000000800292a                HAL_TIMEx_BreakCallback
 .text.xQueueGenericReset
                0x000000000800293c      0x120 D:\Documentos\STM32-WorkSpace\Mis_Ejers\WS_STM32\freertos\Debug\libfreertos.a(queue.o)
                0x000000000800293c                xQueueGenericReset
 .text.xQueueGenericCreate
                0x0000000008002a5c       0x9c D:\Documentos\STM32-WorkSpace\Mis_Ejers\WS_STM32\freertos\Debug\libfreertos.a(queue.o)
                0x0000000008002a5c                xQueueGenericCreate
 .text.prvInitialiseNewQueue
                0x0000000008002af8       0x46 D:\Documentos\STM32-WorkSpace\Mis_Ejers\WS_STM32\freertos\Debug\libfreertos.a(queue.o)
 *fill*         0x0000000008002b3e        0x2 
 .text.xQueueGenericSend
                0x0000000008002b40      0x1fc D:\Documentos\STM32-WorkSpace\Mis_Ejers\WS_STM32\freertos\Debug\libfreertos.a(queue.o)
                0x0000000008002b40                xQueueGenericSend
 .text.xQueueGenericSendFromISR
                0x0000000008002d3c      0x164 D:\Documentos\STM32-WorkSpace\Mis_Ejers\WS_STM32\freertos\Debug\libfreertos.a(queue.o)
                0x0000000008002d3c                xQueueGenericSendFromISR
 .text.xQueueGiveFromISR
                0x0000000008002ea0      0x148 D:\Documentos\STM32-WorkSpace\Mis_Ejers\WS_STM32\freertos\Debug\libfreertos.a(queue.o)
                0x0000000008002ea0                xQueueGiveFromISR
 .text.xQueueReceive
                0x0000000008002fe8      0x1c0 D:\Documentos\STM32-WorkSpace\Mis_Ejers\WS_STM32\freertos\Debug\libfreertos.a(queue.o)
                0x0000000008002fe8                xQueueReceive
 .text.xQueueSemaphoreTake
                0x00000000080031a8      0x1fc D:\Documentos\STM32-WorkSpace\Mis_Ejers\WS_STM32\freertos\Debug\libfreertos.a(queue.o)
                0x00000000080031a8                xQueueSemaphoreTake
 .text.prvGetDisinheritPriorityAfterTimeout
                0x00000000080033a4       0x2e D:\Documentos\STM32-WorkSpace\Mis_Ejers\WS_STM32\freertos\Debug\libfreertos.a(queue.o)
 .text.prvCopyDataToQueue
                0x00000000080033d2       0xd4 D:\Documentos\STM32-WorkSpace\Mis_Ejers\WS_STM32\freertos\Debug\libfreertos.a(queue.o)
 .text.prvCopyDataFromQueue
                0x00000000080034a6       0x4c D:\Documentos\STM32-WorkSpace\Mis_Ejers\WS_STM32\freertos\Debug\libfreertos.a(queue.o)
 .text.prvUnlockQueue
                0x00000000080034f2       0xa4 D:\Documentos\STM32-WorkSpace\Mis_Ejers\WS_STM32\freertos\Debug\libfreertos.a(queue.o)
 .text.prvIsQueueEmpty
                0x0000000008003596       0x2c D:\Documentos\STM32-WorkSpace\Mis_Ejers\WS_STM32\freertos\Debug\libfreertos.a(queue.o)
 .text.prvIsQueueFull
                0x00000000080035c2       0x30 D:\Documentos\STM32-WorkSpace\Mis_Ejers\WS_STM32\freertos\Debug\libfreertos.a(queue.o)
 *fill*         0x00000000080035f2        0x2 
 .text.vQueueAddToRegistry
                0x00000000080035f4       0x9c D:\Documentos\STM32-WorkSpace\Mis_Ejers\WS_STM32\freertos\Debug\libfreertos.a(queue.o)
                0x00000000080035f4                vQueueAddToRegistry
 .text.vQueueWaitForMessageRestricted
                0x0000000008003690       0x68 D:\Documentos\STM32-WorkSpace\Mis_Ejers\WS_STM32\freertos\Debug\libfreertos.a(queue.o)
                0x0000000008003690                vQueueWaitForMessageRestricted
 .text.xTaskCreate
                0x00000000080036f8       0x8a D:\Documentos\STM32-WorkSpace\Mis_Ejers\WS_STM32\freertos\Debug\libfreertos.a(tasks.o)
                0x00000000080036f8                xTaskCreate
 .text.prvInitialiseNewTask
                0x0000000008003782      0x11c D:\Documentos\STM32-WorkSpace\Mis_Ejers\WS_STM32\freertos\Debug\libfreertos.a(tasks.o)
 *fill*         0x000000000800389e        0x2 
 .text.prvAddNewTaskToReadyList
                0x00000000080038a0      0x130 D:\Documentos\STM32-WorkSpace\Mis_Ejers\WS_STM32\freertos\Debug\libfreertos.a(tasks.o)
 .text.vTaskPrioritySet
                0x00000000080039d0      0x18c D:\Documentos\STM32-WorkSpace\Mis_Ejers\WS_STM32\freertos\Debug\libfreertos.a(tasks.o)
                0x00000000080039d0                vTaskPrioritySet
 .text.vTaskStartScheduler
                0x0000000008003b5c       0xa4 D:\Documentos\STM32-WorkSpace\Mis_Ejers\WS_STM32\freertos\Debug\libfreertos.a(tasks.o)
                0x0000000008003b5c                vTaskStartScheduler
 .text.vTaskSuspendAll
                0x0000000008003c00       0x1c D:\Documentos\STM32-WorkSpace\Mis_Ejers\WS_STM32\freertos\Debug\libfreertos.a(tasks.o)
                0x0000000008003c00                vTaskSuspendAll
 .text.prvGetExpectedIdleTime
                0x0000000008003c1c       0x6c D:\Documentos\STM32-WorkSpace\Mis_Ejers\WS_STM32\freertos\Debug\libfreertos.a(tasks.o)
 .text.xTaskResumeAll
                0x0000000008003c88      0x1f8 D:\Documentos\STM32-WorkSpace\Mis_Ejers\WS_STM32\freertos\Debug\libfreertos.a(tasks.o)
                0x0000000008003c88                xTaskResumeAll
 .text.xTaskGetTickCount
                0x0000000008003e80       0x1c D:\Documentos\STM32-WorkSpace\Mis_Ejers\WS_STM32\freertos\Debug\libfreertos.a(tasks.o)
                0x0000000008003e80                xTaskGetTickCount
 .text.uxTaskGetNumberOfTasks
                0x0000000008003e9c       0x14 D:\Documentos\STM32-WorkSpace\Mis_Ejers\WS_STM32\freertos\Debug\libfreertos.a(tasks.o)
                0x0000000008003e9c                uxTaskGetNumberOfTasks
 .text.vTaskStepTick
                0x0000000008003eb0       0xb4 D:\Documentos\STM32-WorkSpace\Mis_Ejers\WS_STM32\freertos\Debug\libfreertos.a(tasks.o)
                0x0000000008003eb0                vTaskStepTick
 .text.xTaskIncrementTick
                0x0000000008003f64      0x230 D:\Documentos\STM32-WorkSpace\Mis_Ejers\WS_STM32\freertos\Debug\libfreertos.a(tasks.o)
                0x0000000008003f64                xTaskIncrementTick
 .text.vTaskSwitchContext
                0x0000000008004194       0xb8 D:\Documentos\STM32-WorkSpace\Mis_Ejers\WS_STM32\freertos\Debug\libfreertos.a(tasks.o)
                0x0000000008004194                vTaskSwitchContext
 .text.vTaskPlaceOnEventList
                0x000000000800424c       0x48 D:\Documentos\STM32-WorkSpace\Mis_Ejers\WS_STM32\freertos\Debug\libfreertos.a(tasks.o)
                0x000000000800424c                vTaskPlaceOnEventList
 .text.vTaskPlaceOnEventListRestricted
                0x0000000008004294       0x8c D:\Documentos\STM32-WorkSpace\Mis_Ejers\WS_STM32\freertos\Debug\libfreertos.a(tasks.o)
                0x0000000008004294                vTaskPlaceOnEventListRestricted
 .text.xTaskRemoveFromEventList
                0x0000000008004320      0x1b0 D:\Documentos\STM32-WorkSpace\Mis_Ejers\WS_STM32\freertos\Debug\libfreertos.a(tasks.o)
                0x0000000008004320                xTaskRemoveFromEventList
 .text.vTaskInternalSetTimeOutState
                0x00000000080044d0       0x2c D:\Documentos\STM32-WorkSpace\Mis_Ejers\WS_STM32\freertos\Debug\libfreertos.a(tasks.o)
                0x00000000080044d0                vTaskInternalSetTimeOutState
 .text.xTaskCheckForTimeOut
                0x00000000080044fc       0xcc D:\Documentos\STM32-WorkSpace\Mis_Ejers\WS_STM32\freertos\Debug\libfreertos.a(tasks.o)
                0x00000000080044fc                xTaskCheckForTimeOut
 .text.vTaskMissedYield
                0x00000000080045c8       0x18 D:\Documentos\STM32-WorkSpace\Mis_Ejers\WS_STM32\freertos\Debug\libfreertos.a(tasks.o)
                0x00000000080045c8                vTaskMissedYield
 .text.prvIdleTask
                0x00000000080045e0       0x80 D:\Documentos\STM32-WorkSpace\Mis_Ejers\WS_STM32\freertos\Debug\libfreertos.a(tasks.o)
 .text.eTaskConfirmSleepModeStatus
                0x0000000008004660       0x6c D:\Documentos\STM32-WorkSpace\Mis_Ejers\WS_STM32\freertos\Debug\libfreertos.a(tasks.o)
                0x0000000008004660                eTaskConfirmSleepModeStatus
 .text.prvInitialiseTaskLists
                0x00000000080046cc       0x80 D:\Documentos\STM32-WorkSpace\Mis_Ejers\WS_STM32\freertos\Debug\libfreertos.a(tasks.o)
 .text.prvCheckTasksWaitingTermination
                0x000000000800474c       0x5c D:\Documentos\STM32-WorkSpace\Mis_Ejers\WS_STM32\freertos\Debug\libfreertos.a(tasks.o)
 .text.prvDeleteTCB
                0x00000000080047a8       0x20 D:\Documentos\STM32-WorkSpace\Mis_Ejers\WS_STM32\freertos\Debug\libfreertos.a(tasks.o)
 .text.prvResetNextTaskUnblockTime
                0x00000000080047c8       0x34 D:\Documentos\STM32-WorkSpace\Mis_Ejers\WS_STM32\freertos\Debug\libfreertos.a(tasks.o)
 .text.xTaskGetSchedulerState
                0x00000000080047fc       0x3c D:\Documentos\STM32-WorkSpace\Mis_Ejers\WS_STM32\freertos\Debug\libfreertos.a(tasks.o)
                0x00000000080047fc                xTaskGetSchedulerState
 .text.xTaskPriorityInherit
                0x0000000008004838      0x120 D:\Documentos\STM32-WorkSpace\Mis_Ejers\WS_STM32\freertos\Debug\libfreertos.a(tasks.o)
                0x0000000008004838                xTaskPriorityInherit
 .text.xTaskPriorityDisinherit
                0x0000000008004958      0x12c D:\Documentos\STM32-WorkSpace\Mis_Ejers\WS_STM32\freertos\Debug\libfreertos.a(tasks.o)
                0x0000000008004958                xTaskPriorityDisinherit
 .text.vTaskPriorityDisinheritAfterTimeout
                0x0000000008004a84      0x154 D:\Documentos\STM32-WorkSpace\Mis_Ejers\WS_STM32\freertos\Debug\libfreertos.a(tasks.o)
                0x0000000008004a84                vTaskPriorityDisinheritAfterTimeout
 .text.pvTaskIncrementMutexHeldCount
                0x0000000008004bd8       0x28 D:\Documentos\STM32-WorkSpace\Mis_Ejers\WS_STM32\freertos\Debug\libfreertos.a(tasks.o)
                0x0000000008004bd8                pvTaskIncrementMutexHeldCount
 .text.prvAddCurrentTaskToDelayedList
                0x0000000008004c00       0xdc D:\Documentos\STM32-WorkSpace\Mis_Ejers\WS_STM32\freertos\Debug\libfreertos.a(tasks.o)
 .text.xTimerCreateTimerTask
                0x0000000008004cdc       0x64 D:\Documentos\STM32-WorkSpace\Mis_Ejers\WS_STM32\freertos\Debug\libfreertos.a(timers.o)
                0x0000000008004cdc                xTimerCreateTimerTask
 .text.prvReloadTimer
                0x0000000008004d40       0x42 D:\Documentos\STM32-WorkSpace\Mis_Ejers\WS_STM32\freertos\Debug\libfreertos.a(timers.o)
 *fill*         0x0000000008004d82        0x2 
 .text.prvProcessExpiredTimer
                0x0000000008004d84       0x60 D:\Documentos\STM32-WorkSpace\Mis_Ejers\WS_STM32\freertos\Debug\libfreertos.a(timers.o)
 .text.prvTimerTask
                0x0000000008004de4       0x24 D:\Documentos\STM32-WorkSpace\Mis_Ejers\WS_STM32\freertos\Debug\libfreertos.a(timers.o)
 .text.prvProcessTimerOrBlockTask
                0x0000000008004e08       0x9c D:\Documentos\STM32-WorkSpace\Mis_Ejers\WS_STM32\freertos\Debug\libfreertos.a(timers.o)
 .text.prvGetNextExpireTime
                0x0000000008004ea4       0x44 D:\Documentos\STM32-WorkSpace\Mis_Ejers\WS_STM32\freertos\Debug\libfreertos.a(timers.o)
 .text.prvSampleTimeNow
                0x0000000008004ee8       0x40 D:\Documentos\STM32-WorkSpace\Mis_Ejers\WS_STM32\freertos\Debug\libfreertos.a(timers.o)
 .text.prvInsertTimerInActiveList
                0x0000000008004f28       0x84 D:\Documentos\STM32-WorkSpace\Mis_Ejers\WS_STM32\freertos\Debug\libfreertos.a(timers.o)
 .text.prvProcessReceivedCommands
                0x0000000008004fac      0x17c D:\Documentos\STM32-WorkSpace\Mis_Ejers\WS_STM32\freertos\Debug\libfreertos.a(timers.o)
 .text.prvSwitchTimerLists
                0x0000000008005128       0x4c D:\Documentos\STM32-WorkSpace\Mis_Ejers\WS_STM32\freertos\Debug\libfreertos.a(timers.o)
 .text.prvCheckForValidListAndQueue
                0x0000000008005174       0x6c D:\Documentos\STM32-WorkSpace\Mis_Ejers\WS_STM32\freertos\Debug\libfreertos.a(timers.o)
 .text.pvPortMalloc
                0x00000000080051e0       0x24 D:\Documentos\STM32-WorkSpace\Mis_Ejers\WS_STM32\freertos\Debug\libfreertos.a(heap_3.o)
                0x00000000080051e0                pvPortMalloc
 .text.vPortFree
                0x0000000008005204       0x24 D:\Documentos\STM32-WorkSpace\Mis_Ejers\WS_STM32\freertos\Debug\libfreertos.a(heap_3.o)
                0x0000000008005204                vPortFree
 .text.vListInitialise
                0x0000000008005228       0x3e D:\Documentos\STM32-WorkSpace\Mis_Ejers\WS_STM32\freertos\Debug\libfreertos.a(list.o)
                0x0000000008005228                vListInitialise
 .text.vListInitialiseItem
                0x0000000008005266       0x18 D:\Documentos\STM32-WorkSpace\Mis_Ejers\WS_STM32\freertos\Debug\libfreertos.a(list.o)
                0x0000000008005266                vListInitialiseItem
 .text.vListInsert
                0x000000000800527e       0x70 D:\Documentos\STM32-WorkSpace\Mis_Ejers\WS_STM32\freertos\Debug\libfreertos.a(list.o)
                0x000000000800527e                vListInsert
 .text.uxListRemove
                0x00000000080052ee       0x52 D:\Documentos\STM32-WorkSpace\Mis_Ejers\WS_STM32\freertos\Debug\libfreertos.a(list.o)
                0x00000000080052ee                uxListRemove
 .text.pxPortInitialiseStack
                0x0000000008005340       0x58 D:\Documentos\STM32-WorkSpace\Mis_Ejers\WS_STM32\freertos\Debug\libfreertos.a(port.o)
                0x0000000008005340                pxPortInitialiseStack
 .text.prvTaskExitError
                0x0000000008005398       0x58 D:\Documentos\STM32-WorkSpace\Mis_Ejers\WS_STM32\freertos\Debug\libfreertos.a(port.o)
 .text.SVC_Handler
                0x00000000080053f0       0x28 D:\Documentos\STM32-WorkSpace\Mis_Ejers\WS_STM32\freertos\Debug\libfreertos.a(port.o)
                0x00000000080053f0                SVC_Handler
 .text.prvPortStartFirstTask
                0x0000000008005418       0x24 D:\Documentos\STM32-WorkSpace\Mis_Ejers\WS_STM32\freertos\Debug\libfreertos.a(port.o)
 .text.xPortStartScheduler
                0x000000000800543c       0xe4 D:\Documentos\STM32-WorkSpace\Mis_Ejers\WS_STM32\freertos\Debug\libfreertos.a(port.o)
                0x000000000800543c                xPortStartScheduler
 .text.vPortEnterCritical
                0x0000000008005520       0x60 D:\Documentos\STM32-WorkSpace\Mis_Ejers\WS_STM32\freertos\Debug\libfreertos.a(port.o)
                0x0000000008005520                vPortEnterCritical
 .text.vPortExitCritical
                0x0000000008005580       0x50 D:\Documentos\STM32-WorkSpace\Mis_Ejers\WS_STM32\freertos\Debug\libfreertos.a(port.o)
                0x0000000008005580                vPortExitCritical
 .text.PendSV_Handler
                0x00000000080055d0       0x48 D:\Documentos\STM32-WorkSpace\Mis_Ejers\WS_STM32\freertos\Debug\libfreertos.a(port.o)
                0x00000000080055d0                PendSV_Handler
 .text.SysTick_Handler
                0x0000000008005618       0x44 D:\Documentos\STM32-WorkSpace\Mis_Ejers\WS_STM32\freertos\Debug\libfreertos.a(port.o)
                0x0000000008005618                SysTick_Handler
 .text.vPortSuppressTicksAndSleep
                0x000000000800565c      0x194 D:\Documentos\STM32-WorkSpace\Mis_Ejers\WS_STM32\freertos\Debug\libfreertos.a(port.o)
                0x000000000800565c                vPortSuppressTicksAndSleep
 .text.vPortSetupTimerInterrupt
                0x00000000080057f0       0x78 D:\Documentos\STM32-WorkSpace\Mis_Ejers\WS_STM32\freertos\Debug\libfreertos.a(port.o)
                0x00000000080057f0                vPortSetupTimerInterrupt
 .text.vPortValidateInterruptPriority
                0x0000000008005868       0x7c D:\Documentos\STM32-WorkSpace\Mis_Ejers\WS_STM32\freertos\Debug\libfreertos.a(port.o)
                0x0000000008005868                vPortValidateInterruptPriority
 .text.__errno  0x00000000080058e4        0xc c:/st/stm32cubeide_1.6.1/stm32cubeide/plugins/com.st.stm32cube.ide.mcu.externaltools.gnu-tools-for-stm32.9-2020-q2-update.win32_1.5.0.202011040924/tools/bin/../lib/gcc/arm-none-eabi/9.3.1/../../../../arm-none-eabi/lib/thumb/v7-m/nofp\libc_nano.a(lib_a-errno.o)
                0x00000000080058e4                __errno
 .text.__libc_init_array
                0x00000000080058f0       0x48 c:/st/stm32cubeide_1.6.1/stm32cubeide/plugins/com.st.stm32cube.ide.mcu.externaltools.gnu-tools-for-stm32.9-2020-q2-update.win32_1.5.0.202011040924/tools/bin/../lib/gcc/arm-none-eabi/9.3.1/../../../../arm-none-eabi/lib/thumb/v7-m/nofp\libc_nano.a(lib_a-init.o)
                0x00000000080058f0                __libc_init_array
 .text.malloc   0x0000000008005938       0x10 c:/st/stm32cubeide_1.6.1/stm32cubeide/plugins/com.st.stm32cube.ide.mcu.externaltools.gnu-tools-for-stm32.9-2020-q2-update.win32_1.5.0.202011040924/tools/bin/../lib/gcc/arm-none-eabi/9.3.1/../../../../arm-none-eabi/lib/thumb/v7-m/nofp\libc_nano.a(lib_a-malloc.o)
                0x0000000008005938                malloc
 .text.free     0x0000000008005948       0x10 c:/st/stm32cubeide_1.6.1/stm32cubeide/plugins/com.st.stm32cube.ide.mcu.externaltools.gnu-tools-for-stm32.9-2020-q2-update.win32_1.5.0.202011040924/tools/bin/../lib/gcc/arm-none-eabi/9.3.1/../../../../arm-none-eabi/lib/thumb/v7-m/nofp\libc_nano.a(lib_a-malloc.o)
                0x0000000008005948                free
 .text.memcpy   0x0000000008005958       0x1c c:/st/stm32cubeide_1.6.1/stm32cubeide/plugins/com.st.stm32cube.ide.mcu.externaltools.gnu-tools-for-stm32.9-2020-q2-update.win32_1.5.0.202011040924/tools/bin/../lib/gcc/arm-none-eabi/9.3.1/../../../../arm-none-eabi/lib/thumb/v7-m/nofp\libc_nano.a(lib_a-memcpy-stub.o)
                0x0000000008005958                memcpy
 .text.memset   0x0000000008005974       0x10 c:/st/stm32cubeide_1.6.1/stm32cubeide/plugins/com.st.stm32cube.ide.mcu.externaltools.gnu-tools-for-stm32.9-2020-q2-update.win32_1.5.0.202011040924/tools/bin/../lib/gcc/arm-none-eabi/9.3.1/../../../../arm-none-eabi/lib/thumb/v7-m/nofp\libc_nano.a(lib_a-memset.o)
                0x0000000008005974                memset
 .text._free_r  0x0000000008005984       0x98 c:/st/stm32cubeide_1.6.1/stm32cubeide/plugins/com.st.stm32cube.ide.mcu.externaltools.gnu-tools-for-stm32.9-2020-q2-update.win32_1.5.0.202011040924/tools/bin/../lib/gcc/arm-none-eabi/9.3.1/../../../../arm-none-eabi/lib/thumb/v7-m/nofp\libc_nano.a(lib_a-nano-freer.o)
                0x0000000008005984                _free_r
 .text._malloc_r
                0x0000000008005a1c       0xb4 c:/st/stm32cubeide_1.6.1/stm32cubeide/plugins/com.st.stm32cube.ide.mcu.externaltools.gnu-tools-for-stm32.9-2020-q2-update.win32_1.5.0.202011040924/tools/bin/../lib/gcc/arm-none-eabi/9.3.1/../../../../arm-none-eabi/lib/thumb/v7-m/nofp\libc_nano.a(lib_a-nano-mallocr.o)
                0x0000000008005a1c                _malloc_r
 .text._sbrk_r  0x0000000008005ad0       0x20 c:/st/stm32cubeide_1.6.1/stm32cubeide/plugins/com.st.stm32cube.ide.mcu.externaltools.gnu-tools-for-stm32.9-2020-q2-update.win32_1.5.0.202011040924/tools/bin/../lib/gcc/arm-none-eabi/9.3.1/../../../../arm-none-eabi/lib/thumb/v7-m/nofp\libc_nano.a(lib_a-sbrkr.o)
                0x0000000008005ad0                _sbrk_r
 .text.__malloc_lock
                0x0000000008005af0        0xc c:/st/stm32cubeide_1.6.1/stm32cubeide/plugins/com.st.stm32cube.ide.mcu.externaltools.gnu-tools-for-stm32.9-2020-q2-update.win32_1.5.0.202011040924/tools/bin/../lib/gcc/arm-none-eabi/9.3.1/../../../../arm-none-eabi/lib/thumb/v7-m/nofp\libc_nano.a(lib_a-mlock.o)
                0x0000000008005af0                __malloc_lock
 .text.__malloc_unlock
                0x0000000008005afc        0xc c:/st/stm32cubeide_1.6.1/stm32cubeide/plugins/com.st.stm32cube.ide.mcu.externaltools.gnu-tools-for-stm32.9-2020-q2-update.win32_1.5.0.202011040924/tools/bin/../lib/gcc/arm-none-eabi/9.3.1/../../../../arm-none-eabi/lib/thumb/v7-m/nofp\libc_nano.a(lib_a-mlock.o)
                0x0000000008005afc                __malloc_unlock
 .text.__retarget_lock_acquire_recursive
                0x0000000008005b08        0x2 c:/st/stm32cubeide_1.6.1/stm32cubeide/plugins/com.st.stm32cube.ide.mcu.externaltools.gnu-tools-for-stm32.9-2020-q2-update.win32_1.5.0.202011040924/tools/bin/../lib/gcc/arm-none-eabi/9.3.1/../../../../arm-none-eabi/lib/thumb/v7-m/nofp\libc_nano.a(lib_a-lock.o)
                0x0000000008005b08                __retarget_lock_acquire_recursive
 .text.__retarget_lock_release_recursive
                0x0000000008005b0a        0x2 c:/st/stm32cubeide_1.6.1/stm32cubeide/plugins/com.st.stm32cube.ide.mcu.externaltools.gnu-tools-for-stm32.9-2020-q2-update.win32_1.5.0.202011040924/tools/bin/../lib/gcc/arm-none-eabi/9.3.1/../../../../arm-none-eabi/lib/thumb/v7-m/nofp\libc_nano.a(lib_a-lock.o)
                0x0000000008005b0a                __retarget_lock_release_recursive
 *(.glue_7)
 .glue_7        0x0000000008005b0c        0x0 linker stubs
 *(.glue_7t)
 .glue_7t       0x0000000008005b0c        0x0 linker stubs
 *(.eh_frame)
 .eh_frame      0x0000000008005b0c        0x0 c:/st/stm32cubeide_1.6.1/stm32cubeide/plugins/com.st.stm32cube.ide.mcu.externaltools.gnu-tools-for-stm32.9-2020-q2-update.win32_1.5.0.202011040924/tools/bin/../lib/gcc/arm-none-eabi/9.3.1/thumb/v7-m/nofp/crtbegin.o
 *(.init)
 .init          0x0000000008005b0c        0x4 c:/st/stm32cubeide_1.6.1/stm32cubeide/plugins/com.st.stm32cube.ide.mcu.externaltools.gnu-tools-for-stm32.9-2020-q2-update.win32_1.5.0.202011040924/tools/bin/../lib/gcc/arm-none-eabi/9.3.1/thumb/v7-m/nofp/crti.o
                0x0000000008005b0c                _init
 .init          0x0000000008005b10        0x8 c:/st/stm32cubeide_1.6.1/stm32cubeide/plugins/com.st.stm32cube.ide.mcu.externaltools.gnu-tools-for-stm32.9-2020-q2-update.win32_1.5.0.202011040924/tools/bin/../lib/gcc/arm-none-eabi/9.3.1/thumb/v7-m/nofp/crtn.o
 *(.fini)
 .fini          0x0000000008005b18        0x4 c:/st/stm32cubeide_1.6.1/stm32cubeide/plugins/com.st.stm32cube.ide.mcu.externaltools.gnu-tools-for-stm32.9-2020-q2-update.win32_1.5.0.202011040924/tools/bin/../lib/gcc/arm-none-eabi/9.3.1/thumb/v7-m/nofp/crti.o
                0x0000000008005b18                _fini
 .fini          0x0000000008005b1c        0x8 c:/st/stm32cubeide_1.6.1/stm32cubeide/plugins/com.st.stm32cube.ide.mcu.externaltools.gnu-tools-for-stm32.9-2020-q2-update.win32_1.5.0.202011040924/tools/bin/../lib/gcc/arm-none-eabi/9.3.1/thumb/v7-m/nofp/crtn.o
                0x0000000008005b24                . = ALIGN (0x4)
                0x0000000008005b24                _etext = .

.vfp11_veneer   0x0000000008005b24        0x0
 .vfp11_veneer  0x0000000008005b24        0x0 linker stubs

.v4_bx          0x0000000008005b24        0x0
 .v4_bx         0x0000000008005b24        0x0 linker stubs

.iplt           0x0000000008005b24        0x0
 .iplt          0x0000000008005b24        0x0 c:/st/stm32cubeide_1.6.1/stm32cubeide/plugins/com.st.stm32cube.ide.mcu.externaltools.gnu-tools-for-stm32.9-2020-q2-update.win32_1.5.0.202011040924/tools/bin/../lib/gcc/arm-none-eabi/9.3.1/thumb/v7-m/nofp/crtbegin.o

.rodata         0x0000000008005b24       0x68
                0x0000000008005b24                . = ALIGN (0x4)
 *(.rodata)
 .rodata        0x0000000008005b24       0x24 Core/Src/main.o
 .rodata        0x0000000008005b48        0x5 D:\Documentos\STM32-WorkSpace\Mis_Ejers\WS_STM32\freertos\Debug\libfreertos.a(tasks.o)
 *fill*         0x0000000008005b4d        0x3 
 .rodata        0x0000000008005b50        0xd D:\Documentos\STM32-WorkSpace\Mis_Ejers\WS_STM32\freertos\Debug\libfreertos.a(timers.o)
 *(.rodata*)
 *fill*         0x0000000008005b5d        0x3 
 .rodata.AHBPrescTable
                0x0000000008005b60       0x10 Core/Src/system_stm32f1xx.o
                0x0000000008005b60                AHBPrescTable
 .rodata.APBPrescTable
                0x0000000008005b70        0x8 Core/Src/system_stm32f1xx.o
                0x0000000008005b70                APBPrescTable
 .rodata.aPLLMULFactorTable.6175
                0x0000000008005b78       0x10 Drivers/STM32F1xx_HAL_Driver/Src/stm32f1xx_hal_rcc.o
 .rodata.aPredivFactorTable.6176
                0x0000000008005b88        0x2 Drivers/STM32F1xx_HAL_Driver/Src/stm32f1xx_hal_rcc.o
                0x0000000008005b8c                . = ALIGN (0x4)
 *fill*         0x0000000008005b8a        0x2 

.rel.dyn        0x0000000008005b8c        0x0
 .rel.iplt      0x0000000008005b8c        0x0 c:/st/stm32cubeide_1.6.1/stm32cubeide/plugins/com.st.stm32cube.ide.mcu.externaltools.gnu-tools-for-stm32.9-2020-q2-update.win32_1.5.0.202011040924/tools/bin/../lib/gcc/arm-none-eabi/9.3.1/thumb/v7-m/nofp/crtbegin.o

.ARM.extab      0x0000000008005b8c        0x0
                0x0000000008005b8c                . = ALIGN (0x4)
 *(.ARM.extab* .gnu.linkonce.armextab.*)
                0x0000000008005b8c                . = ALIGN (0x4)

.ARM            0x0000000008005b8c        0x0
                0x0000000008005b8c                . = ALIGN (0x4)
                0x0000000008005b8c                __exidx_start = .
 *(.ARM.exidx*)
                0x0000000008005b8c                __exidx_end = .
                0x0000000008005b8c                . = ALIGN (0x4)

.preinit_array  0x0000000008005b8c        0x0
                0x0000000008005b8c                . = ALIGN (0x4)
                0x0000000008005b8c                PROVIDE (__preinit_array_start = .)
 *(.preinit_array*)
                0x0000000008005b8c                PROVIDE (__preinit_array_end = .)
                0x0000000008005b8c                . = ALIGN (0x4)

.init_array     0x0000000008005b8c        0x4
                0x0000000008005b8c                . = ALIGN (0x4)
                0x0000000008005b8c                PROVIDE (__init_array_start = .)
 *(SORT_BY_NAME(.init_array.*))
 *(.init_array*)
 .init_array    0x0000000008005b8c        0x4 c:/st/stm32cubeide_1.6.1/stm32cubeide/plugins/com.st.stm32cube.ide.mcu.externaltools.gnu-tools-for-stm32.9-2020-q2-update.win32_1.5.0.202011040924/tools/bin/../lib/gcc/arm-none-eabi/9.3.1/thumb/v7-m/nofp/crtbegin.o
                0x0000000008005b90                PROVIDE (__init_array_end = .)
                0x0000000008005b90                . = ALIGN (0x4)

.fini_array     0x0000000008005b90        0x4
                0x0000000008005b90                . = ALIGN (0x4)
                [!provide]                        PROVIDE (__fini_array_start = .)
 *(SORT_BY_NAME(.fini_array.*))
 *(.fini_array*)
 .fini_array    0x0000000008005b90        0x4 c:/st/stm32cubeide_1.6.1/stm32cubeide/plugins/com.st.stm32cube.ide.mcu.externaltools.gnu-tools-for-stm32.9-2020-q2-update.win32_1.5.0.202011040924/tools/bin/../lib/gcc/arm-none-eabi/9.3.1/thumb/v7-m/nofp/crtbegin.o
                [!provide]                        PROVIDE (__fini_array_end = .)
                0x0000000008005b94                . = ALIGN (0x4)
                0x0000000008005b94                _sidata = LOADADDR (.data)

.data           0x0000000020000000       0x7c load address 0x0000000008005b94
                0x0000000020000000                . = ALIGN (0x4)
                0x0000000020000000                _sdata = .
 *(.data)
 *(.data*)
 .data.cola_max
                0x0000000020000000        0x4 Core/Src/main.o
                0x0000000020000000                cola_max
 .data.SystemCoreClock
                0x0000000020000004        0x4 Core/Src/system_stm32f1xx.o
                0x0000000020000004                SystemCoreClock
 .data.uwTickPrio
                0x0000000020000008        0x4 Drivers/STM32F1xx_HAL_Driver/Src/stm32f1xx_hal.o
                0x0000000020000008                uwTickPrio
 .data.uwTickFreq
                0x000000002000000c        0x1 Drivers/STM32F1xx_HAL_Driver/Src/stm32f1xx_hal.o
                0x000000002000000c                uwTickFreq
 *fill*         0x000000002000000d        0x3 
 .data.uxTopUsedPriority
                0x0000000020000010        0x4 D:\Documentos\STM32-WorkSpace\Mis_Ejers\WS_STM32\freertos\Debug\libfreertos.a(tasks.o)
                0x0000000020000010                uxTopUsedPriority
 .data.uxCriticalNesting
                0x0000000020000014        0x4 D:\Documentos\STM32-WorkSpace\Mis_Ejers\WS_STM32\freertos\Debug\libfreertos.a(port.o)
 .data._impure_ptr
                0x0000000020000018        0x4 c:/st/stm32cubeide_1.6.1/stm32cubeide/plugins/com.st.stm32cube.ide.mcu.externaltools.gnu-tools-for-stm32.9-2020-q2-update.win32_1.5.0.202011040924/tools/bin/../lib/gcc/arm-none-eabi/9.3.1/../../../../arm-none-eabi/lib/thumb/v7-m/nofp\libc_nano.a(lib_a-impure.o)
                0x0000000020000018                _impure_ptr
 .data.impure_data
                0x000000002000001c       0x60 c:/st/stm32cubeide_1.6.1/stm32cubeide/plugins/com.st.stm32cube.ide.mcu.externaltools.gnu-tools-for-stm32.9-2020-q2-update.win32_1.5.0.202011040924/tools/bin/../lib/gcc/arm-none-eabi/9.3.1/../../../../arm-none-eabi/lib/thumb/v7-m/nofp\libc_nano.a(lib_a-impure.o)
 *(.RamFunc)
 *(.RamFunc*)
                0x000000002000007c                . = ALIGN (0x4)
                0x000000002000007c                _edata = .

.igot.plt       0x000000002000007c        0x0 load address 0x0000000008005c10
 .igot.plt      0x000000002000007c        0x0 c:/st/stm32cubeide_1.6.1/stm32cubeide/plugins/com.st.stm32cube.ide.mcu.externaltools.gnu-tools-for-stm32.9-2020-q2-update.win32_1.5.0.202011040924/tools/bin/../lib/gcc/arm-none-eabi/9.3.1/thumb/v7-m/nofp/crtbegin.o
                0x000000002000007c                . = ALIGN (0x4)

.bss            0x000000002000007c      0x2a8 load address 0x0000000008005c10
                0x000000002000007c                _sbss = .
                0x000000002000007c                __bss_start__ = _sbss
 *(.bss)
 .bss           0x000000002000007c       0x1c c:/st/stm32cubeide_1.6.1/stm32cubeide/plugins/com.st.stm32cube.ide.mcu.externaltools.gnu-tools-for-stm32.9-2020-q2-update.win32_1.5.0.202011040924/tools/bin/../lib/gcc/arm-none-eabi/9.3.1/thumb/v7-m/nofp/crtbegin.o
 *(.bss*)
 .bss.xTarea_Config_Handle
                0x0000000020000098        0x4 Core/Src/main.o
                0x0000000020000098                xTarea_Config_Handle
 .bss.xTarea_ADC_Handle
                0x000000002000009c        0x4 Core/Src/main.o
                0x000000002000009c                xTarea_ADC_Handle
 .bss.adc_value.6641
                0x00000000200000a0        0x2 Core/Src/main.o
 *fill*         0x00000000200000a2        0x2 
 .bss.xHigherPriorityTaskWoken.6640
                0x00000000200000a4        0x4 Core/Src/main.o
 .bss.__sbrk_heap_end
                0x00000000200000a8        0x4 Core/Src/sysmem.o
 .bss.pxCurrentTCB
                0x00000000200000ac        0x4 D:\Documentos\STM32-WorkSpace\Mis_Ejers\WS_STM32\freertos\Debug\libfreertos.a(tasks.o)
                0x00000000200000ac                pxCurrentTCB
 .bss.pxReadyTasksLists
                0x00000000200000b0       0x64 D:\Documentos\STM32-WorkSpace\Mis_Ejers\WS_STM32\freertos\Debug\libfreertos.a(tasks.o)
 .bss.xDelayedTaskList1
                0x0000000020000114       0x14 D:\Documentos\STM32-WorkSpace\Mis_Ejers\WS_STM32\freertos\Debug\libfreertos.a(tasks.o)
 .bss.xDelayedTaskList2
                0x0000000020000128       0x14 D:\Documentos\STM32-WorkSpace\Mis_Ejers\WS_STM32\freertos\Debug\libfreertos.a(tasks.o)
 .bss.pxDelayedTaskList
                0x000000002000013c        0x4 D:\Documentos\STM32-WorkSpace\Mis_Ejers\WS_STM32\freertos\Debug\libfreertos.a(tasks.o)
 .bss.pxOverflowDelayedTaskList
                0x0000000020000140        0x4 D:\Documentos\STM32-WorkSpace\Mis_Ejers\WS_STM32\freertos\Debug\libfreertos.a(tasks.o)
 .bss.xPendingReadyList
                0x0000000020000144       0x14 D:\Documentos\STM32-WorkSpace\Mis_Ejers\WS_STM32\freertos\Debug\libfreertos.a(tasks.o)
 .bss.xTasksWaitingTermination
                0x0000000020000158       0x14 D:\Documentos\STM32-WorkSpace\Mis_Ejers\WS_STM32\freertos\Debug\libfreertos.a(tasks.o)
 .bss.uxDeletedTasksWaitingCleanUp
                0x000000002000016c        0x4 D:\Documentos\STM32-WorkSpace\Mis_Ejers\WS_STM32\freertos\Debug\libfreertos.a(tasks.o)
 .bss.xSuspendedTaskList
                0x0000000020000170       0x14 D:\Documentos\STM32-WorkSpace\Mis_Ejers\WS_STM32\freertos\Debug\libfreertos.a(tasks.o)
 .bss.uxCurrentNumberOfTasks
                0x0000000020000184        0x4 D:\Documentos\STM32-WorkSpace\Mis_Ejers\WS_STM32\freertos\Debug\libfreertos.a(tasks.o)
 .bss.xTickCount
                0x0000000020000188        0x4 D:\Documentos\STM32-WorkSpace\Mis_Ejers\WS_STM32\freertos\Debug\libfreertos.a(tasks.o)
 .bss.uxTopReadyPriority
                0x000000002000018c        0x4 D:\Documentos\STM32-WorkSpace\Mis_Ejers\WS_STM32\freertos\Debug\libfreertos.a(tasks.o)
 .bss.xSchedulerRunning
                0x0000000020000190        0x4 D:\Documentos\STM32-WorkSpace\Mis_Ejers\WS_STM32\freertos\Debug\libfreertos.a(tasks.o)
 .bss.xPendedTicks
                0x0000000020000194        0x4 D:\Documentos\STM32-WorkSpace\Mis_Ejers\WS_STM32\freertos\Debug\libfreertos.a(tasks.o)
 .bss.xYieldPending
                0x0000000020000198        0x4 D:\Documentos\STM32-WorkSpace\Mis_Ejers\WS_STM32\freertos\Debug\libfreertos.a(tasks.o)
 .bss.xNumOfOverflows
                0x000000002000019c        0x4 D:\Documentos\STM32-WorkSpace\Mis_Ejers\WS_STM32\freertos\Debug\libfreertos.a(tasks.o)
 .bss.uxTaskNumber
                0x00000000200001a0        0x4 D:\Documentos\STM32-WorkSpace\Mis_Ejers\WS_STM32\freertos\Debug\libfreertos.a(tasks.o)
 .bss.xNextTaskUnblockTime
                0x00000000200001a4        0x4 D:\Documentos\STM32-WorkSpace\Mis_Ejers\WS_STM32\freertos\Debug\libfreertos.a(tasks.o)
 .bss.xIdleTaskHandle
                0x00000000200001a8        0x4 D:\Documentos\STM32-WorkSpace\Mis_Ejers\WS_STM32\freertos\Debug\libfreertos.a(tasks.o)
 .bss.uxSchedulerSuspended
                0x00000000200001ac        0x4 D:\Documentos\STM32-WorkSpace\Mis_Ejers\WS_STM32\freertos\Debug\libfreertos.a(tasks.o)
 .bss.xActiveTimerList1
                0x00000000200001b0       0x14 D:\Documentos\STM32-WorkSpace\Mis_Ejers\WS_STM32\freertos\Debug\libfreertos.a(timers.o)
 .bss.xActiveTimerList2
                0x00000000200001c4       0x14 D:\Documentos\STM32-WorkSpace\Mis_Ejers\WS_STM32\freertos\Debug\libfreertos.a(timers.o)
 .bss.pxCurrentTimerList
                0x00000000200001d8        0x4 D:\Documentos\STM32-WorkSpace\Mis_Ejers\WS_STM32\freertos\Debug\libfreertos.a(timers.o)
 .bss.pxOverflowTimerList
                0x00000000200001dc        0x4 D:\Documentos\STM32-WorkSpace\Mis_Ejers\WS_STM32\freertos\Debug\libfreertos.a(timers.o)
 .bss.xTimerQueue
                0x00000000200001e0        0x4 D:\Documentos\STM32-WorkSpace\Mis_Ejers\WS_STM32\freertos\Debug\libfreertos.a(timers.o)
 .bss.xTimerTaskHandle
                0x00000000200001e4        0x4 D:\Documentos\STM32-WorkSpace\Mis_Ejers\WS_STM32\freertos\Debug\libfreertos.a(timers.o)
 .bss.xLastTime.5553
                0x00000000200001e8        0x4 D:\Documentos\STM32-WorkSpace\Mis_Ejers\WS_STM32\freertos\Debug\libfreertos.a(timers.o)
 .bss.ulTimerCountsForOneTick
                0x00000000200001ec        0x4 D:\Documentos\STM32-WorkSpace\Mis_Ejers\WS_STM32\freertos\Debug\libfreertos.a(port.o)
 .bss.xMaximumPossibleSuppressedTicks
                0x00000000200001f0        0x4 D:\Documentos\STM32-WorkSpace\Mis_Ejers\WS_STM32\freertos\Debug\libfreertos.a(port.o)
 .bss.ulStoppedTimerCompensation
                0x00000000200001f4        0x4 D:\Documentos\STM32-WorkSpace\Mis_Ejers\WS_STM32\freertos\Debug\libfreertos.a(port.o)
 .bss.ucMaxSysCallPriority
                0x00000000200001f8        0x1 D:\Documentos\STM32-WorkSpace\Mis_Ejers\WS_STM32\freertos\Debug\libfreertos.a(port.o)
 *fill*         0x00000000200001f9        0x3 
 .bss.ulMaxPRIGROUPValue
                0x00000000200001fc        0x4 D:\Documentos\STM32-WorkSpace\Mis_Ejers\WS_STM32\freertos\Debug\libfreertos.a(port.o)
 .bss.__malloc_free_list
                0x0000000020000200        0x4 c:/st/stm32cubeide_1.6.1/stm32cubeide/plugins/com.st.stm32cube.ide.mcu.externaltools.gnu-tools-for-stm32.9-2020-q2-update.win32_1.5.0.202011040924/tools/bin/../lib/gcc/arm-none-eabi/9.3.1/../../../../arm-none-eabi/lib/thumb/v7-m/nofp\libc_nano.a(lib_a-nano-mallocr.o)
                0x0000000020000200                __malloc_free_list
 .bss.__malloc_sbrk_start
                0x0000000020000204        0x4 c:/st/stm32cubeide_1.6.1/stm32cubeide/plugins/com.st.stm32cube.ide.mcu.externaltools.gnu-tools-for-stm32.9-2020-q2-update.win32_1.5.0.202011040924/tools/bin/../lib/gcc/arm-none-eabi/9.3.1/../../../../arm-none-eabi/lib/thumb/v7-m/nofp\libc_nano.a(lib_a-nano-mallocr.o)
                0x0000000020000204                __malloc_sbrk_start
 *(COMMON)
 COMMON         0x0000000020000208       0x80 Core/Src/main.o
                0x0000000020000208                hadc1
                0x0000000020000238                adc_queue
                0x000000002000023c                ADC_semph
                0x0000000020000240                htim2
 COMMON         0x0000000020000288       0x48 Core/Src/stm32f1xx_hal_timebase_tim.o
                0x0000000020000288                htim1
 COMMON         0x00000000200002d0        0x4 Drivers/STM32F1xx_HAL_Driver/Src/stm32f1xx_hal.o
                0x00000000200002d0                uwTick
 COMMON         0x00000000200002d4       0x40 D:\Documentos\STM32-WorkSpace\Mis_Ejers\WS_STM32\freertos\Debug\libfreertos.a(queue.o)
                0x00000000200002d4                xQueueRegistry
 COMMON         0x0000000020000314        0x4 c:/st/stm32cubeide_1.6.1/stm32cubeide/plugins/com.st.stm32cube.ide.mcu.externaltools.gnu-tools-for-stm32.9-2020-q2-update.win32_1.5.0.202011040924/tools/bin/../lib/gcc/arm-none-eabi/9.3.1/../../../../arm-none-eabi/lib/thumb/v7-m/nofp\libc_nano.a(lib_a-reent.o)
                0x0000000020000314                errno
 COMMON         0x0000000020000318        0x9 c:/st/stm32cubeide_1.6.1/stm32cubeide/plugins/com.st.stm32cube.ide.mcu.externaltools.gnu-tools-for-stm32.9-2020-q2-update.win32_1.5.0.202011040924/tools/bin/../lib/gcc/arm-none-eabi/9.3.1/../../../../arm-none-eabi/lib/thumb/v7-m/nofp\libc_nano.a(lib_a-lock.o)
                0x0000000020000318                __lock___atexit_recursive_mutex
                0x0000000020000319                __lock___arc4random_mutex
                0x000000002000031a                __lock___env_recursive_mutex
                0x000000002000031b                __lock___sinit_recursive_mutex
                0x000000002000031c                __lock___malloc_recursive_mutex
                0x000000002000031d                __lock___at_quick_exit_mutex
                0x000000002000031e                __lock___dd_hash_mutex
                0x000000002000031f                __lock___tz_mutex
                0x0000000020000320                __lock___sfp_recursive_mutex
                0x0000000020000324                . = ALIGN (0x4)
 *fill*         0x0000000020000321        0x3 
                0x0000000020000324                _ebss = .
                0x0000000020000324                __bss_end__ = _ebss

._user_heap_stack
                0x0000000020000324      0x604 load address 0x0000000008005c10
                0x0000000020000328                . = ALIGN (0x8)
 *fill*         0x0000000020000324        0x4 
                [!provide]                        PROVIDE (end = .)
                0x0000000020000328                PROVIDE (_end = .)
                0x0000000020000528                . = (. + _Min_Heap_Size)
 *fill*         0x0000000020000328      0x200 
                0x0000000020000928                . = (. + _Min_Stack_Size)
 *fill*         0x0000000020000528      0x400 
                0x0000000020000928                . = ALIGN (0x8)

/DISCARD/
 libc.a(*)
 libm.a(*)
 libgcc.a(*)

.ARM.attributes
                0x0000000000000000       0x29
 *(.ARM.attributes)
 .ARM.attributes
                0x0000000000000000       0x1d c:/st/stm32cubeide_1.6.1/stm32cubeide/plugins/com.st.stm32cube.ide.mcu.externaltools.gnu-tools-for-stm32.9-2020-q2-update.win32_1.5.0.202011040924/tools/bin/../lib/gcc/arm-none-eabi/9.3.1/thumb/v7-m/nofp/crti.o
 .ARM.attributes
                0x000000000000001d       0x2d c:/st/stm32cubeide_1.6.1/stm32cubeide/plugins/com.st.stm32cube.ide.mcu.externaltools.gnu-tools-for-stm32.9-2020-q2-update.win32_1.5.0.202011040924/tools/bin/../lib/gcc/arm-none-eabi/9.3.1/thumb/v7-m/nofp/crtbegin.o
 .ARM.attributes
                0x000000000000004a       0x2d Core/Src/main.o
 .ARM.attributes
                0x0000000000000077       0x2d Core/Src/stm32f1xx_hal_msp.o
 .ARM.attributes
                0x00000000000000a4       0x2d Core/Src/stm32f1xx_hal_timebase_tim.o
 .ARM.attributes
                0x00000000000000d1       0x2d Core/Src/stm32f1xx_it.o
 .ARM.attributes
                0x00000000000000fe       0x2d Core/Src/sysmem.o
 .ARM.attributes
                0x000000000000012b       0x2d Core/Src/system_stm32f1xx.o
 .ARM.attributes
                0x0000000000000158       0x21 Core/Startup/startup_stm32f103c8tx.o
 .ARM.attributes
                0x0000000000000179       0x2d Drivers/STM32F1xx_HAL_Driver/Src/stm32f1xx_hal.o
 .ARM.attributes
                0x00000000000001a6       0x2d Drivers/STM32F1xx_HAL_Driver/Src/stm32f1xx_hal_adc.o
 .ARM.attributes
                0x00000000000001d3       0x2d Drivers/STM32F1xx_HAL_Driver/Src/stm32f1xx_hal_adc_ex.o
 .ARM.attributes
                0x0000000000000200       0x2d Drivers/STM32F1xx_HAL_Driver/Src/stm32f1xx_hal_cortex.o
 .ARM.attributes
                0x000000000000022d       0x2d Drivers/STM32F1xx_HAL_Driver/Src/stm32f1xx_hal_gpio.o
 .ARM.attributes
                0x000000000000025a       0x2d Drivers/STM32F1xx_HAL_Driver/Src/stm32f1xx_hal_rcc.o
 .ARM.attributes
                0x0000000000000287       0x2d Drivers/STM32F1xx_HAL_Driver/Src/stm32f1xx_hal_rcc_ex.o
 .ARM.attributes
                0x00000000000002b4       0x2d Drivers/STM32F1xx_HAL_Driver/Src/stm32f1xx_hal_tim.o
 .ARM.attributes
                0x00000000000002e1       0x2d Drivers/STM32F1xx_HAL_Driver/Src/stm32f1xx_hal_tim_ex.o
 .ARM.attributes
                0x000000000000030e       0x2d D:\Documentos\STM32-WorkSpace\Mis_Ejers\WS_STM32\freertos\Debug\libfreertos.a(queue.o)
 .ARM.attributes
                0x000000000000033b       0x2d D:\Documentos\STM32-WorkSpace\Mis_Ejers\WS_STM32\freertos\Debug\libfreertos.a(tasks.o)
 .ARM.attributes
                0x0000000000000368       0x2d D:\Documentos\STM32-WorkSpace\Mis_Ejers\WS_STM32\freertos\Debug\libfreertos.a(timers.o)
 .ARM.attributes
                0x0000000000000395       0x2d D:\Documentos\STM32-WorkSpace\Mis_Ejers\WS_STM32\freertos\Debug\libfreertos.a(heap_3.o)
 .ARM.attributes
                0x00000000000003c2       0x2d D:\Documentos\STM32-WorkSpace\Mis_Ejers\WS_STM32\freertos\Debug\libfreertos.a(list.o)
 .ARM.attributes
                0x00000000000003ef       0x2d D:\Documentos\STM32-WorkSpace\Mis_Ejers\WS_STM32\freertos\Debug\libfreertos.a(port.o)
 .ARM.attributes
                0x000000000000041c       0x2d c:/st/stm32cubeide_1.6.1/stm32cubeide/plugins/com.st.stm32cube.ide.mcu.externaltools.gnu-tools-for-stm32.9-2020-q2-update.win32_1.5.0.202011040924/tools/bin/../lib/gcc/arm-none-eabi/9.3.1/../../../../arm-none-eabi/lib/thumb/v7-m/nofp\libc_nano.a(lib_a-errno.o)
 .ARM.attributes
                0x0000000000000449       0x2d c:/st/stm32cubeide_1.6.1/stm32cubeide/plugins/com.st.stm32cube.ide.mcu.externaltools.gnu-tools-for-stm32.9-2020-q2-update.win32_1.5.0.202011040924/tools/bin/../lib/gcc/arm-none-eabi/9.3.1/../../../../arm-none-eabi/lib/thumb/v7-m/nofp\libc_nano.a(lib_a-impure.o)
 .ARM.attributes
                0x0000000000000476       0x2d c:/st/stm32cubeide_1.6.1/stm32cubeide/plugins/com.st.stm32cube.ide.mcu.externaltools.gnu-tools-for-stm32.9-2020-q2-update.win32_1.5.0.202011040924/tools/bin/../lib/gcc/arm-none-eabi/9.3.1/../../../../arm-none-eabi/lib/thumb/v7-m/nofp\libc_nano.a(lib_a-init.o)
 .ARM.attributes
                0x00000000000004a3       0x2d c:/st/stm32cubeide_1.6.1/stm32cubeide/plugins/com.st.stm32cube.ide.mcu.externaltools.gnu-tools-for-stm32.9-2020-q2-update.win32_1.5.0.202011040924/tools/bin/../lib/gcc/arm-none-eabi/9.3.1/../../../../arm-none-eabi/lib/thumb/v7-m/nofp\libc_nano.a(lib_a-malloc.o)
 .ARM.attributes
                0x00000000000004d0       0x2d c:/st/stm32cubeide_1.6.1/stm32cubeide/plugins/com.st.stm32cube.ide.mcu.externaltools.gnu-tools-for-stm32.9-2020-q2-update.win32_1.5.0.202011040924/tools/bin/../lib/gcc/arm-none-eabi/9.3.1/../../../../arm-none-eabi/lib/thumb/v7-m/nofp\libc_nano.a(lib_a-memcpy-stub.o)
 .ARM.attributes
                0x00000000000004fd       0x2d c:/st/stm32cubeide_1.6.1/stm32cubeide/plugins/com.st.stm32cube.ide.mcu.externaltools.gnu-tools-for-stm32.9-2020-q2-update.win32_1.5.0.202011040924/tools/bin/../lib/gcc/arm-none-eabi/9.3.1/../../../../arm-none-eabi/lib/thumb/v7-m/nofp\libc_nano.a(lib_a-memset.o)
 .ARM.attributes
                0x000000000000052a       0x2d c:/st/stm32cubeide_1.6.1/stm32cubeide/plugins/com.st.stm32cube.ide.mcu.externaltools.gnu-tools-for-stm32.9-2020-q2-update.win32_1.5.0.202011040924/tools/bin/../lib/gcc/arm-none-eabi/9.3.1/../../../../arm-none-eabi/lib/thumb/v7-m/nofp\libc_nano.a(lib_a-nano-freer.o)
 .ARM.attributes
                0x0000000000000557       0x2d c:/st/stm32cubeide_1.6.1/stm32cubeide/plugins/com.st.stm32cube.ide.mcu.externaltools.gnu-tools-for-stm32.9-2020-q2-update.win32_1.5.0.202011040924/tools/bin/../lib/gcc/arm-none-eabi/9.3.1/../../../../arm-none-eabi/lib/thumb/v7-m/nofp\libc_nano.a(lib_a-nano-mallocr.o)
 .ARM.attributes
                0x0000000000000584       0x2d c:/st/stm32cubeide_1.6.1/stm32cubeide/plugins/com.st.stm32cube.ide.mcu.externaltools.gnu-tools-for-stm32.9-2020-q2-update.win32_1.5.0.202011040924/tools/bin/../lib/gcc/arm-none-eabi/9.3.1/../../../../arm-none-eabi/lib/thumb/v7-m/nofp\libc_nano.a(lib_a-sbrkr.o)
 .ARM.attributes
                0x00000000000005b1       0x2d c:/st/stm32cubeide_1.6.1/stm32cubeide/plugins/com.st.stm32cube.ide.mcu.externaltools.gnu-tools-for-stm32.9-2020-q2-update.win32_1.5.0.202011040924/tools/bin/../lib/gcc/arm-none-eabi/9.3.1/../../../../arm-none-eabi/lib/thumb/v7-m/nofp\libc_nano.a(lib_a-mlock.o)
 .ARM.attributes
                0x00000000000005de       0x2d c:/st/stm32cubeide_1.6.1/stm32cubeide/plugins/com.st.stm32cube.ide.mcu.externaltools.gnu-tools-for-stm32.9-2020-q2-update.win32_1.5.0.202011040924/tools/bin/../lib/gcc/arm-none-eabi/9.3.1/../../../../arm-none-eabi/lib/thumb/v7-m/nofp\libc_nano.a(lib_a-reent.o)
 .ARM.attributes
                0x000000000000060b       0x2d c:/st/stm32cubeide_1.6.1/stm32cubeide/plugins/com.st.stm32cube.ide.mcu.externaltools.gnu-tools-for-stm32.9-2020-q2-update.win32_1.5.0.202011040924/tools/bin/../lib/gcc/arm-none-eabi/9.3.1/../../../../arm-none-eabi/lib/thumb/v7-m/nofp\libc_nano.a(lib_a-lock.o)
 .ARM.attributes
                0x0000000000000638       0x1d c:/st/stm32cubeide_1.6.1/stm32cubeide/plugins/com.st.stm32cube.ide.mcu.externaltools.gnu-tools-for-stm32.9-2020-q2-update.win32_1.5.0.202011040924/tools/bin/../lib/gcc/arm-none-eabi/9.3.1/thumb/v7-m/nofp/crtn.o
OUTPUT(interrup-RTOS-ADC.elf elf32-littlearm)
LOAD linker stubs
LOAD c:/st/stm32cubeide_1.6.1/stm32cubeide/plugins/com.st.stm32cube.ide.mcu.externaltools.gnu-tools-for-stm32.9-2020-q2-update.win32_1.5.0.202011040924/tools/bin/../lib/gcc/arm-none-eabi/9.3.1/../../../../arm-none-eabi/lib/thumb/v7-m/nofp\libc.a
LOAD c:/st/stm32cubeide_1.6.1/stm32cubeide/plugins/com.st.stm32cube.ide.mcu.externaltools.gnu-tools-for-stm32.9-2020-q2-update.win32_1.5.0.202011040924/tools/bin/../lib/gcc/arm-none-eabi/9.3.1/../../../../arm-none-eabi/lib/thumb/v7-m/nofp\libm.a
LOAD c:/st/stm32cubeide_1.6.1/stm32cubeide/plugins/com.st.stm32cube.ide.mcu.externaltools.gnu-tools-for-stm32.9-2020-q2-update.win32_1.5.0.202011040924/tools/bin/../lib/gcc/arm-none-eabi/9.3.1/thumb/v7-m/nofp\libgcc.a

.debug_info     0x0000000000000000    0x14010
 .debug_info    0x0000000000000000     0x10d4 Core/Src/main.o
 .debug_info    0x00000000000010d4      0xdb8 Core/Src/stm32f1xx_hal_msp.o
 .debug_info    0x0000000000001e8c      0xa1e Core/Src/stm32f1xx_hal_timebase_tim.o
 .debug_info    0x00000000000028aa      0x9bf Core/Src/stm32f1xx_it.o
 .debug_info    0x0000000000003269      0xa25 Core/Src/sysmem.o
 .debug_info    0x0000000000003c8e      0x2be Core/Src/system_stm32f1xx.o
 .debug_info    0x0000000000003f4c       0x22 Core/Startup/startup_stm32f103c8tx.o
 .debug_info    0x0000000000003f6e      0x76a Drivers/STM32F1xx_HAL_Driver/Src/stm32f1xx_hal.o
 .debug_info    0x00000000000046d8      0xd52 Drivers/STM32F1xx_HAL_Driver/Src/stm32f1xx_hal_adc.o
 .debug_info    0x000000000000542a      0xaac Drivers/STM32F1xx_HAL_Driver/Src/stm32f1xx_hal_adc_ex.o
 .debug_info    0x0000000000005ed6      0xbdc Drivers/STM32F1xx_HAL_Driver/Src/stm32f1xx_hal_cortex.o
 .debug_info    0x0000000000006ab2      0x701 Drivers/STM32F1xx_HAL_Driver/Src/stm32f1xx_hal_gpio.o
 .debug_info    0x00000000000071b3      0x893 Drivers/STM32F1xx_HAL_Driver/Src/stm32f1xx_hal_rcc.o
 .debug_info    0x0000000000007a46      0x486 Drivers/STM32F1xx_HAL_Driver/Src/stm32f1xx_hal_rcc_ex.o
 .debug_info    0x0000000000007ecc     0x2c12 Drivers/STM32F1xx_HAL_Driver/Src/stm32f1xx_hal_tim.o
 .debug_info    0x000000000000aade     0x157f Drivers/STM32F1xx_HAL_Driver/Src/stm32f1xx_hal_tim_ex.o
 .debug_info    0x000000000000c05d     0x204f D:\Documentos\STM32-WorkSpace\Mis_Ejers\WS_STM32\freertos\Debug\libfreertos.a(queue.o)
 .debug_info    0x000000000000e0ac     0x2f75 D:\Documentos\STM32-WorkSpace\Mis_Ejers\WS_STM32\freertos\Debug\libfreertos.a(tasks.o)
 .debug_info    0x0000000000011021     0x1534 D:\Documentos\STM32-WorkSpace\Mis_Ejers\WS_STM32\freertos\Debug\libfreertos.a(timers.o)
 .debug_info    0x0000000000012555      0x9af D:\Documentos\STM32-WorkSpace\Mis_Ejers\WS_STM32\freertos\Debug\libfreertos.a(heap_3.o)
 .debug_info    0x0000000000012f04      0xb82 D:\Documentos\STM32-WorkSpace\Mis_Ejers\WS_STM32\freertos\Debug\libfreertos.a(list.o)
 .debug_info    0x0000000000013a86      0x58a D:\Documentos\STM32-WorkSpace\Mis_Ejers\WS_STM32\freertos\Debug\libfreertos.a(port.o)

.debug_abbrev   0x0000000000000000     0x2eba
 .debug_abbrev  0x0000000000000000      0x2b8 Core/Src/main.o
 .debug_abbrev  0x00000000000002b8      0x1e4 Core/Src/stm32f1xx_hal_msp.o
 .debug_abbrev  0x000000000000049c      0x1bf Core/Src/stm32f1xx_hal_timebase_tim.o
 .debug_abbrev  0x000000000000065b      0x187 Core/Src/stm32f1xx_it.o
 .debug_abbrev  0x00000000000007e2      0x1bf Core/Src/sysmem.o
 .debug_abbrev  0x00000000000009a1      0x14e Core/Src/system_stm32f1xx.o
 .debug_abbrev  0x0000000000000aef       0x12 Core/Startup/startup_stm32f103c8tx.o
 .debug_abbrev  0x0000000000000b01      0x1ed Drivers/STM32F1xx_HAL_Driver/Src/stm32f1xx_hal.o
 .debug_abbrev  0x0000000000000cee      0x1fb Drivers/STM32F1xx_HAL_Driver/Src/stm32f1xx_hal_adc.o
 .debug_abbrev  0x0000000000000ee9      0x21f Drivers/STM32F1xx_HAL_Driver/Src/stm32f1xx_hal_adc_ex.o
 .debug_abbrev  0x0000000000001108      0x313 Drivers/STM32F1xx_HAL_Driver/Src/stm32f1xx_hal_cortex.o
 .debug_abbrev  0x000000000000141b      0x1e8 Drivers/STM32F1xx_HAL_Driver/Src/stm32f1xx_hal_gpio.o
 .debug_abbrev  0x0000000000001603      0x273 Drivers/STM32F1xx_HAL_Driver/Src/stm32f1xx_hal_rcc.o
 .debug_abbrev  0x0000000000001876      0x193 Drivers/STM32F1xx_HAL_Driver/Src/stm32f1xx_hal_rcc_ex.o
 .debug_abbrev  0x0000000000001a09      0x25e Drivers/STM32F1xx_HAL_Driver/Src/stm32f1xx_hal_tim.o
 .debug_abbrev  0x0000000000001c67      0x266 Drivers/STM32F1xx_HAL_Driver/Src/stm32f1xx_hal_tim_ex.o
 .debug_abbrev  0x0000000000001ecd      0x333 D:\Documentos\STM32-WorkSpace\Mis_Ejers\WS_STM32\freertos\Debug\libfreertos.a(queue.o)
 .debug_abbrev  0x0000000000002200      0x398 D:\Documentos\STM32-WorkSpace\Mis_Ejers\WS_STM32\freertos\Debug\libfreertos.a(tasks.o)
 .debug_abbrev  0x0000000000002598      0x2ea D:\Documentos\STM32-WorkSpace\Mis_Ejers\WS_STM32\freertos\Debug\libfreertos.a(timers.o)
 .debug_abbrev  0x0000000000002882      0x1e5 D:\Documentos\STM32-WorkSpace\Mis_Ejers\WS_STM32\freertos\Debug\libfreertos.a(heap_3.o)
 .debug_abbrev  0x0000000000002a67      0x1f7 D:\Documentos\STM32-WorkSpace\Mis_Ejers\WS_STM32\freertos\Debug\libfreertos.a(list.o)
 .debug_abbrev  0x0000000000002c5e      0x25c D:\Documentos\STM32-WorkSpace\Mis_Ejers\WS_STM32\freertos\Debug\libfreertos.a(port.o)

.debug_aranges  0x0000000000000000     0x1070
 .debug_aranges
                0x0000000000000000       0x70 Core/Src/main.o
 .debug_aranges
                0x0000000000000070       0x40 Core/Src/stm32f1xx_hal_msp.o
 .debug_aranges
                0x00000000000000b0       0x30 Core/Src/stm32f1xx_hal_timebase_tim.o
 .debug_aranges
                0x00000000000000e0       0x58 Core/Src/stm32f1xx_it.o
 .debug_aranges
                0x0000000000000138       0x20 Core/Src/sysmem.o
 .debug_aranges
                0x0000000000000158       0x28 Core/Src/system_stm32f1xx.o
 .debug_aranges
                0x0000000000000180       0x28 Core/Startup/startup_stm32f103c8tx.o
 .debug_aranges
                0x00000000000001a8       0xe0 Drivers/STM32F1xx_HAL_Driver/Src/stm32f1xx_hal.o
 .debug_aranges
                0x0000000000000288       0xf0 Drivers/STM32F1xx_HAL_Driver/Src/stm32f1xx_hal_adc.o
 .debug_aranges
                0x0000000000000378       0x80 Drivers/STM32F1xx_HAL_Driver/Src/stm32f1xx_hal_adc_ex.o
 .debug_aranges
                0x00000000000003f8      0x100 Drivers/STM32F1xx_HAL_Driver/Src/stm32f1xx_hal_cortex.o
 .debug_aranges
                0x00000000000004f8       0x58 Drivers/STM32F1xx_HAL_Driver/Src/stm32f1xx_hal_gpio.o
 .debug_aranges
                0x0000000000000550       0x90 Drivers/STM32F1xx_HAL_Driver/Src/stm32f1xx_hal_rcc.o
 .debug_aranges
                0x00000000000005e0       0x30 Drivers/STM32F1xx_HAL_Driver/Src/stm32f1xx_hal_rcc_ex.o
 .debug_aranges
                0x0000000000000610      0x3d0 Drivers/STM32F1xx_HAL_Driver/Src/stm32f1xx_hal_tim.o
 .debug_aranges
                0x00000000000009e0      0x168 Drivers/STM32F1xx_HAL_Driver/Src/stm32f1xx_hal_tim_ex.o
 .debug_aranges
                0x0000000000000b48      0x130 D:\Documentos\STM32-WorkSpace\Mis_Ejers\WS_STM32\freertos\Debug\libfreertos.a(queue.o)
 .debug_aranges
                0x0000000000000c78      0x228 D:\Documentos\STM32-WorkSpace\Mis_Ejers\WS_STM32\freertos\Debug\libfreertos.a(tasks.o)
 .debug_aranges
                0x0000000000000ea0       0xe8 D:\Documentos\STM32-WorkSpace\Mis_Ejers\WS_STM32\freertos\Debug\libfreertos.a(timers.o)
 .debug_aranges
                0x0000000000000f88       0x28 D:\Documentos\STM32-WorkSpace\Mis_Ejers\WS_STM32\freertos\Debug\libfreertos.a(heap_3.o)
 .debug_aranges
                0x0000000000000fb0       0x40 D:\Documentos\STM32-WorkSpace\Mis_Ejers\WS_STM32\freertos\Debug\libfreertos.a(list.o)
 .debug_aranges
                0x0000000000000ff0       0x80 D:\Documentos\STM32-WorkSpace\Mis_Ejers\WS_STM32\freertos\Debug\libfreertos.a(port.o)

.debug_ranges   0x0000000000000000      0xf18
 .debug_ranges  0x0000000000000000       0x60 Core/Src/main.o
 .debug_ranges  0x0000000000000060       0x30 Core/Src/stm32f1xx_hal_msp.o
 .debug_ranges  0x0000000000000090       0x20 Core/Src/stm32f1xx_hal_timebase_tim.o
 .debug_ranges  0x00000000000000b0       0x48 Core/Src/stm32f1xx_it.o
 .debug_ranges  0x00000000000000f8       0x10 Core/Src/sysmem.o
 .debug_ranges  0x0000000000000108       0x18 Core/Src/system_stm32f1xx.o
 .debug_ranges  0x0000000000000120       0x20 Core/Startup/startup_stm32f103c8tx.o
 .debug_ranges  0x0000000000000140       0xd0 Drivers/STM32F1xx_HAL_Driver/Src/stm32f1xx_hal.o
 .debug_ranges  0x0000000000000210       0xe0 Drivers/STM32F1xx_HAL_Driver/Src/stm32f1xx_hal_adc.o
 .debug_ranges  0x00000000000002f0       0x70 Drivers/STM32F1xx_HAL_Driver/Src/stm32f1xx_hal_adc_ex.o
 .debug_ranges  0x0000000000000360       0xf0 Drivers/STM32F1xx_HAL_Driver/Src/stm32f1xx_hal_cortex.o
 .debug_ranges  0x0000000000000450       0x48 Drivers/STM32F1xx_HAL_Driver/Src/stm32f1xx_hal_gpio.o
 .debug_ranges  0x0000000000000498       0x80 Drivers/STM32F1xx_HAL_Driver/Src/stm32f1xx_hal_rcc.o
 .debug_ranges  0x0000000000000518       0x20 Drivers/STM32F1xx_HAL_Driver/Src/stm32f1xx_hal_rcc_ex.o
 .debug_ranges  0x0000000000000538      0x3c0 Drivers/STM32F1xx_HAL_Driver/Src/stm32f1xx_hal_tim.o
 .debug_ranges  0x00000000000008f8      0x158 Drivers/STM32F1xx_HAL_Driver/Src/stm32f1xx_hal_tim_ex.o
 .debug_ranges  0x0000000000000a50      0x120 D:\Documentos\STM32-WorkSpace\Mis_Ejers\WS_STM32\freertos\Debug\libfreertos.a(queue.o)
 .debug_ranges  0x0000000000000b70      0x218 D:\Documentos\STM32-WorkSpace\Mis_Ejers\WS_STM32\freertos\Debug\libfreertos.a(tasks.o)
 .debug_ranges  0x0000000000000d88       0xd8 D:\Documentos\STM32-WorkSpace\Mis_Ejers\WS_STM32\freertos\Debug\libfreertos.a(timers.o)
 .debug_ranges  0x0000000000000e60       0x18 D:\Documentos\STM32-WorkSpace\Mis_Ejers\WS_STM32\freertos\Debug\libfreertos.a(heap_3.o)
 .debug_ranges  0x0000000000000e78       0x30 D:\Documentos\STM32-WorkSpace\Mis_Ejers\WS_STM32\freertos\Debug\libfreertos.a(list.o)
 .debug_ranges  0x0000000000000ea8       0x70 D:\Documentos\STM32-WorkSpace\Mis_Ejers\WS_STM32\freertos\Debug\libfreertos.a(port.o)

.debug_macro    0x0000000000000000    0x19d88
 .debug_macro   0x0000000000000000      0x267 Core/Src/main.o
 .debug_macro   0x0000000000000267      0xa9c Core/Src/main.o
 .debug_macro   0x0000000000000d03      0x21b Core/Src/main.o
 .debug_macro   0x0000000000000f1e       0x2e Core/Src/main.o
 .debug_macro   0x0000000000000f4c       0x22 Core/Src/main.o
 .debug_macro   0x0000000000000f6e       0x22 Core/Src/main.o
 .debug_macro   0x0000000000000f90       0x8e Core/Src/main.o
 .debug_macro   0x000000000000101e       0x51 Core/Src/main.o
 .debug_macro   0x000000000000106f      0x103 Core/Src/main.o
 .debug_macro   0x0000000000001172       0x6a Core/Src/main.o
 .debug_macro   0x00000000000011dc      0x1df Core/Src/main.o
 .debug_macro   0x00000000000013bb       0x1c Core/Src/main.o
 .debug_macro   0x00000000000013d7       0x22 Core/Src/main.o
 .debug_macro   0x00000000000013f9       0xc3 Core/Src/main.o
 .debug_macro   0x00000000000014bc      0xd23 Core/Src/main.o
 .debug_macro   0x00000000000021df     0xe09e Core/Src/main.o
 .debug_macro   0x000000000001027d       0x6d Core/Src/main.o
 .debug_macro   0x00000000000102ea     0x348d Core/Src/main.o
 .debug_macro   0x0000000000013777      0x174 Core/Src/main.o
 .debug_macro   0x00000000000138eb       0x5c Core/Src/main.o
 .debug_macro   0x0000000000013947      0x5bc Core/Src/main.o
 .debug_macro   0x0000000000013f03      0x289 Core/Src/main.o
 .debug_macro   0x000000000001418c      0x1cb Core/Src/main.o
 .debug_macro   0x0000000000014357      0x114 Core/Src/main.o
 .debug_macro   0x000000000001446b      0x1b2 Core/Src/main.o
 .debug_macro   0x000000000001461d       0x27 Core/Src/main.o
 .debug_macro   0x0000000000014644      0x136 Core/Src/main.o
 .debug_macro   0x000000000001477a      0x1bc Core/Src/main.o
 .debug_macro   0x0000000000014936       0x34 Core/Src/main.o
 .debug_macro   0x000000000001496a       0x3c Core/Src/main.o
 .debug_macro   0x00000000000149a6       0x57 Core/Src/main.o
 .debug_macro   0x00000000000149fd      0x46a Core/Src/main.o
 .debug_macro   0x0000000000014e67      0x1b5 Core/Src/main.o
 .debug_macro   0x000000000001501c       0x87 Core/Src/main.o
 .debug_macro   0x00000000000150a3      0x240 Core/Src/main.o
 .debug_macro   0x00000000000152e3      0x140 Core/Src/main.o
 .debug_macro   0x0000000000015423      0x8ed Core/Src/main.o
 .debug_macro   0x0000000000015d10       0x83 Core/Src/main.o
 .debug_macro   0x0000000000015d93       0x1c Core/Src/main.o
 .debug_macro   0x0000000000015daf      0x1d8 Core/Src/main.o
 .debug_macro   0x0000000000015f87      0x15a Core/Src/main.o
 .debug_macro   0x00000000000160e1       0xcf Core/Src/main.o
 .debug_macro   0x00000000000161b0       0x22 Core/Src/main.o
 .debug_macro   0x00000000000161d2       0x1f Core/Src/main.o
 .debug_macro   0x00000000000161f1       0x12 Core/Src/main.o
 .debug_macro   0x0000000000016203      0x3c9 Core/Src/main.o
 .debug_macro   0x00000000000165cc       0xc3 Core/Src/main.o
 .debug_macro   0x000000000001668f      0x120 Core/Src/main.o
 .debug_macro   0x00000000000167af       0x80 Core/Src/main.o
 .debug_macro   0x000000000001682f       0x77 Core/Src/main.o
 .debug_macro   0x00000000000168a6      0x1bc Core/Src/stm32f1xx_hal_msp.o
 .debug_macro   0x0000000000016a62      0x1ad Core/Src/stm32f1xx_hal_timebase_tim.o
 .debug_macro   0x0000000000016c0f      0x1c6 Core/Src/stm32f1xx_it.o
 .debug_macro   0x0000000000016dd5       0xff Core/Src/sysmem.o
 .debug_macro   0x0000000000016ed4      0x23b Core/Src/sysmem.o
 .debug_macro   0x000000000001710f      0x1ad Core/Src/system_stm32f1xx.o
 .debug_macro   0x00000000000172bc      0x1d1 Drivers/STM32F1xx_HAL_Driver/Src/stm32f1xx_hal.o
 .debug_macro   0x000000000001748d      0x1ca Drivers/STM32F1xx_HAL_Driver/Src/stm32f1xx_hal_adc.o
 .debug_macro   0x0000000000017657      0x1bf Drivers/STM32F1xx_HAL_Driver/Src/stm32f1xx_hal_adc_ex.o
 .debug_macro   0x0000000000017816      0x1ad Drivers/STM32F1xx_HAL_Driver/Src/stm32f1xx_hal_cortex.o
 .debug_macro   0x00000000000179c3      0x218 Drivers/STM32F1xx_HAL_Driver/Src/stm32f1xx_hal_gpio.o
 .debug_macro   0x0000000000017bdb      0x1bf Drivers/STM32F1xx_HAL_Driver/Src/stm32f1xx_hal_rcc.o
 .debug_macro   0x0000000000017d9a      0x1ad Drivers/STM32F1xx_HAL_Driver/Src/stm32f1xx_hal_rcc_ex.o
 .debug_macro   0x0000000000017f47      0x1ae Drivers/STM32F1xx_HAL_Driver/Src/stm32f1xx_hal_tim.o
 .debug_macro   0x00000000000180f5      0x1ad Drivers/STM32F1xx_HAL_Driver/Src/stm32f1xx_hal_tim_ex.o
 .debug_macro   0x00000000000182a2      0x22f D:\Documentos\STM32-WorkSpace\Mis_Ejers\WS_STM32\freertos\Debug\libfreertos.a(queue.o)
 .debug_macro   0x00000000000184d1      0xaa2 D:\Documentos\STM32-WorkSpace\Mis_Ejers\WS_STM32\freertos\Debug\libfreertos.a(queue.o)
 .debug_macro   0x0000000000018f73      0x10e D:\Documentos\STM32-WorkSpace\Mis_Ejers\WS_STM32\freertos\Debug\libfreertos.a(queue.o)
 .debug_macro   0x0000000000019081       0x8d D:\Documentos\STM32-WorkSpace\Mis_Ejers\WS_STM32\freertos\Debug\libfreertos.a(queue.o)
 .debug_macro   0x000000000001910e       0x16 D:\Documentos\STM32-WorkSpace\Mis_Ejers\WS_STM32\freertos\Debug\libfreertos.a(queue.o)
 .debug_macro   0x0000000000019124       0x20 D:\Documentos\STM32-WorkSpace\Mis_Ejers\WS_STM32\freertos\Debug\libfreertos.a(queue.o)
 .debug_macro   0x0000000000019144      0x1d8 D:\Documentos\STM32-WorkSpace\Mis_Ejers\WS_STM32\freertos\Debug\libfreertos.a(queue.o)
 .debug_macro   0x000000000001931c      0x284 D:\Documentos\STM32-WorkSpace\Mis_Ejers\WS_STM32\freertos\Debug\libfreertos.a(tasks.o)
 .debug_macro   0x00000000000195a0       0x91 D:\Documentos\STM32-WorkSpace\Mis_Ejers\WS_STM32\freertos\Debug\libfreertos.a(tasks.o)
 .debug_macro   0x0000000000019631       0x17 D:\Documentos\STM32-WorkSpace\Mis_Ejers\WS_STM32\freertos\Debug\libfreertos.a(tasks.o)
 .debug_macro   0x0000000000019648      0x1e7 D:\Documentos\STM32-WorkSpace\Mis_Ejers\WS_STM32\freertos\Debug\libfreertos.a(timers.o)
 .debug_macro   0x000000000001982f       0x97 D:\Documentos\STM32-WorkSpace\Mis_Ejers\WS_STM32\freertos\Debug\libfreertos.a(timers.o)
 .debug_macro   0x00000000000198c6      0x1a7 D:\Documentos\STM32-WorkSpace\Mis_Ejers\WS_STM32\freertos\Debug\libfreertos.a(heap_3.o)
 .debug_macro   0x0000000000019a6d      0x198 D:\Documentos\STM32-WorkSpace\Mis_Ejers\WS_STM32\freertos\Debug\libfreertos.a(list.o)
 .debug_macro   0x0000000000019c05      0x183 D:\Documentos\STM32-WorkSpace\Mis_Ejers\WS_STM32\freertos\Debug\libfreertos.a(port.o)

.debug_line     0x0000000000000000    0x11dec
 .debug_line    0x0000000000000000      0xa24 Core/Src/main.o
 .debug_line    0x0000000000000a24      0x718 Core/Src/stm32f1xx_hal_msp.o
 .debug_line    0x000000000000113c      0x6f2 Core/Src/stm32f1xx_hal_timebase_tim.o
 .debug_line    0x000000000000182e      0x74a Core/Src/stm32f1xx_it.o
 .debug_line    0x0000000000001f78      0x4f8 Core/Src/sysmem.o
 .debug_line    0x0000000000002470      0x714 Core/Src/system_stm32f1xx.o
 .debug_line    0x0000000000002b84       0x86 Core/Startup/startup_stm32f103c8tx.o
 .debug_line    0x0000000000002c0a      0x941 Drivers/STM32F1xx_HAL_Driver/Src/stm32f1xx_hal.o
 .debug_line    0x000000000000354b      0xfc6 Drivers/STM32F1xx_HAL_Driver/Src/stm32f1xx_hal_adc.o
 .debug_line    0x0000000000004511      0xd0a Drivers/STM32F1xx_HAL_Driver/Src/stm32f1xx_hal_adc_ex.o
 .debug_line    0x000000000000521b      0xb29 Drivers/STM32F1xx_HAL_Driver/Src/stm32f1xx_hal_cortex.o
 .debug_line    0x0000000000005d44      0x9da Drivers/STM32F1xx_HAL_Driver/Src/stm32f1xx_hal_gpio.o
 .debug_line    0x000000000000671e      0xd4d Drivers/STM32F1xx_HAL_Driver/Src/stm32f1xx_hal_rcc.o
 .debug_line    0x000000000000746b      0x888 Drivers/STM32F1xx_HAL_Driver/Src/stm32f1xx_hal_rcc_ex.o
 .debug_line    0x0000000000007cf3     0x33c0 Drivers/STM32F1xx_HAL_Driver/Src/stm32f1xx_hal_tim.o
 .debug_line    0x000000000000b0b3     0x1897 Drivers/STM32F1xx_HAL_Driver/Src/stm32f1xx_hal_tim_ex.o
 .debug_line    0x000000000000c94a     0x1580 D:\Documentos\STM32-WorkSpace\Mis_Ejers\WS_STM32\freertos\Debug\libfreertos.a(queue.o)
 .debug_line    0x000000000000deca     0x1f71 D:\Documentos\STM32-WorkSpace\Mis_Ejers\WS_STM32\freertos\Debug\libfreertos.a(tasks.o)
 .debug_line    0x000000000000fe3b      0xb93 D:\Documentos\STM32-WorkSpace\Mis_Ejers\WS_STM32\freertos\Debug\libfreertos.a(timers.o)
 .debug_line    0x00000000000109ce      0x5a6 D:\Documentos\STM32-WorkSpace\Mis_Ejers\WS_STM32\freertos\Debug\libfreertos.a(heap_3.o)
 .debug_line    0x0000000000010f74      0x674 D:\Documentos\STM32-WorkSpace\Mis_Ejers\WS_STM32\freertos\Debug\libfreertos.a(list.o)
 .debug_line    0x00000000000115e8      0x804 D:\Documentos\STM32-WorkSpace\Mis_Ejers\WS_STM32\freertos\Debug\libfreertos.a(port.o)

.debug_str      0x0000000000000000    0x95c5c
 .debug_str     0x0000000000000000    0x8c4fb Core/Src/main.o
                                      0x8c9aa (size before relaxing)
 .debug_str     0x000000000008c4fb      0x316 Core/Src/stm32f1xx_hal_msp.o
                                      0x86e55 (size before relaxing)
 .debug_str     0x000000000008c811       0xaa Core/Src/stm32f1xx_hal_timebase_tim.o
                                      0x86cd7 (size before relaxing)
 .debug_str     0x000000000008c8bb       0x92 Core/Src/stm32f1xx_it.o
                                      0x86aef (size before relaxing)
 .debug_str     0x000000000008c94d     0x2093 Core/Src/sysmem.o
                                       0x626b (size before relaxing)
 .debug_str     0x000000000008e9e0       0x52 Core/Src/system_stm32f1xx.o
                                      0x86479 (size before relaxing)
 .debug_str     0x000000000008ea32       0x36 Core/Startup/startup_stm32f103c8tx.o
                                         0x7f (size before relaxing)
 .debug_str     0x000000000008ea68      0x2b9 Drivers/STM32F1xx_HAL_Driver/Src/stm32f1xx_hal.o
                                      0x86b0a (size before relaxing)
 .debug_str     0x000000000008ed21      0x345 Drivers/STM32F1xx_HAL_Driver/Src/stm32f1xx_hal_adc.o
                                      0x86b10 (size before relaxing)
 .debug_str     0x000000000008f066      0x2fb Drivers/STM32F1xx_HAL_Driver/Src/stm32f1xx_hal_adc_ex.o
                                      0x86abe (size before relaxing)
 .debug_str     0x000000000008f361      0x300 Drivers/STM32F1xx_HAL_Driver/Src/stm32f1xx_hal_cortex.o
                                      0x86b12 (size before relaxing)
 .debug_str     0x000000000008f661      0x324 Drivers/STM32F1xx_HAL_Driver/Src/stm32f1xx_hal_gpio.o
                                      0x8683d (size before relaxing)
 .debug_str     0x000000000008f985      0x245 Drivers/STM32F1xx_HAL_Driver/Src/stm32f1xx_hal_rcc.o
                                      0x86876 (size before relaxing)
 .debug_str     0x000000000008fbca       0xb9 Drivers/STM32F1xx_HAL_Driver/Src/stm32f1xx_hal_rcc_ex.o
                                      0x86603 (size before relaxing)
 .debug_str     0x000000000008fc83      0xdc0 Drivers/STM32F1xx_HAL_Driver/Src/stm32f1xx_hal_tim.o
                                      0x8784f (size before relaxing)
 .debug_str     0x0000000000090a43      0x4ee Drivers/STM32F1xx_HAL_Driver/Src/stm32f1xx_hal_tim_ex.o
                                      0x87000 (size before relaxing)
 .debug_str     0x0000000000090f31     0x21ab D:\Documentos\STM32-WorkSpace\Mis_Ejers\WS_STM32\freertos\Debug\libfreertos.a(queue.o)
                                       0xd2b0 (size before relaxing)
 .debug_str     0x00000000000930dc     0x1d45 D:\Documentos\STM32-WorkSpace\Mis_Ejers\WS_STM32\freertos\Debug\libfreertos.a(tasks.o)
                                       0xdea3 (size before relaxing)
 .debug_str     0x0000000000094e21      0x576 D:\Documentos\STM32-WorkSpace\Mis_Ejers\WS_STM32\freertos\Debug\libfreertos.a(timers.o)
                                       0xd493 (size before relaxing)
 .debug_str     0x0000000000095397       0x1c D:\Documentos\STM32-WorkSpace\Mis_Ejers\WS_STM32\freertos\Debug\libfreertos.a(heap_3.o)
                                       0xbee3 (size before relaxing)
 .debug_str     0x00000000000953b3       0x9b D:\Documentos\STM32-WorkSpace\Mis_Ejers\WS_STM32\freertos\Debug\libfreertos.a(list.o)
                                       0xad8b (size before relaxing)
 .debug_str     0x000000000009544e      0x80e D:\Documentos\STM32-WorkSpace\Mis_Ejers\WS_STM32\freertos\Debug\libfreertos.a(port.o)
                                       0x94d8 (size before relaxing)

.comment        0x0000000000000000       0x53
 .comment       0x0000000000000000       0x53 Core/Src/main.o
                                         0x54 (size before relaxing)
 .comment       0x0000000000000053       0x54 Core/Src/stm32f1xx_hal_msp.o
 .comment       0x0000000000000053       0x54 Core/Src/stm32f1xx_hal_timebase_tim.o
 .comment       0x0000000000000053       0x54 Core/Src/stm32f1xx_it.o
 .comment       0x0000000000000053       0x54 Core/Src/sysmem.o
 .comment       0x0000000000000053       0x54 Core/Src/system_stm32f1xx.o
 .comment       0x0000000000000053       0x54 Drivers/STM32F1xx_HAL_Driver/Src/stm32f1xx_hal.o
 .comment       0x0000000000000053       0x54 Drivers/STM32F1xx_HAL_Driver/Src/stm32f1xx_hal_adc.o
 .comment       0x0000000000000053       0x54 Drivers/STM32F1xx_HAL_Driver/Src/stm32f1xx_hal_adc_ex.o
 .comment       0x0000000000000053       0x54 Drivers/STM32F1xx_HAL_Driver/Src/stm32f1xx_hal_cortex.o
 .comment       0x0000000000000053       0x54 Drivers/STM32F1xx_HAL_Driver/Src/stm32f1xx_hal_gpio.o
 .comment       0x0000000000000053       0x54 Drivers/STM32F1xx_HAL_Driver/Src/stm32f1xx_hal_rcc.o
 .comment       0x0000000000000053       0x54 Drivers/STM32F1xx_HAL_Driver/Src/stm32f1xx_hal_rcc_ex.o
 .comment       0x0000000000000053       0x54 Drivers/STM32F1xx_HAL_Driver/Src/stm32f1xx_hal_tim.o
 .comment       0x0000000000000053       0x54 Drivers/STM32F1xx_HAL_Driver/Src/stm32f1xx_hal_tim_ex.o
 .comment       0x0000000000000053       0x54 D:\Documentos\STM32-WorkSpace\Mis_Ejers\WS_STM32\freertos\Debug\libfreertos.a(queue.o)
 .comment       0x0000000000000053       0x54 D:\Documentos\STM32-WorkSpace\Mis_Ejers\WS_STM32\freertos\Debug\libfreertos.a(tasks.o)
 .comment       0x0000000000000053       0x54 D:\Documentos\STM32-WorkSpace\Mis_Ejers\WS_STM32\freertos\Debug\libfreertos.a(timers.o)
 .comment       0x0000000000000053       0x54 D:\Documentos\STM32-WorkSpace\Mis_Ejers\WS_STM32\freertos\Debug\libfreertos.a(heap_3.o)
 .comment       0x0000000000000053       0x54 D:\Documentos\STM32-WorkSpace\Mis_Ejers\WS_STM32\freertos\Debug\libfreertos.a(list.o)
 .comment       0x0000000000000053       0x54 D:\Documentos\STM32-WorkSpace\Mis_Ejers\WS_STM32\freertos\Debug\libfreertos.a(port.o)

.debug_frame    0x0000000000000000     0x4570
 .debug_frame   0x0000000000000000      0x180 Core/Src/main.o
 .debug_frame   0x0000000000000180       0xd0 Core/Src/stm32f1xx_hal_msp.o
 .debug_frame   0x0000000000000250       0x74 Core/Src/stm32f1xx_hal_timebase_tim.o
 .debug_frame   0x00000000000002c4       0xe0 Core/Src/stm32f1xx_it.o
 .debug_frame   0x00000000000003a4       0x34 Core/Src/sysmem.o
 .debug_frame   0x00000000000003d8       0x58 Core/Src/system_stm32f1xx.o
 .debug_frame   0x0000000000000430      0x334 Drivers/STM32F1xx_HAL_Driver/Src/stm32f1xx_hal.o
 .debug_frame   0x0000000000000764      0x40c Drivers/STM32F1xx_HAL_Driver/Src/stm32f1xx_hal_adc.o
 .debug_frame   0x0000000000000b70      0x200 Drivers/STM32F1xx_HAL_Driver/Src/stm32f1xx_hal_adc_ex.o
 .debug_frame   0x0000000000000d70      0x428 Drivers/STM32F1xx_HAL_Driver/Src/stm32f1xx_hal_cortex.o