Archive member included to satisfy reference by file (symbol)

C:\Users\Marcos\Documents\STM32 - WorkSpace\freertos\Debug\libfreertos.a(queue.o)
                              Core/Src/main.o (xQueueGenericCreate)
C:\Users\Marcos\Documents\STM32 - WorkSpace\freertos\Debug\libfreertos.a(tasks.o)
                              Core/Src/main.o (xTaskCreate)
C:\Users\Marcos\Documents\STM32 - WorkSpace\freertos\Debug\libfreertos.a(timers.o)
                              C:\Users\Marcos\Documents\STM32 - WorkSpace\freertos\Debug\libfreertos.a(tasks.o) (xTimerCreateTimerTask)
C:\Users\Marcos\Documents\STM32 - WorkSpace\freertos\Debug\libfreertos.a(heap_3.o)
                              C:\Users\Marcos\Documents\STM32 - WorkSpace\freertos\Debug\libfreertos.a(queue.o) (pvPortMalloc)
C:\Users\Marcos\Documents\STM32 - WorkSpace\freertos\Debug\libfreertos.a(list.o)
                              C:\Users\Marcos\Documents\STM32 - WorkSpace\freertos\Debug\libfreertos.a(queue.o) (vListInitialise)
C:\Users\Marcos\Documents\STM32 - WorkSpace\freertos\Debug\libfreertos.a(port.o)
                              C:\Users\Marcos\Documents\STM32 - WorkSpace\freertos\Debug\libfreertos.a(tasks.o) (pxPortInitialiseStack)
c:/st/stm32cubeide_1.6.1/stm32cubeide/plugins/com.st.stm32cube.ide.mcu.externaltools.gnu-tools-for-stm32.9-2020-q2-update.win32_1.5.0.202011040924/tools/bin/../lib/gcc/arm-none-eabi/9.3.1/../../../../arm-none-eabi/lib/thumb/v7-m/nofp\libc_nano.a(lib_a-errno.o)
                              Core/Src/syscalls.o (__errno)
c:/st/stm32cubeide_1.6.1/stm32cubeide/plugins/com.st.stm32cube.ide.mcu.externaltools.gnu-tools-for-stm32.9-2020-q2-update.win32_1.5.0.202011040924/tools/bin/../lib/gcc/arm-none-eabi/9.3.1/../../../../arm-none-eabi/lib/thumb/v7-m/nofp\libc_nano.a(lib_a-exit.o)
                              c:/st/stm32cubeide_1.6.1/stm32cubeide/plugins/com.st.stm32cube.ide.mcu.externaltools.gnu-tools-for-stm32.9-2020-q2-update.win32_1.5.0.202011040924/tools/bin/../lib/gcc/arm-none-eabi/9.3.1/../../../../arm-none-eabi/lib/thumb/v7-m/nofp/crt0.o (exit)
c:/st/stm32cubeide_1.6.1/stm32cubeide/plugins/com.st.stm32cube.ide.mcu.externaltools.gnu-tools-for-stm32.9-2020-q2-update.win32_1.5.0.202011040924/tools/bin/../lib/gcc/arm-none-eabi/9.3.1/../../../../arm-none-eabi/lib/thumb/v7-m/nofp\libc_nano.a(lib_a-impure.o)
                              c:/st/stm32cubeide_1.6.1/stm32cubeide/plugins/com.st.stm32cube.ide.mcu.externaltools.gnu-tools-for-stm32.9-2020-q2-update.win32_1.5.0.202011040924/tools/bin/../lib/gcc/arm-none-eabi/9.3.1/../../../../arm-none-eabi/lib/thumb/v7-m/nofp\libc_nano.a(lib_a-exit.o) (_global_impure_ptr)
c:/st/stm32cubeide_1.6.1/stm32cubeide/plugins/com.st.stm32cube.ide.mcu.externaltools.gnu-tools-for-stm32.9-2020-q2-update.win32_1.5.0.202011040924/tools/bin/../lib/gcc/arm-none-eabi/9.3.1/../../../../arm-none-eabi/lib/thumb/v7-m/nofp\libc_nano.a(lib_a-init.o)
                              c:/st/stm32cubeide_1.6.1/stm32cubeide/plugins/com.st.stm32cube.ide.mcu.externaltools.gnu-tools-for-stm32.9-2020-q2-update.win32_1.5.0.202011040924/tools/bin/../lib/gcc/arm-none-eabi/9.3.1/../../../../arm-none-eabi/lib/thumb/v7-m/nofp/crt0.o (__libc_init_array)
c:/st/stm32cubeide_1.6.1/stm32cubeide/plugins/com.st.stm32cube.ide.mcu.externaltools.gnu-tools-for-stm32.9-2020-q2-update.win32_1.5.0.202011040924/tools/bin/../lib/gcc/arm-none-eabi/9.3.1/../../../../arm-none-eabi/lib/thumb/v7-m/nofp\libc_nano.a(lib_a-malloc.o)
                              C:\Users\Marcos\Documents\STM32 - WorkSpace\freertos\Debug\libfreertos.a(heap_3.o) (malloc)
c:/st/stm32cubeide_1.6.1/stm32cubeide/plugins/com.st.stm32cube.ide.mcu.externaltools.gnu-tools-for-stm32.9-2020-q2-update.win32_1.5.0.202011040924/tools/bin/../lib/gcc/arm-none-eabi/9.3.1/../../../../arm-none-eabi/lib/thumb/v7-m/nofp\libc_nano.a(lib_a-memcpy-stub.o)
                              C:\Users\Marcos\Documents\STM32 - WorkSpace\freertos\Debug\libfreertos.a(queue.o) (memcpy)
c:/st/stm32cubeide_1.6.1/stm32cubeide/plugins/com.st.stm32cube.ide.mcu.externaltools.gnu-tools-for-stm32.9-2020-q2-update.win32_1.5.0.202011040924/tools/bin/../lib/gcc/arm-none-eabi/9.3.1/../../../../arm-none-eabi/lib/thumb/v7-m/nofp\libc_nano.a(lib_a-memset.o)
                              c:/st/stm32cubeide_1.6.1/stm32cubeide/plugins/com.st.stm32cube.ide.mcu.externaltools.gnu-tools-for-stm32.9-2020-q2-update.win32_1.5.0.202011040924/tools/bin/../lib/gcc/arm-none-eabi/9.3.1/../../../../arm-none-eabi/lib/thumb/v7-m/nofp/crt0.o (memset)
c:/st/stm32cubeide_1.6.1/stm32cubeide/plugins/com.st.stm32cube.ide.mcu.externaltools.gnu-tools-for-stm32.9-2020-q2-update.win32_1.5.0.202011040924/tools/bin/../lib/gcc/arm-none-eabi/9.3.1/../../../../arm-none-eabi/lib/thumb/v7-m/nofp\libc_nano.a(lib_a-nano-freer.o)
[...]
Memory Configuration

Name             Origin             Length             Attributes
RAM              0x0000000020000000 0x0000000000005000 xrw
FLASH            0x0000000008000000 0x0000000000010000 xr
*default*        0x0000000000000000 0xffffffffffffffff

Linker script and memory map

LOAD c:/st/stm32cubeide_1.6.1/stm32cubeide/plugins/com.st.stm32cube.ide.mcu.externaltools.gnu-tools-for-stm32.9-2020-q2-update.win32_1.5.0.202011040924/tools/bin/../lib/gcc/arm-none-eabi/9.3.1/thumb/v7-m/nofp/crti.o
LOAD c:/st/stm32cubeide_1.6.1/stm32cubeide/plugins/com.st.stm32cube.ide.mcu.externaltools.gnu-tools-for-stm32.9-2020-q2-update.win32_1.5.0.202011040924/tools/bin/../lib/gcc/arm-none-eabi/9.3.1/thumb/v7-m/nofp/crtbegin.o
LOAD c:/st/stm32cubeide_1.6.1/stm32cubeide/plugins/com.st.stm32cube.ide.mcu.externaltools.gnu-tools-for-stm32.9-2020-q2-update.win32_1.5.0.202011040924/tools/bin/../lib/gcc/arm-none-eabi/9.3.1/../../../../arm-none-eabi/lib/thumb/v7-m/nofp/crt0.o
LOAD Core/Src/main.o
LOAD Core/Src/stm32f1xx_hal_msp.o
LOAD Core/Src/stm32f1xx_hal_timebase_tim.o
LOAD Core/Src/stm32f1xx_it.o
LOAD Core/Src/syscalls.o
LOAD Core/Src/sysmem.o
LOAD Core/Src/system_stm32f1xx.o
LOAD Core/Startup/startup_stm32f103c8tx.o
LOAD Drivers/STM32F1xx_HAL_Driver/Src/stm32f1xx_hal.o
LOAD Drivers/STM32F1xx_HAL_Driver/Src/stm32f1xx_hal_adc.o
LOAD Drivers/STM32F1xx_HAL_Driver/Src/stm32f1xx_hal_adc_ex.o
LOAD Drivers/STM32F1xx_HAL_Driver/Src/stm32f1xx_hal_cortex.o
LOAD Drivers/STM32F1xx_HAL_Driver/Src/stm32f1xx_hal_dma.o
LOAD Drivers/STM32F1xx_HAL_Driver/Src/stm32f1xx_hal_exti.o
LOAD Drivers/STM32F1xx_HAL_Driver/Src/stm32f1xx_hal_flash.o
LOAD Drivers/STM32F1xx_HAL_Driver/Src/stm32f1xx_hal_flash_ex.o
LOAD Drivers/STM32F1xx_HAL_Driver/Src/stm32f1xx_hal_gpio.o
LOAD Drivers/STM32F1xx_HAL_Driver/Src/stm32f1xx_hal_gpio_ex.o
LOAD Drivers/STM32F1xx_HAL_Driver/Src/stm32f1xx_hal_pwr.o
LOAD Drivers/STM32F1xx_HAL_Driver/Src/stm32f1xx_hal_rcc.o
LOAD Drivers/STM32F1xx_HAL_Driver/Src/stm32f1xx_hal_rcc_ex.o
LOAD Drivers/STM32F1xx_HAL_Driver/Src/stm32f1xx_hal_tim.o
LOAD Drivers/STM32F1xx_HAL_Driver/Src/stm32f1xx_hal_tim_ex.o
LOAD C:\Users\Marcos\Documents\STM32 - WorkSpace\freertos\Debug\libfreertos.a
START GROUP
LOAD C:\Users\Marcos\Documents\STM32 - WorkSpace\freertos\Debug\libfreertos.a
END GROUP
START GROUP
LOAD c:/st/stm32cubeide_1.6.1/stm32cubeide/plugins/com.st.stm32cube.ide.mcu.externaltools.gnu-tools-for-stm32.9-2020-q2-update.win32_1.5.0.202011040924/tools/bin/../lib/gcc/arm-none-eabi/9.3.1/../../../../arm-none-eabi/lib/thumb/v7-m/nofp\libc_nano.a
LOAD c:/st/stm32cubeide_1.6.1/stm32cubeide/plugins/com.st.stm32cube.ide.mcu.externaltools.gnu-tools-for-stm32.9-2020-q2-update.win32_1.5.0.202011040924/tools/bin/../lib/gcc/arm-none-eabi/9.3.1/../../../../arm-none-eabi/lib/thumb/v7-m/nofp\libm.a
END GROUP
START GROUP
LOAD c:/st/stm32cubeide_1.6.1/stm32cubeide/plugins/com.st.stm32cube.ide.mcu.externaltools.gnu-tools-for-stm32.9-2020-q2-update.win32_1.5.0.202011040924/tools/bin/../lib/gcc/arm-none-eabi/9.3.1/thumb/v7-m/nofp\libgcc.a
LOAD c:/st/stm32cubeide_1.6.1/stm32cubeide/plugins/com.st.stm32cube.ide.mcu.externaltools.gnu-tools-for-stm32.9-2020-q2-update.win32_1.5.0.202011040924/tools/bin/../lib/gcc/arm-none-eabi/9.3.1/../../../../arm-none-eabi/lib/thumb/v7-m/nofp\libc_nano.a
END GROUP
START GROUP
LOAD c:/st/stm32cubeide_1.6.1/stm32cubeide/plugins/com.st.stm32cube.ide.mcu.externaltools.gnu-tools-for-stm32.9-2020-q2-update.win32_1.5.0.202011040924/tools/bin/../lib/gcc/arm-none-eabi/9.3.1/thumb/v7-m/nofp\libgcc.a
LOAD c:/st/stm32cubeide_1.6.1/stm32cubeide/plugins/com.st.stm32cube.ide.mcu.externaltools.gnu-tools-for-stm32.9-2020-q2-update.win32_1.5.0.202011040924/tools/bin/../lib/gcc/arm-none-eabi/9.3.1/../../../../arm-none-eabi/lib/thumb/v7-m/nofp\libc_nano.a
LOAD c:/st/stm32cubeide_1.6.1/stm32cubeide/plugins/com.st.stm32cube.ide.mcu.externaltools.gnu-tools-for-stm32.9-2020-q2-update.win32_1.5.0.202011040924/tools/bin/../lib/gcc/arm-none-eabi/9.3.1/../../../../arm-none-eabi/lib/thumb/v7-m/nofp\libnosys.a
END GROUP
START GROUP
LOAD c:/st/stm32cubeide_1.6.1/stm32cubeide/plugins/com.st.stm32cube.ide.mcu.externaltools.gnu-tools-for-stm32.9-2020-q2-update.win32_1.5.0.202011040924/tools/bin/../lib/gcc/arm-none-eabi/9.3.1/thumb/v7-m/nofp\libgcc.a
LOAD c:/st/stm32cubeide_1.6.1/stm32cubeide/plugins/com.st.stm32cube.ide.mcu.externaltools.gnu-tools-for-stm32.9-2020-q2-update.win32_1.5.0.202011040924/tools/bin/../lib/gcc/arm-none-eabi/9.3.1/../../../../arm-none-eabi/lib/thumb/v7-m/nofp\libc_nano.a
LOAD c:/st/stm32cubeide_1.6.1/stm32cubeide/plugins/com.st.stm32cube.ide.mcu.externaltools.gnu-tools-for-stm32.9-2020-q2-update.win32_1.5.0.202011040924/tools/bin/../lib/gcc/arm-none-eabi/9.3.1/../../../../arm-none-eabi/lib/thumb/v7-m/nofp\libnosys.a
END GROUP
LOAD c:/st/stm32cubeide_1.6.1/stm32cubeide/plugins/com.st.stm32cube.ide.mcu.externaltools.gnu-tools-for-stm32.9-2020-q2-update.win32_1.5.0.202011040924/tools/bin/../lib/gcc/arm-none-eabi/9.3.1/thumb/v7-m/nofp/crtend.o
LOAD c:/st/stm32cubeide_1.6.1/stm32cubeide/plugins/com.st.stm32cube.ide.mcu.externaltools.gnu-tools-for-stm32.9-2020-q2-update.win32_1.5.0.202011040924/tools/bin/../lib/gcc/arm-none-eabi/9.3.1/thumb/v7-m/nofp/crtn.o
                0x0000000020005000                _estack = (ORIGIN (RAM) + LENGTH (RAM))
                0x0000000000000200                _Min_Heap_Size = 0x200
                0x0000000000000400                _Min_Stack_Size = 0x400

.isr_vector     0x0000000008000000      0x10c
                0x0000000008000000                . = ALIGN (0x4)
 *(.isr_vector)
 .isr_vector    0x0000000008000000      0x10c Core/Startup/startup_stm32f103c8tx.o
                0x0000000008000000                g_pfnVectors
                0x000000000800010c                . = ALIGN (0x4)

.text           0x0000000008000110     0x5a44
                0x0000000008000110                . = ALIGN (0x4)
 *(.text)
 .text          0x0000000008000110       0x40 c:/st/stm32cubeide_1.6.1/stm32cubeide/plugins/com.st.stm32cube.ide.mcu.externaltools.gnu-tools-for-stm32.9-2020-q2-update.win32_1.5.0.202011040924/tools/bin/../lib/gcc/arm-none-eabi/9.3.1/thumb/v7-m/nofp/crtbegin.o
 *(.text*)
 .text.Adc      0x0000000008000150       0x14 Core/Src/main.o
 .text.Led      0x0000000008000164       0x20 Core/Src/main.o
 .text.Config   0x0000000008000184       0xfc Core/Src/main.o
 .text.HAL_ADC_ConvCpltCallback
                0x0000000008000280       0x70 Core/Src/main.o
                0x0000000008000280                HAL_ADC_ConvCpltCallback
 .text.main     0x00000000080002f0       0xe4 Core/Src/main.o
                0x00000000080002f0                main
 .text.SystemClock_Config
                0x00000000080003d4       0xb6 Core/Src/main.o
                0x00000000080003d4                SystemClock_Config
 *fill*         0x000000000800048a        0x2 
 .text.MX_ADC1_Init
                0x000000000800048c       0x7c Core/Src/main.o
 .text.MX_TIM2_Init
                0x0000000008000508       0x98 Core/Src/main.o
 .text.MX_GPIO_Init
                0x00000000080005a0       0x98 Core/Src/main.o
 .text.HAL_TIM_PeriodElapsedCallback
                0x0000000008000638       0x24 Core/Src/main.o
                0x0000000008000638                HAL_TIM_PeriodElapsedCallback
 .text.Error_Handler
                0x000000000800065c        0xa Core/Src/main.o
                0x000000000800065c                Error_Handler
 *fill*         0x0000000008000666        0x2 
 .text.HAL_MspInit
                0x0000000008000668       0x64 Core/Src/stm32f1xx_hal_msp.o
                0x0000000008000668                HAL_MspInit
 .text.HAL_ADC_MspInit
                0x00000000080006cc       0x88 Core/Src/stm32f1xx_hal_msp.o
                0x00000000080006cc                HAL_ADC_MspInit
 .text.HAL_TIM_Base_MspInit
                0x0000000008000754       0x38 Core/Src/stm32f1xx_hal_msp.o
                0x0000000008000754                HAL_TIM_Base_MspInit
 .text.HAL_InitTick
                0x000000000800078c       0xac Core/Src/stm32f1xx_hal_timebase_tim.o
                0x000000000800078c                HAL_InitTick
 .text.NMI_Handler
                0x0000000008000838        0x6 Core/Src/stm32f1xx_it.o
                0x0000000008000838                NMI_Handler
 .text.HardFault_Handler
                0x000000000800083e        0x6 Core/Src/stm32f1xx_it.o
                0x000000000800083e                HardFault_Handler
 .text.MemManage_Handler
                0x0000000008000844        0x6 Core/Src/stm32f1xx_it.o
                0x0000000008000844                MemManage_Handler
 .text.BusFault_Handler
                0x000000000800084a        0x6 Core/Src/stm32f1xx_it.o
                0x000000000800084a                BusFault_Handler
 .text.UsageFault_Handler
                0x0000000008000850        0x6 Core/Src/stm32f1xx_it.o
                0x0000000008000850                UsageFault_Handler
 .text.DebugMon_Handler
                0x0000000008000856        0xc Core/Src/stm32f1xx_it.o
                0x0000000008000856                DebugMon_Handler
 *fill*         0x0000000008000862        0x2 
 .text.ADC1_2_IRQHandler
                0x0000000008000864       0x14 Core/Src/stm32f1xx_it.o
                0x0000000008000864                ADC1_2_IRQHandler
 .text.TIM1_UP_IRQHandler
                0x0000000008000878       0x14 Core/Src/stm32f1xx_it.o
                0x0000000008000878                TIM1_UP_IRQHandler
 .text._sbrk    0x000000000800088c       0x6c Core/Src/sysmem.o
                0x000000000800088c                _sbrk
 .text.SystemInit
                0x00000000080008f8        0xc Core/Src/system_stm32f1xx.o
                0x00000000080008f8                SystemInit
 .text.Reset_Handler
                0x0000000008000904       0x48 Core/Startup/startup_stm32f103c8tx.o
                0x0000000008000904                Reset_Handler
 .text.Default_Handler
                0x000000000800094c        0x2 Core/Startup/startup_stm32f103c8tx.o
                0x000000000800094c                RTC_Alarm_IRQHandler
                0x000000000800094c                EXTI2_IRQHandler
                0x000000000800094c                TIM1_CC_IRQHandler
                0x000000000800094c                PVD_IRQHandler
                0x000000000800094c                EXTI3_IRQHandler
                0x000000000800094c                EXTI0_IRQHandler
                0x000000000800094c                I2C2_EV_IRQHandler
                0x000000000800094c                SPI1_IRQHandler
                0x000000000800094c                TAMPER_IRQHandler
                0x000000000800094c                DMA1_Channel4_IRQHandler
                0x000000000800094c                USART3_IRQHandler
                0x000000000800094c                RTC_IRQHandler
                0x000000000800094c                DMA1_Channel7_IRQHandler
                0x000000000800094c                CAN1_RX1_IRQHandler
                0x000000000800094c                TIM4_IRQHandler
                0x000000000800094c                I2C1_EV_IRQHandler
                0x000000000800094c                DMA1_Channel6_IRQHandler
                0x000000000800094c                TIM3_IRQHandler
                0x000000000800094c                RCC_IRQHandler
                0x000000000800094c                TIM1_TRG_COM_IRQHandler
                0x000000000800094c                DMA1_Channel1_IRQHandler
                0x000000000800094c                Default_Handler
                0x000000000800094c                EXTI15_10_IRQHandler
                0x000000000800094c                EXTI9_5_IRQHandler
                0x000000000800094c                SPI2_IRQHandler
                0x000000000800094c                DMA1_Channel5_IRQHandler
                0x000000000800094c                EXTI4_IRQHandler
                0x000000000800094c                USB_LP_CAN1_RX0_IRQHandler
                0x000000000800094c                USB_HP_CAN1_TX_IRQHandler
                0x000000000800094c                DMA1_Channel3_IRQHandler
                0x000000000800094c                WWDG_IRQHandler
                0x000000000800094c                TIM2_IRQHandler
                0x000000000800094c                TIM1_BRK_IRQHandler
                0x000000000800094c                EXTI1_IRQHandler
                0x000000000800094c                USART2_IRQHandler
                0x000000000800094c                I2C2_ER_IRQHandler
                0x000000000800094c                DMA1_Channel2_IRQHandler
                0x000000000800094c                CAN1_SCE_IRQHandler
                0x000000000800094c                FLASH_IRQHandler
                0x000000000800094c                USART1_IRQHandler
                0x000000000800094c                I2C1_ER_IRQHandler
                0x000000000800094c                USBWakeUp_IRQHandler
 *fill*         0x000000000800094e        0x2 
 .text.HAL_Init
                0x0000000008000950       0x2c Drivers/STM32F1xx_HAL_Driver/Src/stm32f1xx_hal.o
                0x0000000008000950                HAL_Init
 .text.HAL_IncTick
                0x000000000800097c       0x24 Drivers/STM32F1xx_HAL_Driver/Src/stm32f1xx_hal.o
                0x000000000800097c                HAL_IncTick
 .text.HAL_GetTick
                0x00000000080009a0       0x14 Drivers/STM32F1xx_HAL_Driver/Src/stm32f1xx_hal.o
                0x00000000080009a0                HAL_GetTick
 .text.HAL_ADC_Init
                0x00000000080009b4      0x1b0 Drivers/STM32F1xx_HAL_Driver/Src/stm32f1xx_hal_adc.o
                0x00000000080009b4                HAL_ADC_Init
 .text.HAL_ADC_Start_IT
                0x0000000008000b64      0x16c Drivers/STM32F1xx_HAL_Driver/Src/stm32f1xx_hal_adc.o
                0x0000000008000b64                HAL_ADC_Start_IT
 .text.HAL_ADC_GetValue
                0x0000000008000cd0       0x18 Drivers/STM32F1xx_HAL_Driver/Src/stm32f1xx_hal_adc.o
                0x0000000008000cd0                HAL_ADC_GetValue
 .text.HAL_ADC_IRQHandler
                0x0000000008000ce8      0x17e Drivers/STM32F1xx_HAL_Driver/Src/stm32f1xx_hal_adc.o
                0x0000000008000ce8                HAL_ADC_IRQHandler
 .text.HAL_ADC_LevelOutOfWindowCallback
                0x0000000008000e66       0x12 Drivers/STM32F1xx_HAL_Driver/Src/stm32f1xx_hal_adc.o
                0x0000000008000e66                HAL_ADC_LevelOutOfWindowCallback
 .text.HAL_ADC_ConfigChannel
                0x0000000008000e78      0x1f0 Drivers/STM32F1xx_HAL_Driver/Src/stm32f1xx_hal_adc.o
                0x0000000008000e78                HAL_ADC_ConfigChannel
 .text.ADC_Enable
                0x0000000008001068       0xb4 Drivers/STM32F1xx_HAL_Driver/Src/stm32f1xx_hal_adc.o
                0x0000000008001068                ADC_Enable
 .text.ADC_ConversionStop_Disable
                0x000000000800111c       0x82 Drivers/STM32F1xx_HAL_Driver/Src/stm32f1xx_hal_adc.o
                0x000000000800111c                ADC_ConversionStop_Disable
 .text.HAL_ADCEx_InjectedConvCpltCallback
                0x000000000800119e       0x12 Drivers/STM32F1xx_HAL_Driver/Src/stm32f1xx_hal_adc_ex.o
                0x000000000800119e                HAL_ADCEx_InjectedConvCpltCallback
 .text.__NVIC_SetPriorityGrouping
                0x00000000080011b0       0x48 Drivers/STM32F1xx_HAL_Driver/Src/stm32f1xx_hal_cortex.o
 .text.__NVIC_GetPriorityGrouping
                0x00000000080011f8       0x1c Drivers/STM32F1xx_HAL_Driver/Src/stm32f1xx_hal_cortex.o
 .text.__NVIC_EnableIRQ
                0x0000000008001214       0x38 Drivers/STM32F1xx_HAL_Driver/Src/stm32f1xx_hal_cortex.o
 .text.__NVIC_SetPriority
                0x000000000800124c       0x54 Drivers/STM32F1xx_HAL_Driver/Src/stm32f1xx_hal_cortex.o
 .text.NVIC_EncodePriority
                0x00000000080012a0       0x64 Drivers/STM32F1xx_HAL_Driver/Src/stm32f1xx_hal_cortex.o
 .text.HAL_NVIC_SetPriorityGrouping
                0x0000000008001304       0x16 Drivers/STM32F1xx_HAL_Driver/Src/stm32f1xx_hal_cortex.o
                0x0000000008001304                HAL_NVIC_SetPriorityGrouping
 .text.HAL_NVIC_SetPriority
                0x000000000800131a       0x38 Drivers/STM32F1xx_HAL_Driver/Src/stm32f1xx_hal_cortex.o
                0x000000000800131a                HAL_NVIC_SetPriority
 .text.HAL_NVIC_EnableIRQ
                0x0000000008001352       0x1c Drivers/STM32F1xx_HAL_Driver/Src/stm32f1xx_hal_cortex.o
                0x0000000008001352                HAL_NVIC_EnableIRQ
 *fill*         0x000000000800136e        0x2 
 .text.HAL_GPIO_Init
                0x0000000008001370      0x308 Drivers/STM32F1xx_HAL_Driver/Src/stm32f1xx_hal_gpio.o
                0x0000000008001370                HAL_GPIO_Init
 .text.HAL_GPIO_WritePin
                0x0000000008001678       0x30 Drivers/STM32F1xx_HAL_Driver/Src/stm32f1xx_hal_gpio.o
                0x0000000008001678                HAL_GPIO_WritePin
 .text.HAL_RCC_OscConfig
                0x00000000080016a8      0x500 Drivers/STM32F1xx_HAL_Driver/Src/stm32f1xx_hal_rcc.o
                0x00000000080016a8                HAL_RCC_OscConfig
 .text.HAL_RCC_ClockConfig
                0x0000000008001ba8      0x1d4 Drivers/STM32F1xx_HAL_Driver/Src/stm32f1xx_hal_rcc.o
                0x0000000008001ba8                HAL_RCC_ClockConfig
 .text.HAL_RCC_GetSysClockFreq
                0x0000000008001d7c       0xa8 Drivers/STM32F1xx_HAL_Driver/Src/stm32f1xx_hal_rcc.o
                0x0000000008001d7c                HAL_RCC_GetSysClockFreq
 .text.HAL_RCC_GetHCLKFreq
                0x0000000008001e24       0x14 Drivers/STM32F1xx_HAL_Driver/Src/stm32f1xx_hal_rcc.o
                0x0000000008001e24                HAL_RCC_GetHCLKFreq
 .text.HAL_RCC_GetPCLK2Freq
                0x0000000008001e38       0x28 Drivers/STM32F1xx_HAL_Driver/Src/stm32f1xx_hal_rcc.o
                0x0000000008001e38                HAL_RCC_GetPCLK2Freq
 .text.HAL_RCC_GetClockConfig
                0x0000000008001e60       0x60 Drivers/STM32F1xx_HAL_Driver/Src/stm32f1xx_hal_rcc.o
                0x0000000008001e60                HAL_RCC_GetClockConfig
 .text.RCC_Delay
                0x0000000008001ec0       0x3c Drivers/STM32F1xx_HAL_Driver/Src/stm32f1xx_hal_rcc.o
 .text.HAL_RCCEx_PeriphCLKConfig
                0x0000000008001efc      0x16c Drivers/STM32F1xx_HAL_Driver/Src/stm32f1xx_hal_rcc_ex.o
                0x0000000008001efc                HAL_RCCEx_PeriphCLKConfig
 .text.HAL_TIM_Base_Init
                0x0000000008002068       0x9e Drivers/STM32F1xx_HAL_Driver/Src/stm32f1xx_hal_tim.o
                0x0000000008002068                HAL_TIM_Base_Init
 *fill*         0x0000000008002106        0x2 
 .text.HAL_TIM_Base_Start
                0x0000000008002108       0x94 Drivers/STM32F1xx_HAL_Driver/Src/stm32f1xx_hal_tim.o
                0x0000000008002108                HAL_TIM_Base_Start
 .text.HAL_TIM_Base_Start_IT
                0x000000000800219c       0xa4 Drivers/STM32F1xx_HAL_Driver/Src/stm32f1xx_hal_tim.o
                0x000000000800219c                HAL_TIM_Base_Start_IT
 .text.HAL_TIM_IRQHandler
                0x0000000008002240      0x210 Drivers/STM32F1xx_HAL_Driver/Src/stm32f1xx_hal_tim.o
                0x0000000008002240                HAL_TIM_IRQHandler
 .text.HAL_TIM_ConfigClockSource
                0x0000000008002450      0x18e Drivers/STM32F1xx_HAL_Driver/Src/stm32f1xx_hal_tim.o
                0x0000000008002450                HAL_TIM_ConfigClockSource
 .text.HAL_TIM_OC_DelayElapsedCallback
                0x00000000080025de       0x12 Drivers/STM32F1xx_HAL_Driver/Src/stm32f1xx_hal_tim.o
                0x00000000080025de                HAL_TIM_OC_DelayElapsedCallback
 .text.HAL_TIM_IC_CaptureCallback
                0x00000000080025f0       0x12 Drivers/STM32F1xx_HAL_Driver/Src/stm32f1xx_hal_tim.o
                0x00000000080025f0                HAL_TIM_IC_CaptureCallback
 .text.HAL_TIM_PWM_PulseFinishedCallback
                0x0000000008002602       0x12 Drivers/STM32F1xx_HAL_Driver/Src/stm32f1xx_hal_tim.o
                0x0000000008002602                HAL_TIM_PWM_PulseFinishedCallback
 .text.HAL_TIM_TriggerCallback
                0x0000000008002614       0x12 Drivers/STM32F1xx_HAL_Driver/Src/stm32f1xx_hal_tim.o
                0x0000000008002614                HAL_TIM_TriggerCallback
 *fill*         0x0000000008002626        0x2 
 .text.TIM_Base_SetConfig
                0x0000000008002628       0xc4 Drivers/STM32F1xx_HAL_Driver/Src/stm32f1xx_hal_tim.o
                0x0000000008002628                TIM_Base_SetConfig
 .text.TIM_TI1_ConfigInputStage
                0x00000000080026ec       0x5c Drivers/STM32F1xx_HAL_Driver/Src/stm32f1xx_hal_tim.o
 .text.TIM_TI2_ConfigInputStage
                0x0000000008002748       0x5e Drivers/STM32F1xx_HAL_Driver/Src/stm32f1xx_hal_tim.o
 .text.TIM_ITRx_SetConfig
                0x00000000080027a6       0x34 Drivers/STM32F1xx_HAL_Driver/Src/stm32f1xx_hal_tim.o
 .text.TIM_ETR_SetConfig
                0x00000000080027da       0x3e Drivers/STM32F1xx_HAL_Driver/Src/stm32f1xx_hal_tim.o
                0x00000000080027da                TIM_ETR_SetConfig
 .text.HAL_TIMEx_MasterConfigSynchronization
                0x0000000008002818       0xbc Drivers/STM32F1xx_HAL_Driver/Src/stm32f1xx_hal_tim_ex.o
                0x0000000008002818                HAL_TIMEx_MasterConfigSynchronization
 .text.HAL_TIMEx_CommutCallback
                0x00000000080028d4       0x12 Drivers/STM32F1xx_HAL_Driver/Src/stm32f1xx_hal_tim_ex.o
                0x00000000080028d4                HAL_TIMEx_CommutCallback
 .text.HAL_TIMEx_BreakCallback
                0x00000000080028e6       0x12 Drivers/STM32F1xx_HAL_Driver/Src/stm32f1xx_hal_tim_ex.o
                0x00000000080028e6                HAL_TIMEx_BreakCallback
 .text.xQueueGenericReset
                0x00000000080028f8      0x120 C:\Users\Marcos\Documents\STM32 - WorkSpace\freertos\Debug\libfreertos.a(queue.o)
                0x00000000080028f8                xQueueGenericReset
 .text.xQueueGenericCreate
                0x0000000008002a18       0x9c C:\Users\Marcos\Documents\STM32 - WorkSpace\freertos\Debug\libfreertos.a(queue.o)
                0x0000000008002a18                xQueueGenericCreate
 .text.prvInitialiseNewQueue
                0x0000000008002ab4       0x46 C:\Users\Marcos\Documents\STM32 - WorkSpace\freertos\Debug\libfreertos.a(queue.o)
 *fill*         0x0000000008002afa        0x2 
 .text.xQueueGenericSend
                0x0000000008002afc      0x1fc C:\Users\Marcos\Documents\STM32 - WorkSpace\freertos\Debug\libfreertos.a(queue.o)
                0x0000000008002afc                xQueueGenericSend
 .text.xQueueGenericSendFromISR
                0x0000000008002cf8      0x164 C:\Users\Marcos\Documents\STM32 - WorkSpace\freertos\Debug\libfreertos.a(queue.o)
                0x0000000008002cf8                xQueueGenericSendFromISR
 .text.xQueueGiveFromISR
                0x0000000008002e5c      0x148 C:\Users\Marcos\Documents\STM32 - WorkSpace\freertos\Debug\libfreertos.a(queue.o)
                0x0000000008002e5c                xQueueGiveFromISR
 .text.xQueueReceive
                0x0000000008002fa4      0x1c0 C:\Users\Marcos\Documents\STM32 - WorkSpace\freertos\Debug\libfreertos.a(queue.o)
                0x0000000008002fa4                xQueueReceive
 .text.xQueueSemaphoreTake
                0x0000000008003164      0x1fc C:\Users\Marcos\Documents\STM32 - WorkSpace\freertos\Debug\libfreertos.a(queue.o)
                0x0000000008003164                xQueueSemaphoreTake
 .text.prvGetDisinheritPriorityAfterTimeout
                0x0000000008003360       0x2e C:\Users\Marcos\Documents\STM32 - WorkSpace\freertos\Debug\libfreertos.a(queue.o)
 .text.prvCopyDataToQueue
                0x000000000800338e       0xd4 C:\Users\Marcos\Documents\STM32 - WorkSpace\freertos\Debug\libfreertos.a(queue.o)
 .text.prvCopyDataFromQueue
                0x0000000008003462       0x4c C:\Users\Marcos\Documents\STM32 - WorkSpace\freertos\Debug\libfreertos.a(queue.o)
 .text.prvUnlockQueue
                0x00000000080034ae       0xa4 C:\Users\Marcos\Documents\STM32 - WorkSpace\freertos\Debug\libfreertos.a(queue.o)
 .text.prvIsQueueEmpty
                0x0000000008003552       0x2c C:\Users\Marcos\Documents\STM32 - WorkSpace\freertos\Debug\libfreertos.a(queue.o)
 .text.prvIsQueueFull
                0x000000000800357e       0x30 C:\Users\Marcos\Documents\STM32 - WorkSpace\freertos\Debug\libfreertos.a(queue.o)
 *fill*         0x00000000080035ae        0x2 
 .text.vQueueAddToRegistry
                0x00000000080035b0       0x9c C:\Users\Marcos\Documents\STM32 - WorkSpace\freertos\Debug\libfreertos.a(queue.o)
                0x00000000080035b0                vQueueAddToRegistry
 .text.vQueueWaitForMessageRestricted
                0x000000000800364c       0x68 C:\Users\Marcos\Documents\STM32 - WorkSpace\freertos\Debug\libfreertos.a(queue.o)
                0x000000000800364c                vQueueWaitForMessageRestricted
 .text.xTaskCreate
                0x00000000080036b4       0x8a C:\Users\Marcos\Documents\STM32 - WorkSpace\freertos\Debug\libfreertos.a(tasks.o)
                0x00000000080036b4                xTaskCreate
 .text.prvInitialiseNewTask
                0x000000000800373e      0x11c C:\Users\Marcos\Documents\STM32 - WorkSpace\freertos\Debug\libfreertos.a(tasks.o)
 *fill*         0x000000000800385a        0x2 
 .text.prvAddNewTaskToReadyList
                0x000000000800385c      0x130 C:\Users\Marcos\Documents\STM32 - WorkSpace\freertos\Debug\libfreertos.a(tasks.o)
 .text.vTaskDelay
                0x000000000800398c       0x68 C:\Users\Marcos\Documents\STM32 - WorkSpace\freertos\Debug\libfreertos.a(tasks.o)
                0x000000000800398c                vTaskDelay
 .text.vTaskPrioritySet
                0x00000000080039f4      0x18c C:\Users\Marcos\Documents\STM32 - WorkSpace\freertos\Debug\libfreertos.a(tasks.o)
                0x00000000080039f4                vTaskPrioritySet
 .text.vTaskStartScheduler
                0x0000000008003b80       0xa4 C:\Users\Marcos\Documents\STM32 - WorkSpace\freertos\Debug\libfreertos.a(tasks.o)
                0x0000000008003b80                vTaskStartScheduler
 .text.vTaskSuspendAll
                0x0000000008003c24       0x1c C:\Users\Marcos\Documents\STM32 - WorkSpace\freertos\Debug\libfreertos.a(tasks.o)
                0x0000000008003c24                vTaskSuspendAll
 .text.prvGetExpectedIdleTime
                0x0000000008003c40       0x6c C:\Users\Marcos\Documents\STM32 - WorkSpace\freertos\Debug\libfreertos.a(tasks.o)
 .text.xTaskResumeAll
                0x0000000008003cac      0x1f8 C:\Users\Marcos\Documents\STM32 - WorkSpace\freertos\Debug\libfreertos.a(tasks.o)
                0x0000000008003cac                xTaskResumeAll
 .text.xTaskGetTickCount
                0x0000000008003ea4       0x1c C:\Users\Marcos\Documents\STM32 - WorkSpace\freertos\Debug\libfreertos.a(tasks.o)
                0x0000000008003ea4                xTaskGetTickCount
 .text.uxTaskGetNumberOfTasks
                0x0000000008003ec0       0x14 C:\Users\Marcos\Documents\STM32 - WorkSpace\freertos\Debug\libfreertos.a(tasks.o)
                0x0000000008003ec0                uxTaskGetNumberOfTasks
 .text.vTaskStepTick
                0x0000000008003ed4       0xb4 C:\Users\Marcos\Documents\STM32 - WorkSpace\freertos\Debug\libfreertos.a(tasks.o)
                0x0000000008003ed4                vTaskStepTick
 .text.xTaskIncrementTick
                0x0000000008003f88      0x230 C:\Users\Marcos\Documents\STM32 - WorkSpace\freertos\Debug\libfreertos.a(tasks.o)
                0x0000000008003f88                xTaskIncrementTick
 .text.vTaskSwitchContext
                0x00000000080041b8       0xb8 C:\Users\Marcos\Documents\STM32 - WorkSpace\freertos\Debug\libfreertos.a(tasks.o)
                0x00000000080041b8                vTaskSwitchContext
 .text.vTaskPlaceOnEventList
                0x0000000008004270       0x48 C:\Users\Marcos\Documents\STM32 - WorkSpace\freertos\Debug\libfreertos.a(tasks.o)
                0x0000000008004270                vTaskPlaceOnEventList
 .text.vTaskPlaceOnEventListRestricted
                0x00000000080042b8       0x8c C:\Users\Marcos\Documents\STM32 - WorkSpace\freertos\Debug\libfreertos.a(tasks.o)
                0x00000000080042b8                vTaskPlaceOnEventListRestricted
 .text.xTaskRemoveFromEventList
                0x0000000008004344      0x1b0 C:\Users\Marcos\Documents\STM32 - WorkSpace\freertos\Debug\libfreertos.a(tasks.o)
                0x0000000008004344                xTaskRemoveFromEventList
 .text.vTaskInternalSetTimeOutState
                0x00000000080044f4       0x2c C:\Users\Marcos\Documents\STM32 - WorkSpace\freertos\Debug\libfreertos.a(tasks.o)
                0x00000000080044f4                vTaskInternalSetTimeOutState
 .text.xTaskCheckForTimeOut
                0x0000000008004520       0xcc C:\Users\Marcos\Documents\STM32 - WorkSpace\freertos\Debug\libfreertos.a(tasks.o)
                0x0000000008004520                xTaskCheckForTimeOut
 .text.vTaskMissedYield
                0x00000000080045ec       0x18 C:\Users\Marcos\Documents\STM32 - WorkSpace\freertos\Debug\libfreertos.a(tasks.o)
                0x00000000080045ec                vTaskMissedYield
 .text.prvIdleTask
                0x0000000008004604       0x80 C:\Users\Marcos\Documents\STM32 - WorkSpace\freertos\Debug\libfreertos.a(tasks.o)
 .text.eTaskConfirmSleepModeStatus
                0x0000000008004684       0x6c C:\Users\Marcos\Documents\STM32 - WorkSpace\freertos\Debug\libfreertos.a(tasks.o)
                0x0000000008004684                eTaskConfirmSleepModeStatus
 .text.prvInitialiseTaskLists
                0x00000000080046f0       0x80 C:\Users\Marcos\Documents\STM32 - WorkSpace\freertos\Debug\libfreertos.a(tasks.o)
 .text.prvCheckTasksWaitingTermination
                0x0000000008004770       0x5c C:\Users\Marcos\Documents\STM32 - WorkSpace\freertos\Debug\libfreertos.a(tasks.o)
 .text.prvDeleteTCB
                0x00000000080047cc       0x20 C:\Users\Marcos\Documents\STM32 - WorkSpace\freertos\Debug\libfreertos.a(tasks.o)
 .text.prvResetNextTaskUnblockTime
                0x00000000080047ec       0x34 C:\Users\Marcos\Documents\STM32 - WorkSpace\freertos\Debug\libfreertos.a(tasks.o)
 .text.xTaskGetSchedulerState
                0x0000000008004820       0x3c C:\Users\Marcos\Documents\STM32 - WorkSpace\freertos\Debug\libfreertos.a(tasks.o)
                0x0000000008004820                xTaskGetSchedulerState
 .text.xTaskPriorityInherit
                0x000000000800485c      0x120 C:\Users\Marcos\Documents\STM32 - WorkSpace\freertos\Debug\libfreertos.a(tasks.o)
                0x000000000800485c                xTaskPriorityInherit
 .text.xTaskPriorityDisinherit
                0x000000000800497c      0x12c C:\Users\Marcos\Documents\STM32 - WorkSpace\freertos\Debug\libfreertos.a(tasks.o)
                0x000000000800497c                xTaskPriorityDisinherit
 .text.vTaskPriorityDisinheritAfterTimeout
                0x0000000008004aa8      0x154 C:\Users\Marcos\Documents\STM32 - WorkSpace\freertos\Debug\libfreertos.a(tasks.o)
                0x0000000008004aa8                vTaskPriorityDisinheritAfterTimeout
 .text.pvTaskIncrementMutexHeldCount
                0x0000000008004bfc       0x28 C:\Users\Marcos\Documents\STM32 - WorkSpace\freertos\Debug\libfreertos.a(tasks.o)
                0x0000000008004bfc                pvTaskIncrementMutexHeldCount
 .text.prvAddCurrentTaskToDelayedList
                0x0000000008004c24       0xdc C:\Users\Marcos\Documents\STM32 - WorkSpace\freertos\Debug\libfreertos.a(tasks.o)
 .text.xTimerCreateTimerTask
                0x0000000008004d00       0x64 C:\Users\Marcos\Documents\STM32 - WorkSpace\freertos\Debug\libfreertos.a(timers.o)
                0x0000000008004d00                xTimerCreateTimerTask
 .text.prvReloadTimer
                0x0000000008004d64       0x42 C:\Users\Marcos\Documents\STM32 - WorkSpace\freertos\Debug\libfreertos.a(timers.o)
 *fill*         0x0000000008004da6        0x2 
 .text.prvProcessExpiredTimer
                0x0000000008004da8       0x60 C:\Users\Marcos\Documents\STM32 - WorkSpace\freertos\Debug\libfreertos.a(timers.o)
 .text.prvTimerTask
                0x0000000008004e08       0x24 C:\Users\Marcos\Documents\STM32 - WorkSpace\freertos\Debug\libfreertos.a(timers.o)
 .text.prvProcessTimerOrBlockTask
                0x0000000008004e2c       0x9c C:\Users\Marcos\Documents\STM32 - WorkSpace\freertos\Debug\libfreertos.a(timers.o)
 .text.prvGetNextExpireTime
                0x0000000008004ec8       0x44 C:\Users\Marcos\Documents\STM32 - WorkSpace\freertos\Debug\libfreertos.a(timers.o)
 .text.prvSampleTimeNow
                0x0000000008004f0c       0x40 C:\Users\Marcos\Documents\STM32 - WorkSpace\freertos\Debug\libfreertos.a(timers.o)
 .text.prvInsertTimerInActiveList
                0x0000000008004f4c       0x84 C:\Users\Marcos\Documents\STM32 - WorkSpace\freertos\Debug\libfreertos.a(timers.o)
 .text.prvProcessReceivedCommands
                0x0000000008004fd0      0x17c C:\Users\Marcos\Documents\STM32 - WorkSpace\freertos\Debug\libfreertos.a(timers.o)
 .text.prvSwitchTimerLists
                0x000000000800514c       0x4c C:\Users\Marcos\Documents\STM32 - WorkSpace\freertos\Debug\libfreertos.a(timers.o)
 .text.prvCheckForValidListAndQueue
                0x0000000008005198       0x6c C:\Users\Marcos\Documents\STM32 - WorkSpace\freertos\Debug\libfreertos.a(timers.o)
 .text.pvPortMalloc
                0x0000000008005204       0x24 C:\Users\Marcos\Documents\STM32 - WorkSpace\freertos\Debug\libfreertos.a(heap_3.o)
                0x0000000008005204                pvPortMalloc
 .text.vPortFree
                0x0000000008005228       0x24 C:\Users\Marcos\Documents\STM32 - WorkSpace\freertos\Debug\libfreertos.a(heap_3.o)
                0x0000000008005228                vPortFree
 .text.vListInitialise
                0x000000000800524c       0x3e C:\Users\Marcos\Documents\STM32 - WorkSpace\freertos\Debug\libfreertos.a(list.o)
                0x000000000800524c                vListInitialise
 .text.vListInitialiseItem
                0x000000000800528a       0x18 C:\Users\Marcos\Documents\STM32 - WorkSpace\freertos\Debug\libfreertos.a(list.o)
                0x000000000800528a                vListInitialiseItem
 .text.vListInsert
                0x00000000080052a2       0x70 C:\Users\Marcos\Documents\STM32 - WorkSpace\freertos\Debug\libfreertos.a(list.o)
                0x00000000080052a2                vListInsert
 .text.uxListRemove
                0x0000000008005312       0x52 C:\Users\Marcos\Documents\STM32 - WorkSpace\freertos\Debug\libfreertos.a(list.o)
                0x0000000008005312                uxListRemove
 .text.pxPortInitialiseStack
                0x0000000008005364       0x58 C:\Users\Marcos\Documents\STM32 - WorkSpace\freertos\Debug\libfreertos.a(port.o)
                0x0000000008005364                pxPortInitialiseStack
 .text.prvTaskExitError
                0x00000000080053bc       0x58 C:\Users\Marcos\Documents\STM32 - WorkSpace\freertos\Debug\libfreertos.a(port.o)
 *fill*         0x0000000008005414        0xc 
 .text.SVC_Handler
                0x0000000008005420       0x28 C:\Users\Marcos\Documents\STM32 - WorkSpace\freertos\Debug\libfreertos.a(port.o)
                0x0000000008005420                SVC_Handler
 .text.prvPortStartFirstTask
                0x0000000008005448       0x24 C:\Users\Marcos\Documents\STM32 - WorkSpace\freertos\Debug\libfreertos.a(port.o)
 .text.xPortStartScheduler
                0x000000000800546c       0xe4 C:\Users\Marcos\Documents\STM32 - WorkSpace\freertos\Debug\libfreertos.a(port.o)
                0x000000000800546c                xPortStartScheduler
 .text.vPortEnterCritical
                0x0000000008005550       0x60 C:\Users\Marcos\Documents\STM32 - WorkSpace\freertos\Debug\libfreertos.a(port.o)
                0x0000000008005550                vPortEnterCritical
 .text.vPortExitCritical
                0x00000000080055b0       0x50 C:\Users\Marcos\Documents\STM32 - WorkSpace\freertos\Debug\libfreertos.a(port.o)
                0x00000000080055b0                vPortExitCritical
 .text.PendSV_Handler
                0x0000000008005600       0x48 C:\Users\Marcos\Documents\STM32 - WorkSpace\freertos\Debug\libfreertos.a(port.o)
                0x0000000008005600                PendSV_Handler
 .text.SysTick_Handler
                0x0000000008005648       0x44 C:\Users\Marcos\Documents\STM32 - WorkSpace\freertos\Debug\libfreertos.a(port.o)
                0x0000000008005648                SysTick_Handler
 .text.vPortSuppressTicksAndSleep
                0x000000000800568c      0x194 C:\Users\Marcos\Documents\STM32 - WorkSpace\freertos\Debug\libfreertos.a(port.o)
                0x000000000800568c                vPortSuppressTicksAndSleep
 .text.vPortSetupTimerInterrupt
                0x0000000008005820       0x78 C:\Users\Marcos\Documents\STM32 - WorkSpace\freertos\Debug\libfreertos.a(port.o)
                0x0000000008005820                vPortSetupTimerInterrupt
 .text.vPortValidateInterruptPriority
                0x0000000008005898       0x7c C:\Users\Marcos\Documents\STM32 - WorkSpace\freertos\Debug\libfreertos.a(port.o)
                0x0000000008005898                vPortValidateInterruptPriority
 .text.__errno  0x0000000008005914        0xc c:/st/stm32cubeide_1.6.1/stm32cubeide/plugins/com.st.stm32cube.ide.mcu.externaltools.gnu-tools-for-stm32.9-2020-q2-update.win32_1.5.0.202011040924/tools/bin/../lib/gcc/arm-none-eabi/9.3.1/../../../../arm-none-eabi/lib/thumb/v7-m/nofp\libc_nano.a(lib_a-errno.o)
                0x0000000008005914                __errno
 .text.__libc_init_array
                0x0000000008005920       0x48 c:/st/stm32cubeide_1.6.1/stm32cubeide/plugins/com.st.stm32cube.ide.mcu.externaltools.gnu-tools-for-stm32.9-2020-q2-update.win32_1.5.0.202011040924/tools/bin/../lib/gcc/arm-none-eabi/9.3.1/../../../../arm-none-eabi/lib/thumb/v7-m/nofp\libc_nano.a(lib_a-init.o)
                0x0000000008005920                __libc_init_array
 .text.malloc   0x0000000008005968       0x10 c:/st/stm32cubeide_1.6.1/stm32cubeide/plugins/com.st.stm32cube.ide.mcu.externaltools.gnu-tools-for-stm32.9-2020-q2-update.win32_1.5.0.202011040924/tools/bin/../lib/gcc/arm-none-eabi/9.3.1/../../../../arm-none-eabi/lib/thumb/v7-m/nofp\libc_nano.a(lib_a-malloc.o)
                0x0000000008005968                malloc
 .text.free     0x0000000008005978       0x10 c:/st/stm32cubeide_1.6.1/stm32cubeide/plugins/com.st.stm32cube.ide.mcu.externaltools.gnu-tools-for-stm32.9-2020-q2-update.win32_1.5.0.202011040924/tools/bin/../lib/gcc/arm-none-eabi/9.3.1/../../../../arm-none-eabi/lib/thumb/v7-m/nofp\libc_nano.a(lib_a-malloc.o)
                0x0000000008005978                free
 .text.memcpy   0x0000000008005988       0x1c c:/st/stm32cubeide_1.6.1/stm32cubeide/plugins/com.st.stm32cube.ide.mcu.externaltools.gnu-tools-for-stm32.9-2020-q2-update.win32_1.5.0.202011040924/tools/bin/../lib/gcc/arm-none-eabi/9.3.1/../../../../arm-none-eabi/lib/thumb/v7-m/nofp\libc_nano.a(lib_a-memcpy-stub.o)
                0x0000000008005988                memcpy
 .text.memset   0x00000000080059a4       0x10 c:/st/stm32cubeide_1.6.1/stm32cubeide/plugins/com.st.stm32cube.ide.mcu.externaltools.gnu-tools-for-stm32.9-2020-q2-update.win32_1.5.0.202011040924/tools/bin/../lib/gcc/arm-none-eabi/9.3.1/../../../../arm-none-eabi/lib/thumb/v7-m/nofp\libc_nano.a(lib_a-memset.o)
                0x00000000080059a4                memset
 .text._free_r  0x00000000080059b4       0x98 c:/st/stm32cubeide_1.6.1/stm32cubeide/plugins/com.st.stm32cube.ide.mcu.externaltools.gnu-tools-for-stm32.9-2020-q2-update.win32_1.5.0.202011040924/tools/bin/../lib/gcc/arm-none-eabi/9.3.1/../../../../arm-none-eabi/lib/thumb/v7-m/nofp\libc_nano.a(lib_a-nano-freer.o)
                0x00000000080059b4                _free_r
 .text._malloc_r
                0x0000000008005a4c       0xb4 c:/st/stm32cubeide_1.6.1/stm32cubeide/plugins/com.st.stm32cube.ide.mcu.externaltools.gnu-tools-for-stm32.9-2020-q2-update.win32_1.5.0.202011040924/tools/bin/../lib/gcc/arm-none-eabi/9.3.1/../../../../arm-none-eabi/lib/thumb/v7-m/nofp\libc_nano.a(lib_a-nano-mallocr.o)
                0x0000000008005a4c                _malloc_r
 .text._sbrk_r  0x0000000008005b00       0x20 c:/st/stm32cubeide_1.6.1/stm32cubeide/plugins/com.st.stm32cube.ide.mcu.externaltools.gnu-tools-for-stm32.9-2020-q2-update.win32_1.5.0.202011040924/tools/bin/../lib/gcc/arm-none-eabi/9.3.1/../../../../arm-none-eabi/lib/thumb/v7-m/nofp\libc_nano.a(lib_a-sbrkr.o)
                0x0000000008005b00                _sbrk_r
 .text.__malloc_lock
                0x0000000008005b20        0xc c:/st/stm32cubeide_1.6.1/stm32cubeide/plugins/com.st.stm32cube.ide.mcu.externaltools.gnu-tools-for-stm32.9-2020-q2-update.win32_1.5.0.202011040924/tools/bin/../lib/gcc/arm-none-eabi/9.3.1/../../../../arm-none-eabi/lib/thumb/v7-m/nofp\libc_nano.a(lib_a-mlock.o)
                0x0000000008005b20                __malloc_lock
 .text.__malloc_unlock
                0x0000000008005b2c        0xc c:/st/stm32cubeide_1.6.1/stm32cubeide/plugins/com.st.stm32cube.ide.mcu.externaltools.gnu-tools-for-stm32.9-2020-q2-update.win32_1.5.0.202011040924/tools/bin/../lib/gcc/arm-none-eabi/9.3.1/../../../../arm-none-eabi/lib/thumb/v7-m/nofp\libc_nano.a(lib_a-mlock.o)
                0x0000000008005b2c                __malloc_unlock
 .text.__retarget_lock_acquire_recursive
                0x0000000008005b38        0x2 c:/st/stm32cubeide_1.6.1/stm32cubeide/plugins/com.st.stm32cube.ide.mcu.externaltools.gnu-tools-for-stm32.9-2020-q2-update.win32_1.5.0.202011040924/tools/bin/../lib/gcc/arm-none-eabi/9.3.1/../../../../arm-none-eabi/lib/thumb/v7-m/nofp\libc_nano.a(lib_a-lock.o)
                0x0000000008005b38                __retarget_lock_acquire_recursive
 .text.__retarget_lock_release_recursive
                0x0000000008005b3a        0x2 c:/st/stm32cubeide_1.6.1/stm32cubeide/plugins/com.st.stm32cube.ide.mcu.externaltools.gnu-tools-for-stm32.9-2020-q2-update.win32_1.5.0.202011040924/tools/bin/../lib/gcc/arm-none-eabi/9.3.1/../../../../arm-none-eabi/lib/thumb/v7-m/nofp\libc_nano.a(lib_a-lock.o)
                0x0000000008005b3a                __retarget_lock_release_recursive
 *(.glue_7)
 .glue_7        0x0000000008005b3c        0x0 linker stubs
 *(.glue_7t)
 .glue_7t       0x0000000008005b3c        0x0 linker stubs
 *(.eh_frame)
 .eh_frame      0x0000000008005b3c        0x0 c:/st/stm32cubeide_1.6.1/stm32cubeide/plugins/com.st.stm32cube.ide.mcu.externaltools.gnu-tools-for-stm32.9-2020-q2-update.win32_1.5.0.202011040924/tools/bin/../lib/gcc/arm-none-eabi/9.3.1/thumb/v7-m/nofp/crtbegin.o
 *(.init)
 .init          0x0000000008005b3c        0x4 c:/st/stm32cubeide_1.6.1/stm32cubeide/plugins/com.st.stm32cube.ide.mcu.externaltools.gnu-tools-for-stm32.9-2020-q2-update.win32_1.5.0.202011040924/tools/bin/../lib/gcc/arm-none-eabi/9.3.1/thumb/v7-m/nofp/crti.o
                0x0000000008005b3c                _init
 .init          0x0000000008005b40        0x8 c:/st/stm32cubeide_1.6.1/stm32cubeide/plugins/com.st.stm32cube.ide.mcu.externaltools.gnu-tools-for-stm32.9-2020-q2-update.win32_1.5.0.202011040924/tools/bin/../lib/gcc/arm-none-eabi/9.3.1/thumb/v7-m/nofp/crtn.o
 *(.fini)
 .fini          0x0000000008005b48        0x4 c:/st/stm32cubeide_1.6.1/stm32cubeide/plugins/com.st.stm32cube.ide.mcu.externaltools.gnu-tools-for-stm32.9-2020-q2-update.win32_1.5.0.202011040924/tools/bin/../lib/gcc/arm-none-eabi/9.3.1/thumb/v7-m/nofp/crti.o
                0x0000000008005b48                _fini
 .fini          0x0000000008005b4c        0x8 c:/st/stm32cubeide_1.6.1/stm32cubeide/plugins/com.st.stm32cube.ide.mcu.externaltools.gnu-tools-for-stm32.9-2020-q2-update.win32_1.5.0.202011040924/tools/bin/../lib/gcc/arm-none-eabi/9.3.1/thumb/v7-m/nofp/crtn.o
                0x0000000008005b54                . = ALIGN (0x4)
                0x0000000008005b54                _etext = .

.vfp11_veneer   0x0000000008005b54        0x0
 .vfp11_veneer  0x0000000008005b54        0x0 linker stubs

.v4_bx          0x0000000008005b54        0x0
 .v4_bx         0x0000000008005b54        0x0 linker stubs

.iplt           0x0000000008005b54        0x0
 .iplt          0x0000000008005b54        0x0 c:/st/stm32cubeide_1.6.1/stm32cubeide/plugins/com.st.stm32cube.ide.mcu.externaltools.gnu-tools-for-stm32.9-2020-q2-update.win32_1.5.0.202011040924/tools/bin/../lib/gcc/arm-none-eabi/9.3.1/thumb/v7-m/nofp/crtbegin.o

.rodata         0x0000000008005b54       0x68
                0x0000000008005b54                . = ALIGN (0x4)
 *(.rodata)
 .rodata        0x0000000008005b54       0x24 Core/Src/main.o
 .rodata        0x0000000008005b78        0x5 C:\Users\Marcos\Documents\STM32 - WorkSpace\freertos\Debug\libfreertos.a(tasks.o)
 *fill*         0x0000000008005b7d        0x3 
 .rodata        0x0000000008005b80        0xd C:\Users\Marcos\Documents\STM32 - WorkSpace\freertos\Debug\libfreertos.a(timers.o)
 *(.rodata*)
 *fill*         0x0000000008005b8d        0x3 
 .rodata.AHBPrescTable
                0x0000000008005b90       0x10 Core/Src/system_stm32f1xx.o
                0x0000000008005b90                AHBPrescTable
 .rodata.APBPrescTable
                0x0000000008005ba0        0x8 Core/Src/system_stm32f1xx.o
                0x0000000008005ba0                APBPrescTable
 .rodata.aPLLMULFactorTable.6175
                0x0000000008005ba8       0x10 Drivers/STM32F1xx_HAL_Driver/Src/stm32f1xx_hal_rcc.o
 .rodata.aPredivFactorTable.6176
                0x0000000008005bb8        0x2 Drivers/STM32F1xx_HAL_Driver/Src/stm32f1xx_hal_rcc.o
                0x0000000008005bbc                . = ALIGN (0x4)
 *fill*         0x0000000008005bba        0x2 

.rel.dyn        0x0000000008005bbc        0x0
 .rel.iplt      0x0000000008005bbc        0x0 c:/st/stm32cubeide_1.6.1/stm32cubeide/plugins/com.st.stm32cube.ide.mcu.externaltools.gnu-tools-for-stm32.9-2020-q2-update.win32_1.5.0.202011040924/tools/bin/../lib/gcc/arm-none-eabi/9.3.1/thumb/v7-m/nofp/crtbegin.o

.ARM.extab      0x0000000008005bbc        0x0
                0x0000000008005bbc                . = ALIGN (0x4)
 *(.ARM.extab* .gnu.linkonce.armextab.*)
                0x0000000008005bbc                . = ALIGN (0x4)

.ARM            0x0000000008005bbc        0x0
                0x0000000008005bbc                . = ALIGN (0x4)
                0x0000000008005bbc                __exidx_start = .
 *(.ARM.exidx*)
                0x0000000008005bbc                __exidx_end = .
                0x0000000008005bbc                . = ALIGN (0x4)

.preinit_array  0x0000000008005bbc        0x0
                0x0000000008005bbc                . = ALIGN (0x4)
                0x0000000008005bbc                PROVIDE (__preinit_array_start = .)
 *(.preinit_array*)
                0x0000000008005bbc                PROVIDE (__preinit_array_end = .)
                0x0000000008005bbc                . = ALIGN (0x4)

.init_array     0x0000000008005bbc        0x4
                0x0000000008005bbc                . = ALIGN (0x4)
                0x0000000008005bbc                PROVIDE (__init_array_start = .)
 *(SORT_BY_NAME(.init_array.*))
 *(.init_array*)
 .init_array    0x0000000008005bbc        0x4 c:/st/stm32cubeide_1.6.1/stm32cubeide/plugins/com.st.stm32cube.ide.mcu.externaltools.gnu-tools-for-stm32.9-2020-q2-update.win32_1.5.0.202011040924/tools/bin/../lib/gcc/arm-none-eabi/9.3.1/thumb/v7-m/nofp/crtbegin.o
                0x0000000008005bc0                PROVIDE (__init_array_end = .)
                0x0000000008005bc0                . = ALIGN (0x4)

.fini_array     0x0000000008005bc0        0x4
                0x0000000008005bc0                . = ALIGN (0x4)
                [!provide]                        PROVIDE (__fini_array_start = .)
 *(SORT_BY_NAME(.fini_array.*))
 *(.fini_array*)
 .fini_array    0x0000000008005bc0        0x4 c:/st/stm32cubeide_1.6.1/stm32cubeide/plugins/com.st.stm32cube.ide.mcu.externaltools.gnu-tools-for-stm32.9-2020-q2-update.win32_1.5.0.202011040924/tools/bin/../lib/gcc/arm-none-eabi/9.3.1/thumb/v7-m/nofp/crtbegin.o
                [!provide]                        PROVIDE (__fini_array_end = .)
                0x0000000008005bc4                . = ALIGN (0x4)
                0x0000000008005bc4                _sidata = LOADADDR (.data)

.data           0x0000000020000000       0x78 load address 0x0000000008005bc4
                0x0000000020000000                . = ALIGN (0x4)
                0x0000000020000000                _sdata = .
 *(.data)
 *(.data*)
 .data.SystemCoreClock
                0x0000000020000000        0x4 Core/Src/system_stm32f1xx.o
                0x0000000020000000                SystemCoreClock
 .data.uwTickPrio
                0x0000000020000004        0x4 Drivers/STM32F1xx_HAL_Driver/Src/stm32f1xx_hal.o
                0x0000000020000004                uwTickPrio
 .data.uwTickFreq
                0x0000000020000008        0x1 Drivers/STM32F1xx_HAL_Driver/Src/stm32f1xx_hal.o
                0x0000000020000008                uwTickFreq
 *fill*         0x0000000020000009        0x3 
 .data.uxTopUsedPriority
                0x000000002000000c        0x4 C:\Users\Marcos\Documents\STM32 - WorkSpace\freertos\Debug\libfreertos.a(tasks.o)
                0x000000002000000c                uxTopUsedPriority
 .data.uxCriticalNesting
                0x0000000020000010        0x4 C:\Users\Marcos\Documents\STM32 - WorkSpace\freertos\Debug\libfreertos.a(port.o)
 .data._impure_ptr
                0x0000000020000014        0x4 c:/st/stm32cubeide_1.6.1/stm32cubeide/plugins/com.st.stm32cube.ide.mcu.externaltools.gnu-tools-for-stm32.9-2020-q2-update.win32_1.5.0.202011040924/tools/bin/../lib/gcc/arm-none-eabi/9.3.1/../../../../arm-none-eabi/lib/thumb/v7-m/nofp\libc_nano.a(lib_a-impure.o)
                0x0000000020000014                _impure_ptr
 .data.impure_data
                0x0000000020000018       0x60 c:/st/stm32cubeide_1.6.1/stm32cubeide/plugins/com.st.stm32cube.ide.mcu.externaltools.gnu-tools-for-stm32.9-2020-q2-update.win32_1.5.0.202011040924/tools/bin/../lib/gcc/arm-none-eabi/9.3.1/../../../../arm-none-eabi/lib/thumb/v7-m/nofp\libc_nano.a(lib_a-impure.o)
 *(.RamFunc)
 *(.RamFunc*)
                0x0000000020000078                . = ALIGN (0x4)
                0x0000000020000078                _edata = .

.igot.plt       0x0000000020000078        0x0 load address 0x0000000008005c3c
 .igot.plt      0x0000000020000078        0x0 c:/st/stm32cubeide_1.6.1/stm32cubeide/plugins/com.st.stm32cube.ide.mcu.externaltools.gnu-tools-for-stm32.9-2020-q2-update.win32_1.5.0.202011040924/tools/bin/../lib/gcc/arm-none-eabi/9.3.1/thumb/v7-m/nofp/crtbegin.o
                0x0000000020000078                . = ALIGN (0x4)

.bss            0x0000000020000078      0x2a8 load address 0x0000000008005c3c
                0x0000000020000078                _sbss = .
                0x0000000020000078                __bss_start__ = _sbss
 *(.bss)
 .bss           0x0000000020000078       0x1c c:/st/stm32cubeide_1.6.1/stm32cubeide/plugins/com.st.stm32cube.ide.mcu.externaltools.gnu-tools-for-stm32.9-2020-q2-update.win32_1.5.0.202011040924/tools/bin/../lib/gcc/arm-none-eabi/9.3.1/thumb/v7-m/nofp/crtbegin.o
 *(.bss*)
 .bss.xTarea_Config_Handle
                0x0000000020000094        0x4 Core/Src/main.o
                0x0000000020000094                xTarea_Config_Handle
 .bss.xTarea_ADC_Handle
                0x0000000020000098        0x4 Core/Src/main.o
                0x0000000020000098                xTarea_ADC_Handle
 .bss.adc_value.6642
                0x000000002000009c        0x2 Core/Src/main.o
 *fill*         0x000000002000009e        0x2 
 .bss.xHigherPriorityTaskWoken.6641
                0x00000000200000a0        0x4 Core/Src/main.o
 .bss.__sbrk_heap_end
                0x00000000200000a4        0x4 Core/Src/sysmem.o
 .bss.pxCurrentTCB
                0x00000000200000a8        0x4 C:\Users\Marcos\Documents\STM32 - WorkSpace\freertos\Debug\libfreertos.a(tasks.o)
                0x00000000200000a8                pxCurrentTCB
 .bss.pxReadyTasksLists
                0x00000000200000ac       0x64 C:\Users\Marcos\Documents\STM32 - WorkSpace\freertos\Debug\libfreertos.a(tasks.o)
 .bss.xDelayedTaskList1
                0x0000000020000110       0x14 C:\Users\Marcos\Documents\STM32 - WorkSpace\freertos\Debug\libfreertos.a(tasks.o)
 .bss.xDelayedTaskList2
                0x0000000020000124       0x14 C:\Users\Marcos\Documents\STM32 - WorkSpace\freertos\Debug\libfreertos.a(tasks.o)
 .bss.pxDelayedTaskList
                0x0000000020000138        0x4 C:\Users\Marcos\Documents\STM32 - WorkSpace\freertos\Debug\libfreertos.a(tasks.o)
 .bss.pxOverflowDelayedTaskList
                0x000000002000013c        0x4 C:\Users\Marcos\Documents\STM32 - WorkSpace\freertos\Debug\libfreertos.a(tasks.o)
 .bss.xPendingReadyList
                0x0000000020000140       0x14 C:\Users\Marcos\Documents\STM32 - WorkSpace\freertos\Debug\libfreertos.a(tasks.o)
 .bss.xTasksWaitingTermination
                0x0000000020000154       0x14 C:\Users\Marcos\Documents\STM32 - WorkSpace\freertos\Debug\libfreertos.a(tasks.o)
 .bss.uxDeletedTasksWaitingCleanUp
                0x0000000020000168        0x4 C:\Users\Marcos\Documents\STM32 - WorkSpace\freertos\Debug\libfreertos.a(tasks.o)
 .bss.xSuspendedTaskList
                0x000000002000016c       0x14 C:\Users\Marcos\Documents\STM32 - WorkSpace\freertos\Debug\libfreertos.a(tasks.o)
 .bss.uxCurrentNumberOfTasks
                0x0000000020000180        0x4 C:\Users\Marcos\Documents\STM32 - WorkSpace\freertos\Debug\libfreertos.a(tasks.o)
 .bss.xTickCount
                0x0000000020000184        0x4 C:\Users\Marcos\Documents\STM32 - WorkSpace\freertos\Debug\libfreertos.a(tasks.o)
 .bss.uxTopReadyPriority
                0x0000000020000188        0x4 C:\Users\Marcos\Documents\STM32 - WorkSpace\freertos\Debug\libfreertos.a(tasks.o)
 .bss.xSchedulerRunning
                0x000000002000018c        0x4 C:\Users\Marcos\Documents\STM32 - WorkSpace\freertos\Debug\libfreertos.a(tasks.o)
 .bss.xPendedTicks
                0x0000000020000190        0x4 C:\Users\Marcos\Documents\STM32 - WorkSpace\freertos\Debug\libfreertos.a(tasks.o)
 .bss.xYieldPending
                0x0000000020000194        0x4 C:\Users\Marcos\Documents\STM32 - WorkSpace\freertos\Debug\libfreertos.a(tasks.o)
 .bss.xNumOfOverflows
                0x0000000020000198        0x4 C:\Users\Marcos\Documents\STM32 - WorkSpace\freertos\Debug\libfreertos.a(tasks.o)
 .bss.uxTaskNumber
                0x000000002000019c        0x4 C:\Users\Marcos\Documents\STM32 - WorkSpace\freertos\Debug\libfreertos.a(tasks.o)
 .bss.xNextTaskUnblockTime
                0x00000000200001a0        0x4 C:\Users\Marcos\Documents\STM32 - WorkSpace\freertos\Debug\libfreertos.a(tasks.o)
 .bss.xIdleTaskHandle
                0x00000000200001a4        0x4 C:\Users\Marcos\Documents\STM32 - WorkSpace\freertos\Debug\libfreertos.a(tasks.o)
 .bss.uxSchedulerSuspended
                0x00000000200001a8        0x4 C:\Users\Marcos\Documents\STM32 - WorkSpace\freertos\Debug\libfreertos.a(tasks.o)
 .bss.xActiveTimerList1
                0x00000000200001ac       0x14 C:\Users\Marcos\Documents\STM32 - WorkSpace\freertos\Debug\libfreertos.a(timers.o)
 .bss.xActiveTimerList2
                0x00000000200001c0       0x14 C:\Users\Marcos\Documents\STM32 - WorkSpace\freertos\Debug\libfreertos.a(timers.o)
 .bss.pxCurrentTimerList
                0x00000000200001d4        0x4 C:\Users\Marcos\Documents\STM32 - WorkSpace\freertos\Debug\libfreertos.a(timers.o)
 .bss.pxOverflowTimerList
                0x00000000200001d8        0x4 C:\Users\Marcos\Documents\STM32 - WorkSpace\freertos\Debug\libfreertos.a(timers.o)
 .bss.xTimerQueue
                0x00000000200001dc        0x4 C:\Users\Marcos\Documents\STM32 - WorkSpace\freertos\Debug\libfreertos.a(timers.o)
 .bss.xTimerTaskHandle
                0x00000000200001e0        0x4 C:\Users\Marcos\Documents\STM32 - WorkSpace\freertos\Debug\libfreertos.a(timers.o)
 .bss.xLastTime.5553
                0x00000000200001e4        0x4 C:\Users\Marcos\Documents\STM32 - WorkSpace\freertos\Debug\libfreertos.a(timers.o)
 .bss.ulTimerCountsForOneTick
                0x00000000200001e8        0x4 C:\Users\Marcos\Documents\STM32 - WorkSpace\freertos\Debug\libfreertos.a(port.o)
 .bss.xMaximumPossibleSuppressedTicks
                0x00000000200001ec        0x4 C:\Users\Marcos\Documents\STM32 - WorkSpace\freertos\Debug\libfreertos.a(port.o)
 .bss.ulStoppedTimerCompensation
                0x00000000200001f0        0x4 C:\Users\Marcos\Documents\STM32 - WorkSpace\freertos\Debug\libfreertos.a(port.o)
 .bss.ucMaxSysCallPriority
                0x00000000200001f4        0x1 C:\Users\Marcos\Documents\STM32 - WorkSpace\freertos\Debug\libfreertos.a(port.o)
 *fill*         0x00000000200001f5        0x3 
 .bss.ulMaxPRIGROUPValue
                0x00000000200001f8        0x4 C:\Users\Marcos\Documents\STM32 - WorkSpace\freertos\Debug\libfreertos.a(port.o)
 .bss.__malloc_free_list
                0x00000000200001fc        0x4 c:/st/stm32cubeide_1.6.1/stm32cubeide/plugins/com.st.stm32cube.ide.mcu.externaltools.gnu-tools-for-stm32.9-2020-q2-update.win32_1.5.0.202011040924/tools/bin/../lib/gcc/arm-none-eabi/9.3.1/../../../../arm-none-eabi/lib/thumb/v7-m/nofp\libc_nano.a(lib_a-nano-mallocr.o)
                0x00000000200001fc                __malloc_free_list
 .bss.__malloc_sbrk_start
                0x0000000020000200        0x4 c:/st/stm32cubeide_1.6.1/stm32cubeide/plugins/com.st.stm32cube.ide.mcu.externaltools.gnu-tools-for-stm32.9-2020-q2-update.win32_1.5.0.202011040924/tools/bin/../lib/gcc/arm-none-eabi/9.3.1/../../../../arm-none-eabi/lib/thumb/v7-m/nofp\libc_nano.a(lib_a-nano-mallocr.o)
                0x0000000020000200                __malloc_sbrk_start
 *(COMMON)
 COMMON         0x0000000020000204       0x80 Core/Src/main.o
                0x0000000020000204                hadc1
                0x0000000020000234                adc_queue
                0x0000000020000238                my_semph1
                0x000000002000023c                htim2
 COMMON         0x0000000020000284       0x48 Core/Src/stm32f1xx_hal_timebase_tim.o
                0x0000000020000284                htim1
 COMMON         0x00000000200002cc        0x4 Drivers/STM32F1xx_HAL_Driver/Src/stm32f1xx_hal.o
                0x00000000200002cc                uwTick
 COMMON         0x00000000200002d0       0x40 C:\Users\Marcos\Documents\STM32 - WorkSpace\freertos\Debug\libfreertos.a(queue.o)
                0x00000000200002d0                xQueueRegistry
 COMMON         0x0000000020000310        0x4 c:/st/stm32cubeide_1.6.1/stm32cubeide/plugins/com.st.stm32cube.ide.mcu.externaltools.gnu-tools-for-stm32.9-2020-q2-update.win32_1.5.0.202011040924/tools/bin/../lib/gcc/arm-none-eabi/9.3.1/../../../../arm-none-eabi/lib/thumb/v7-m/nofp\libc_nano.a(lib_a-reent.o)
                0x0000000020000310                errno
 COMMON         0x0000000020000314        0x9 c:/st/stm32cubeide_1.6.1/stm32cubeide/plugins/com.st.stm32cube.ide.mcu.externaltools.gnu-tools-for-stm32.9-2020-q2-update.win32_1.5.0.202011040924/tools/bin/../lib/gcc/arm-none-eabi/9.3.1/../../../../arm-none-eabi/lib/thumb/v7-m/nofp\libc_nano.a(lib_a-lock.o)
                0x0000000020000314                __lock___atexit_recursive_mutex
                0x0000000020000315                __lock___arc4random_mutex
                0x0000000020000316                __lock___env_recursive_mutex
                0x0000000020000317                __lock___sinit_recursive_mutex
                0x0000000020000318                __lock___malloc_recursive_mutex
                0x0000000020000319                __lock___at_quick_exit_mutex
                0x000000002000031a                __lock___dd_hash_mutex
                0x000000002000031b                __lock___tz_mutex
                0x000000002000031c                __lock___sfp_recursive_mutex
                0x0000000020000320                . = ALIGN (0x4)
 *fill*         0x000000002000031d        0x3 
                0x0000000020000320                _ebss = .
                0x0000000020000320                __bss_end__ = _ebss

._user_heap_stack
                0x0000000020000320      0x600 load address 0x0000000008005c3c
                0x0000000020000320                . = ALIGN (0x8)
                [!provide]                        PROVIDE (end = .)
                0x0000000020000320                PROVIDE (_end = .)
                0x0000000020000520                . = (. + _Min_Heap_Size)
 *fill*         0x0000000020000320      0x200 
                0x0000000020000920                . = (. + _Min_Stack_Size)
 *fill*         0x0000000020000520      0x400 
                0x0000000020000920                . = ALIGN (0x8)

/DISCARD/
 libc.a(*)
 libm.a(*)
 libgcc.a(*)

.ARM.attributes
                0x0000000000000000       0x29
 *(.ARM.attributes)
 .ARM.attributes
                0x0000000000000000       0x1d c:/st/stm32cubeide_1.6.1/stm32cubeide/plugins/com.st.stm32cube.ide.mcu.externaltools.gnu-tools-for-stm32.9-2020-q2-update.win32_1.5.0.202011040924/tools/bin/../lib/gcc/arm-none-eabi/9.3.1/thumb/v7-m/nofp/crti.o
 .ARM.attributes
                0x000000000000001d       0x2d c:/st/stm32cubeide_1.6.1/stm32cubeide/plugins/com.st.stm32cube.ide.mcu.externaltools.gnu-tools-for-stm32.9-2020-q2-update.win32_1.5.0.202011040924/tools/bin/../lib/gcc/arm-none-eabi/9.3.1/thumb/v7-m/nofp/crtbegin.o
 .ARM.attributes
                0x000000000000004a       0x2d Core/Src/main.o
 .ARM.attributes
                0x0000000000000077       0x2d Core/Src/stm32f1xx_hal_msp.o
 .ARM.attributes
                0x00000000000000a4       0x2d Core/Src/stm32f1xx_hal_timebase_tim.o
 .ARM.attributes
                0x00000000000000d1       0x2d Core/Src/stm32f1xx_it.o
 .ARM.attributes
                0x00000000000000fe       0x2d Core/Src/sysmem.o
 .ARM.attributes
                0x000000000000012b       0x2d Core/Src/system_stm32f1xx.o
 .ARM.attributes
                0x0000000000000158       0x21 Core/Startup/startup_stm32f103c8tx.o
 .ARM.attributes
                0x0000000000000179       0x2d Drivers/STM32F1xx_HAL_Driver/Src/stm32f1xx_hal.o
 .ARM.attributes
                0x00000000000001a6       0x2d Drivers/STM32F1xx_HAL_Driver/Src/stm32f1xx_hal_adc.o
 .ARM.attributes
                0x00000000000001d3       0x2d Drivers/STM32F1xx_HAL_Driver/Src/stm32f1xx_hal_adc_ex.o
 .ARM.attributes
                0x0000000000000200       0x2d Drivers/STM32F1xx_HAL_Driver/Src/stm32f1xx_hal_cortex.o
 .ARM.attributes
                0x000000000000022d       0x2d Drivers/STM32F1xx_HAL_Driver/Src/stm32f1xx_hal_gpio.o
 .ARM.attributes
                0x000000000000025a       0x2d Drivers/STM32F1xx_HAL_Driver/Src/stm32f1xx_hal_rcc.o
 .ARM.attributes
                0x0000000000000287       0x2d Drivers/STM32F1xx_HAL_Driver/Src/stm32f1xx_hal_rcc_ex.o
 .ARM.attributes
                0x00000000000002b4       0x2d Drivers/STM32F1xx_HAL_Driver/Src/stm32f1xx_hal_tim.o
 .ARM.attributes
                0x00000000000002e1       0x2d Drivers/STM32F1xx_HAL_Driver/Src/stm32f1xx_hal_tim_ex.o
 .ARM.attributes
                0x000000000000030e       0x2d C:\Users\Marcos\Documents\STM32 - WorkSpace\freertos\Debug\libfreertos.a(queue.o)
 .ARM.attributes
                0x000000000000033b       0x2d C:\Users\Marcos\Documents\STM32 - WorkSpace\freertos\Debug\libfreertos.a(tasks.o)
 .ARM.attributes
                0x0000000000000368       0x2d C:\Users\Marcos\Documents\STM32 - WorkSpace\freertos\Debug\libfreertos.a(timers.o)
 .ARM.attributes
                0x0000000000000395       0x2d C:\Users\Marcos\Documents\STM32 - WorkSpace\freertos\Debug\libfreertos.a(heap_3.o)
 .ARM.attributes
                0x00000000000003c2       0x2d C:\Users\Marcos\Documents\STM32 - WorkSpace\freertos\Debug\libfreertos.a(list.o)
 .ARM.attributes
                0x00000000000003ef       0x2d C:\Users\Marcos\Documents\STM32 - WorkSpace\freertos\Debug\libfreertos.a(port.o)
 .ARM.attributes
                0x000000000000041c       0x2d c:/st/stm32cubeide_1.6.1/stm32cubeide/plugins/com.st.stm32cube.ide.mcu.externaltools.gnu-tools-for-stm32.9-2020-q2-update.win32_1.5.0.202011040924/tools/bin/../lib/gcc/arm-none-eabi/9.3.1/../../../../arm-none-eabi/lib/thumb/v7-m/nofp\libc_nano.a(lib_a-errno.o)
 .ARM.attributes
                0x0000000000000449       0x2d c:/st/stm32cubeide_1.6.1/stm32cubeide/plugins/com.st.stm32cube.ide.mcu.externaltools.gnu-tools-for-stm32.9-2020-q2-update.win32_1.5.0.202011040924/tools/bin/../lib/gcc/arm-none-eabi/9.3.1/../../../../arm-none-eabi/lib/thumb/v7-m/nofp\libc_nano.a(lib_a-impure.o)
 .ARM.attributes
                0x0000000000000476       0x2d c:/st/stm32cubeide_1.6.1/stm32cubeide/plugins/com.st.stm32cube.ide.mcu.externaltools.gnu-tools-for-stm32.9-2020-q2-update.win32_1.5.0.202011040924/tools/bin/../lib/gcc/arm-none-eabi/9.3.1/../../../../arm-none-eabi/lib/thumb/v7-m/nofp\libc_nano.a(lib_a-init.o)
 .ARM.attributes
                0x00000000000004a3       0x2d c:/st/stm32cubeide_1.6.1/stm32cubeide/plugins/com.st.stm32cube.ide.mcu.externaltools.gnu-tools-for-stm32.9-2020-q2-update.win32_1.5.0.202011040924/tools/bin/../lib/gcc/arm-none-eabi/9.3.1/../../../../arm-none-eabi/lib/thumb/v7-m/nofp\libc_nano.a(lib_a-malloc.o)
 .ARM.attributes
                0x00000000000004d0       0x2d c:/st/stm32cubeide_1.6.1/stm32cubeide/plugins/com.st.stm32cube.ide.mcu.externaltools.gnu-tools-for-stm32.9-2020-q2-update.win32_1.5.0.202011040924/tools/bin/../lib/gcc/arm-none-eabi/9.3.1/../../../../arm-none-eabi/lib/thumb/v7-m/nofp\libc_nano.a(lib_a-memcpy-stub.o)
 .ARM.attributes
                0x00000000000004fd       0x2d c:/st/stm32cubeide_1.6.1/stm32cubeide/plugins/com.st.stm32cube.ide.mcu.externaltools.gnu-tools-for-stm32.9-2020-q2-update.win32_1.5.0.202011040924/tools/bin/../lib/gcc/arm-none-eabi/9.3.1/../../../../arm-none-eabi/lib/thumb/v7-m/nofp\libc_nano.a(lib_a-memset.o)
 .ARM.attributes
                0x000000000000052a       0x2d c:/st/stm32cubeide_1.6.1/stm32cubeide/plugins/com.st.stm32cube.ide.mcu.externaltools.gnu-tools-for-stm32.9-2020-q2-update.win32_1.5.0.202011040924/tools/bin/../lib/gcc/arm-none-eabi/9.3.1/../../../../arm-none-eabi/lib/thumb/v7-m/nofp\libc_nano.a(lib_a-nano-freer.o)
 .ARM.attributes
                0x0000000000000557       0x2d c:/st/stm32cubeide_1.6.1/stm32cubeide/plugins/com.st.stm32cube.ide.mcu.externaltools.gnu-tools-for-stm32.9-2020-q2-update.win32_1.5.0.202011040924/tools/bin/../lib/gcc/arm-none-eabi/9.3.1/../../../../arm-none-eabi/lib/thumb/v7-m/nofp\libc_nano.a(lib_a-nano-mallocr.o)
 .ARM.attributes
                0x0000000000000584       0x2d c:/st/stm32cubeide_1.6.1/stm32cubeide/plugins/com.st.stm32cube.ide.mcu.externaltools.gnu-tools-for-stm32.9-2020-q2-update.win32_1.5.0.202011040924/tools/bin/../lib/gcc/arm-none-eabi/9.3.1/../../../../arm-none-eabi/lib/thumb/v7-m/nofp\libc_nano.a(lib_a-sbrkr.o)
 .ARM.attributes
                0x00000000000005b1       0x2d c:/st/stm32cubeide_1.6.1/stm32cubeide/plugins/com.st.stm32cube.ide.mcu.externaltools.gnu-tools-for-stm32.9-2020-q2-update.win32_1.5.0.202011040924/tools/bin/../lib/gcc/arm-none-eabi/9.3.1/../../../../arm-none-eabi/lib/thumb/v7-m/nofp\libc_nano.a(lib_a-mlock.o)
 .ARM.attributes
                0x00000000000005de       0x2d c:/st/stm32cubeide_1.6.1/stm32cubeide/plugins/com.st.stm32cube.ide.mcu.externaltools.gnu-tools-for-stm32.9-2020-q2-update.win32_1.5.0.202011040924/tools/bin/../lib/gcc/arm-none-eabi/9.3.1/../../../../arm-none-eabi/lib/thumb/v7-m/nofp\libc_nano.a(lib_a-reent.o)
 .ARM.attributes
                0x000000000000060b       0x2d c:/st/stm32cubeide_1.6.1/stm32cubeide/plugins/com.st.stm32cube.ide.mcu.externaltools.gnu-tools-for-stm32.9-2020-q2-update.win32_1.5.0.202011040924/tools/bin/../lib/gcc/arm-none-eabi/9.3.1/../../../../arm-none-eabi/lib/thumb/v7-m/nofp\libc_nano.a(lib_a-lock.o)
 .ARM.attributes
                0x0000000000000638       0x1d c:/st/stm32cubeide_1.6.1/stm32cubeide/plugins/com.st.stm32cube.ide.mcu.externaltools.gnu-tools-for-stm32.9-2020-q2-update.win32_1.5.0.202011040924/tools/bin/../lib/gcc/arm-none-eabi/9.3.1/thumb/v7-m/nofp/crtn.o
OUTPUT(interrup-RTOS-ADC.elf elf32-littlearm)
LOAD linker stubs
LOAD c:/st/stm32cubeide_1.6.1/stm32cubeide/plugins/com.st.stm32cube.ide.mcu.externaltools.gnu-tools-for-stm32.9-2020-q2-update.win32_1.5.0.202011040924/tools/bin/../lib/gcc/arm-none-eabi/9.3.1/../../../../arm-none-eabi/lib/thumb/v7-m/nofp\libc.a
LOAD c:/st/stm32cubeide_1.6.1/stm32cubeide/plugins/com.st.stm32cube.ide.mcu.externaltools.gnu-tools-for-stm32.9-2020-q2-update.win32_1.5.0.202011040924/tools/bin/../lib/gcc/arm-none-eabi/9.3.1/../../../../arm-none-eabi/lib/thumb/v7-m/nofp\libm.a
LOAD c:/st/stm32cubeide_1.6.1/stm32cubeide/plugins/com.st.stm32cube.ide.mcu.externaltools.gnu-tools-for-stm32.9-2020-q2-update.win32_1.5.0.202011040924/tools/bin/../lib/gcc/arm-none-eabi/9.3.1/thumb/v7-m/nofp\libgcc.a

.debug_info     0x0000000000000000    0x13fbf
 .debug_info    0x0000000000000000     0x1083 Core/Src/main.o
 .debug_info    0x0000000000001083      0xdb8 Core/Src/stm32f1xx_hal_msp.o
 .debug_info    0x0000000000001e3b      0xa1e Core/Src/stm32f1xx_hal_timebase_tim.o
 .debug_info    0x0000000000002859      0x9bf Core/Src/stm32f1xx_it.o
 .debug_info    0x0000000000003218      0xa25 Core/Src/sysmem.o
 .debug_info    0x0000000000003c3d      0x2be Core/Src/system_stm32f1xx.o
 .debug_info    0x0000000000003efb       0x22 Core/Startup/startup_stm32f103c8tx.o
 .debug_info    0x0000000000003f1d      0x76a Drivers/STM32F1xx_HAL_Driver/Src/stm32f1xx_hal.o
 .debug_info    0x0000000000004687      0xd52 Drivers/STM32F1xx_HAL_Driver/Src/stm32f1xx_hal_adc.o
 .debug_info    0x00000000000053d9      0xaac Drivers/STM32F1xx_HAL_Driver/Src/stm32f1xx_hal_adc_ex.o
 .debug_info    0x0000000000005e85      0xbdc Drivers/STM32F1xx_HAL_Driver/Src/stm32f1xx_hal_cortex.o
 .debug_info    0x0000000000006a61      0x701 Drivers/STM32F1xx_HAL_Driver/Src/stm32f1xx_hal_gpio.o
 .debug_info    0x0000000000007162      0x893 Drivers/STM32F1xx_HAL_Driver/Src/stm32f1xx_hal_rcc.o
 .debug_info    0x00000000000079f5      0x486 Drivers/STM32F1xx_HAL_Driver/Src/stm32f1xx_hal_rcc_ex.o
 .debug_info    0x0000000000007e7b     0x2c12 Drivers/STM32F1xx_HAL_Driver/Src/stm32f1xx_hal_tim.o
 .debug_info    0x000000000000aa8d     0x157f Drivers/STM32F1xx_HAL_Driver/Src/stm32f1xx_hal_tim_ex.o
 .debug_info    0x000000000000c00c     0x204f C:\Users\Marcos\Documents\STM32 - WorkSpace\freertos\Debug\libfreertos.a(queue.o)
 .debug_info    0x000000000000e05b     0x2f75 C:\Users\Marcos\Documents\STM32 - WorkSpace\freertos\Debug\libfreertos.a(tasks.o)
 .debug_info    0x0000000000010fd0     0x1534 C:\Users\Marcos\Documents\STM32 - WorkSpace\freertos\Debug\libfreertos.a(timers.o)
 .debug_info    0x0000000000012504      0x9af C:\Users\Marcos\Documents\STM32 - WorkSpace\freertos\Debug\libfreertos.a(heap_3.o)
 .debug_info    0x0000000000012eb3      0xb82 C:\Users\Marcos\Documents\STM32 - WorkSpace\freertos\Debug\libfreertos.a(list.o)
 .debug_info    0x0000000000013a35      0x58a C:\Users\Marcos\Documents\STM32 - WorkSpace\freertos\Debug\libfreertos.a(port.o)

.debug_abbrev   0x0000000000000000     0x2ea9
 .debug_abbrev  0x0000000000000000      0x2a7 Core/Src/main.o
 .debug_abbrev  0x00000000000002a7      0x1e4 Core/Src/stm32f1xx_hal_msp.o
 .debug_abbrev  0x000000000000048b      0x1bf Core/Src/stm32f1xx_hal_timebase_tim.o
 .debug_abbrev  0x000000000000064a      0x187 Core/Src/stm32f1xx_it.o
 .debug_abbrev  0x00000000000007d1      0x1bf Core/Src/sysmem.o
 .debug_abbrev  0x0000000000000990      0x14e Core/Src/system_stm32f1xx.o
 .debug_abbrev  0x0000000000000ade       0x12 Core/Startup/startup_stm32f103c8tx.o
 .debug_abbrev  0x0000000000000af0      0x1ed Drivers/STM32F1xx_HAL_Driver/Src/stm32f1xx_hal.o
 .debug_abbrev  0x0000000000000cdd      0x1fb Drivers/STM32F1xx_HAL_Driver/Src/stm32f1xx_hal_adc.o
 .debug_abbrev  0x0000000000000ed8      0x21f Drivers/STM32F1xx_HAL_Driver/Src/stm32f1xx_hal_adc_ex.o
 .debug_abbrev  0x00000000000010f7      0x313 Drivers/STM32F1xx_HAL_Driver/Src/stm32f1xx_hal_cortex.o
 .debug_abbrev  0x000000000000140a      0x1e8 Drivers/STM32F1xx_HAL_Driver/Src/stm32f1xx_hal_gpio.o
 .debug_abbrev  0x00000000000015f2      0x273 Drivers/STM32F1xx_HAL_Driver/Src/stm32f1xx_hal_rcc.o
 .debug_abbrev  0x0000000000001865      0x193 Drivers/STM32F1xx_HAL_Driver/Src/stm32f1xx_hal_rcc_ex.o
 .debug_abbrev  0x00000000000019f8      0x25e Drivers/STM32F1xx_HAL_Driver/Src/stm32f1xx_hal_tim.o
 .debug_abbrev  0x0000000000001c56      0x266 Drivers/STM32F1xx_HAL_Driver/Src/stm32f1xx_hal_tim_ex.o
 .debug_abbrev  0x0000000000001ebc      0x333 C:\Users\Marcos\Documents\STM32 - WorkSpace\freertos\Debug\libfreertos.a(queue.o)
 .debug_abbrev  0x00000000000021ef      0x398 C:\Users\Marcos\Documents\STM32 - WorkSpace\freertos\Debug\libfreertos.a(tasks.o)
 .debug_abbrev  0x0000000000002587      0x2ea C:\Users\Marcos\Documents\STM32 - WorkSpace\freertos\Debug\libfreertos.a(timers.o)
 .debug_abbrev  0x0000000000002871      0x1e5 C:\Users\Marcos\Documents\STM32 - WorkSpace\freertos\Debug\libfreertos.a(heap_3.o)
 .debug_abbrev  0x0000000000002a56      0x1f7 C:\Users\Marcos\Documents\STM32 - WorkSpace\freertos\Debug\libfreertos.a(list.o)
 .debug_abbrev  0x0000000000002c4d      0x25c C:\Users\Marcos\Documents\STM32 - WorkSpace\freertos\Debug\libfreertos.a(port.o)

.debug_aranges  0x0000000000000000     0x1070
 .debug_aranges
                0x0000000000000000       0x70 Core/Src/main.o
 .debug_aranges
                0x0000000000000070       0x40 Core/Src/stm32f1xx_hal_msp.o
 .debug_aranges
                0x00000000000000b0       0x30 Core/Src/stm32f1xx_hal_timebase_tim.o
 .debug_aranges
                0x00000000000000e0       0x58 Core/Src/stm32f1xx_it.o
 .debug_aranges
                0x0000000000000138       0x20 Core/Src/sysmem.o
 .debug_aranges
                0x0000000000000158       0x28 Core/Src/system_stm32f1xx.o
 .debug_aranges
                0x0000000000000180       0x28 Core/Startup/startup_stm32f103c8tx.o
 .debug_aranges
                0x00000000000001a8       0xe0 Drivers/STM32F1xx_HAL_Driver/Src/stm32f1xx_hal.o
 .debug_aranges
                0x0000000000000288       0xf0 Drivers/STM32F1xx_HAL_Driver/Src/stm32f1xx_hal_adc.o
 .debug_aranges
                0x0000000000000378       0x80 Drivers/STM32F1xx_HAL_Driver/Src/stm32f1xx_hal_adc_ex.o
 .debug_aranges
                0x00000000000003f8      0x100 Drivers/STM32F1xx_HAL_Driver/Src/stm32f1xx_hal_cortex.o
 .debug_aranges
                0x00000000000004f8       0x58 Drivers/STM32F1xx_HAL_Driver/Src/stm32f1xx_hal_gpio.o
 .debug_aranges
                0x0000000000000550       0x90 Drivers/STM32F1xx_HAL_Driver/Src/stm32f1xx_hal_rcc.o
 .debug_aranges
                0x00000000000005e0       0x30 Drivers/STM32F1xx_HAL_Driver/Src/stm32f1xx_hal_rcc_ex.o
 .debug_aranges
                0x0000000000000610      0x3d0 Drivers/STM32F1xx_HAL_Driver/Src/stm32f1xx_hal_tim.o
 .debug_aranges
                0x00000000000009e0      0x168 Drivers/STM32F1xx_HAL_Driver/Src/stm32f1xx_hal_tim_ex.o
 .debug_aranges
                0x0000000000000b48      0x130 C:\Users\Marcos\Documents\STM32 - WorkSpace\freertos\Debug\libfreertos.a(queue.o)
 .debug_aranges
                0x0000000000000c78      0x228 C:\Users\Marcos\Documents\STM32 - WorkSpace\freertos\Debug\libfreertos.a(tasks.o)
 .debug_aranges
                0x0000000000000ea0       0xe8 C:\Users\Marcos\Documents\STM32 - WorkSpace\freertos\Debug\libfreertos.a(timers.o)
 .debug_aranges
                0x0000000000000f88       0x28 C:\Users\Marcos\Documents\STM32 - WorkSpace\freertos\Debug\libfreertos.a(heap_3.o)
 .debug_aranges
                0x0000000000000fb0       0x40 C:\Users\Marcos\Documents\STM32 - WorkSpace\freertos\Debug\libfreertos.a(list.o)
 .debug_aranges
                0x0000000000000ff0       0x80 C:\Users\Marcos\Documents\STM32 - WorkSpace\freertos\Debug\libfreertos.a(port.o)

.debug_ranges   0x0000000000000000      0xf18
 .debug_ranges  0x0000000000000000       0x60 Core/Src/main.o
 .debug_ranges  0x0000000000000060       0x30 Core/Src/stm32f1xx_hal_msp.o
 .debug_ranges  0x0000000000000090       0x20 Core/Src/stm32f1xx_hal_timebase_tim.o
 .debug_ranges  0x00000000000000b0       0x48 Core/Src/stm32f1xx_it.o
 .debug_ranges  0x00000000000000f8       0x10 Core/Src/sysmem.o
 .debug_ranges  0x0000000000000108       0x18 Core/Src/system_stm32f1xx.o
 .debug_ranges  0x0000000000000120       0x20 Core/Startup/startup_stm32f103c8tx.o
 .debug_ranges  0x0000000000000140       0xd0 Drivers/STM32F1xx_HAL_Driver/Src/stm32f1xx_hal.o
 .debug_ranges  0x0000000000000210       0xe0 Drivers/STM32F1xx_HAL_Driver/Src/stm32f1xx_hal_adc.o
 .debug_ranges  0x00000000000002f0       0x70 Drivers/STM32F1xx_HAL_Driver/Src/stm32f1xx_hal_adc_ex.o
 .debug_ranges  0x0000000000000360       0xf0 Drivers/STM32F1xx_HAL_Driver/Src/stm32f1xx_hal_cortex.o
 .debug_ranges  0x0000000000000450       0x48 Drivers/STM32F1xx_HAL_Driver/Src/stm32f1xx_hal_gpio.o
 .debug_ranges  0x0000000000000498       0x80 Drivers/STM32F1xx_HAL_Driver/Src/stm32f1xx_hal_rcc.o
 .debug_ranges  0x0000000000000518       0x20 Drivers/STM32F1xx_HAL_Driver/Src/stm32f1xx_hal_rcc_ex.o
 .debug_ranges  0x0000000000000538      0x3c0 Drivers/STM32F1xx_HAL_Driver/Src/stm32f1xx_hal_tim.o
 .debug_ranges  0x00000000000008f8      0x158 Drivers/STM32F1xx_HAL_Driver/Src/stm32f1xx_hal_tim_ex.o
 .debug_ranges  0x0000000000000a50      0x120 C:\Users\Marcos\Documents\STM32 - WorkSpace\freertos\Debug\libfreertos.a(queue.o)
 .debug_ranges  0x0000000000000b70      0x218 C:\Users\Marcos\Documents\STM32 - WorkSpace\freertos\Debug\libfreertos.a(tasks.o)
 .debug_ranges  0x0000000000000d88       0xd8 C:\Users\Marcos\Documents\STM32 - WorkSpace\freertos\Debug\libfreertos.a(timers.o)
 .debug_ranges  0x0000000000000e60       0x18 C:\Users\Marcos\Documents\STM32 - WorkSpace\freertos\Debug\libfreertos.a(heap_3.o)
 .debug_ranges  0x0000000000000e78       0x30 C:\Users\Marcos\Documents\STM32 - WorkSpace\freertos\Debug\libfreertos.a(list.o)
 .debug_ranges  0x0000000000000ea8       0x70 C:\Users\Marcos\Documents\STM32 - WorkSpace\freertos\Debug\libfreertos.a(port.o)

.debug_macro    0x0000000000000000    0x19d76
 .debug_macro   0x0000000000000000      0x255 Core/Src/main.o
 .debug_macro   0x0000000000000255      0xa9c Core/Src/main.o
 .debug_macro   0x0000000000000cf1      0x21b Core/Src/main.o
 .debug_macro   0x0000000000000f0c       0x2e Core/Src/main.o
 .debug_macro   0x0000000000000f3a       0x22 Core/Src/main.o
 .debug_macro   0x0000000000000f5c       0x22 Core/Src/main.o
 .debug_macro   0x0000000000000f7e       0x8e Core/Src/main.o
 .debug_macro   0x000000000000100c       0x51 Core/Src/main.o
 .debug_macro   0x000000000000105d      0x103 Core/Src/main.o
 .debug_macro   0x0000000000001160       0x6a Core/Src/main.o
 .debug_macro   0x00000000000011ca      0x1df Core/Src/main.o
 .debug_macro   0x00000000000013a9       0x1c Core/Src/main.o
 .debug_macro   0x00000000000013c5       0x22 Core/Src/main.o
 .debug_macro   0x00000000000013e7       0xc3 Core/Src/main.o
 .debug_macro   0x00000000000014aa      0xd23 Core/Src/main.o
 .debug_macro   0x00000000000021cd     0xe09e Core/Src/main.o
 .debug_macro   0x000000000001026b       0x6d Core/Src/main.o
 .debug_macro   0x00000000000102d8     0x348d Core/Src/main.o
 .debug_macro   0x0000000000013765      0x174 Core/Src/main.o
 .debug_macro   0x00000000000138d9       0x5c Core/Src/main.o
 .debug_macro   0x0000000000013935      0x5bc Core/Src/main.o
 .debug_macro   0x0000000000013ef1      0x289 Core/Src/main.o
 .debug_macro   0x000000000001417a      0x1cb Core/Src/main.o
 .debug_macro   0x0000000000014345      0x114 Core/Src/main.o
 .debug_macro   0x0000000000014459      0x1b2 Core/Src/main.o
 .debug_macro   0x000000000001460b       0x27 Core/Src/main.o
 .debug_macro   0x0000000000014632      0x136 Core/Src/main.o
 .debug_macro   0x0000000000014768      0x1bc Core/Src/main.o
 .debug_macro   0x0000000000014924       0x34 Core/Src/main.o
 .debug_macro   0x0000000000014958       0x3c Core/Src/main.o
 .debug_macro   0x0000000000014994       0x57 Core/Src/main.o
 .debug_macro   0x00000000000149eb      0x46a Core/Src/main.o
 .debug_macro   0x0000000000014e55      0x1b5 Core/Src/main.o
 .debug_macro   0x000000000001500a       0x87 Core/Src/main.o
 .debug_macro   0x0000000000015091      0x240 Core/Src/main.o
 .debug_macro   0x00000000000152d1      0x140 Core/Src/main.o
 .debug_macro   0x0000000000015411      0x8ed Core/Src/main.o
 .debug_macro   0x0000000000015cfe       0x83 Core/Src/main.o
 .debug_macro   0x0000000000015d81       0x1c Core/Src/main.o
 .debug_macro   0x0000000000015d9d      0x1d8 Core/Src/main.o
 .debug_macro   0x0000000000015f75      0x15a Core/Src/main.o
 .debug_macro   0x00000000000160cf       0xcf Core/Src/main.o
 .debug_macro   0x000000000001619e       0x22 Core/Src/main.o
 .debug_macro   0x00000000000161c0       0x1f Core/Src/main.o
 .debug_macro   0x00000000000161df       0x12 Core/Src/main.o
 .debug_macro   0x00000000000161f1      0x3c9 Core/Src/main.o
 .debug_macro   0x00000000000165ba       0xc3 Core/Src/main.o
 .debug_macro   0x000000000001667d      0x120 Core/Src/main.o
 .debug_macro   0x000000000001679d       0x80 Core/Src/main.o
 .debug_macro   0x000000000001681d       0x77 Core/Src/main.o
 .debug_macro   0x0000000000016894      0x1bc Core/Src/stm32f1xx_hal_msp.o
 .debug_macro   0x0000000000016a50      0x1ad Core/Src/stm32f1xx_hal_timebase_tim.o
 .debug_macro   0x0000000000016bfd      0x1c6 Core/Src/stm32f1xx_it.o
 .debug_macro   0x0000000000016dc3       0xff Core/Src/sysmem.o
 .debug_macro   0x0000000000016ec2      0x23b Core/Src/sysmem.o
 .debug_macro   0x00000000000170fd      0x1ad Core/Src/system_stm32f1xx.o
 .debug_macro   0x00000000000172aa      0x1d1 Drivers/STM32F1xx_HAL_Driver/Src/stm32f1xx_hal.o
 .debug_macro   0x000000000001747b      0x1ca Drivers/STM32F1xx_HAL_Driver/Src/stm32f1xx_hal_adc.o
 .debug_macro   0x0000000000017645      0x1bf Drivers/STM32F1xx_HAL_Driver/Src/stm32f1xx_hal_adc_ex.o
 .debug_macro   0x0000000000017804      0x1ad Drivers/STM32F1xx_HAL_Driver/Src/stm32f1xx_hal_cortex.o
 .debug_macro   0x00000000000179b1      0x218 Drivers/STM32F1xx_HAL_Driver/Src/stm32f1xx_hal_gpio.o
 .debug_macro   0x0000000000017bc9      0x1bf Drivers/STM32F1xx_HAL_Driver/Src/stm32f1xx_hal_rcc.o
 .debug_macro   0x0000000000017d88      0x1ad Drivers/STM32F1xx_HAL_Driver/Src/stm32f1xx_hal_rcc_ex.o
 .debug_macro   0x0000000000017f35      0x1ae Drivers/STM32F1xx_HAL_Driver/Src/stm32f1xx_hal_tim.o
 .debug_macro   0x00000000000180e3      0x1ad Drivers/STM32F1xx_HAL_Driver/Src/stm32f1xx_hal_tim_ex.o
 .debug_macro   0x0000000000018290      0x22f C:\Users\Marcos\Documents\STM32 - WorkSpace\freertos\Debug\libfreertos.a(queue.o)
 .debug_macro   0x00000000000184bf      0xaa2 C:\Users\Marcos\Documents\STM32 - WorkSpace\freertos\Debug\libfreertos.a(queue.o)
 .debug_macro   0x0000000000018f61      0x10e C:\Users\Marcos\Documents\STM32 - WorkSpace\freertos\Debug\libfreertos.a(queue.o)
 .debug_macro   0x000000000001906f       0x8d C:\Users\Marcos\Documents\STM32 - WorkSpace\freertos\Debug\libfreertos.a(queue.o)
 .debug_macro   0x00000000000190fc       0x16 C:\Users\Marcos\Documents\STM32 - WorkSpace\freertos\Debug\libfreertos.a(queue.o)
 .debug_macro   0x0000000000019112       0x20 C:\Users\Marcos\Documents\STM32 - WorkSpace\freertos\Debug\libfreertos.a(queue.o)
 .debug_macro   0x0000000000019132      0x1d8 C:\Users\Marcos\Documents\STM32 - WorkSpace\freertos\Debug\libfreertos.a(queue.o)
 .debug_macro   0x000000000001930a      0x284 C:\Users\Marcos\Documents\STM32 - WorkSpace\freertos\Debug\libfreertos.a(tasks.o)
 .debug_macro   0x000000000001958e       0x91 C:\Users\Marcos\Documents\STM32 - WorkSpace\freertos\Debug\libfreertos.a(tasks.o)
 .debug_macro   0x000000000001961f       0x17 C:\Users\Marcos\Documents\STM32 - WorkSpace\freertos\Debug\libfreertos.a(tasks.o)
 .debug_macro   0x0000000000019636      0x1e7 C:\Users\Marcos\Documents\STM32 - WorkSpace\freertos\Debug\libfreertos.a(timers.o)
 .debug_macro   0x000000000001981d       0x97 C:\Users\Marcos\Documents\STM32 - WorkSpace\freertos\Debug\libfreertos.a(timers.o)
 .debug_macro   0x00000000000198b4      0x1a7 C:\Users\Marcos\Documents\STM32 - WorkSpace\freertos\Debug\libfreertos.a(heap_3.o)
 .debug_macro   0x0000000000019a5b      0x198 C:\Users\Marcos\Documents\STM32 - WorkSpace\freertos\Debug\libfreertos.a(list.o)
 .debug_macro   0x0000000000019bf3      0x183 C:\Users\Marcos\Documents\STM32 - WorkSpace\freertos\Debug\libfreertos.a(port.o)

.debug_line     0x0000000000000000    0x11d72
 .debug_line    0x0000000000000000      0x9aa Core/Src/main.o
 .debug_line    0x00000000000009aa      0x718 Core/Src/stm32f1xx_hal_msp.o
 .debug_line    0x00000000000010c2      0x6f2 Core/Src/stm32f1xx_hal_timebase_tim.o
 .debug_line    0x00000000000017b4      0x74a Core/Src/stm32f1xx_it.o
 .debug_line    0x0000000000001efe      0x4f8 Core/Src/sysmem.o
 .debug_line    0x00000000000023f6      0x714 Core/Src/system_stm32f1xx.o
 .debug_line    0x0000000000002b0a       0x86 Core/Startup/startup_stm32f103c8tx.o
 .debug_line    0x0000000000002b90      0x941 Drivers/STM32F1xx_HAL_Driver/Src/stm32f1xx_hal.o
 .debug_line    0x00000000000034d1      0xfc6 Drivers/STM32F1xx_HAL_Driver/Src/stm32f1xx_hal_adc.o
 .debug_line    0x0000000000004497      0xd0a Drivers/STM32F1xx_HAL_Driver/Src/stm32f1xx_hal_adc_ex.o
 .debug_line    0x00000000000051a1      0xb29 Drivers/STM32F1xx_HAL_Driver/Src/stm32f1xx_hal_cortex.o
 .debug_line    0x0000000000005cca      0x9da Drivers/STM32F1xx_HAL_Driver/Src/stm32f1xx_hal_gpio.o
 .debug_line    0x00000000000066a4      0xd4d Drivers/STM32F1xx_HAL_Driver/Src/stm32f1xx_hal_rcc.o
 .debug_line    0x00000000000073f1      0x888 Drivers/STM32F1xx_HAL_Driver/Src/stm32f1xx_hal_rcc_ex.o
 .debug_line    0x0000000000007c79     0x33c0 Drivers/STM32F1xx_HAL_Driver/Src/stm32f1xx_hal_tim.o
 .debug_line    0x000000000000b039     0x1897 Drivers/STM32F1xx_HAL_Driver/Src/stm32f1xx_hal_tim_ex.o
 .debug_line    0x000000000000c8d0     0x1580 C:\Users\Marcos\Documents\STM32 - WorkSpace\freertos\Debug\libfreertos.a(queue.o)
 .debug_line    0x000000000000de50     0x1f71 C:\Users\Marcos\Documents\STM32 - WorkSpace\freertos\Debug\libfreertos.a(tasks.o)
 .debug_line    0x000000000000fdc1      0xb93 C:\Users\Marcos\Documents\STM32 - WorkSpace\freertos\Debug\libfreertos.a(timers.o)
 .debug_line    0x0000000000010954      0x5a6 C:\Users\Marcos\Documents\STM32 - WorkSpace\freertos\Debug\libfreertos.a(heap_3.o)
 .debug_line    0x0000000000010efa      0x674 C:\Users\Marcos\Documents\STM32 - WorkSpace\freertos\Debug\libfreertos.a(list.o)
 .debug_line    0x000000000001156e      0x804 C:\Users\Marcos\Documents\STM32 - WorkSpace\freertos\Debug\libfreertos.a(port.o)

.debug_str      0x0000000000000000    0x95bf0
 .debug_str     0x0000000000000000    0x8c48f Core/Src/main.o
                                      0x8c93e (size before relaxing)
 .debug_str     0x000000000008c48f      0x316 Core/Src/stm32f1xx_hal_msp.o
                                      0x86e4f (size before relaxing)
 .debug_str     0x000000000008c7a5       0xaa Core/Src/stm32f1xx_hal_timebase_tim.o
                                      0x86cd1 (size before relaxing)
 .debug_str     0x000000000008c84f       0x92 Core/Src/stm32f1xx_it.o
                                      0x86ae9 (size before relaxing)
 .debug_str     0x000000000008c8e1     0x2093 Core/Src/sysmem.o
                                       0x6265 (size before relaxing)
 .debug_str     0x000000000008e974       0x52 Core/Src/system_stm32f1xx.o
                                      0x86473 (size before relaxing)
 .debug_str     0x000000000008e9c6       0x36 Core/Startup/startup_stm32f103c8tx.o
                                         0x79 (size before relaxing)
 .debug_str     0x000000000008e9fc      0x2b9 Drivers/STM32F1xx_HAL_Driver/Src/stm32f1xx_hal.o
                                      0x86b04 (size before relaxing)
 .debug_str     0x000000000008ecb5      0x345 Drivers/STM32F1xx_HAL_Driver/Src/stm32f1xx_hal_adc.o
                                      0x86b0a (size before relaxing)
 .debug_str     0x000000000008effa      0x2fb Drivers/STM32F1xx_HAL_Driver/Src/stm32f1xx_hal_adc_ex.o
                                      0x86ab8 (size before relaxing)
 .debug_str     0x000000000008f2f5      0x300 Drivers/STM32F1xx_HAL_Driver/Src/stm32f1xx_hal_cortex.o
                                      0x86b0c (size before relaxing)
 .debug_str     0x000000000008f5f5      0x324 Drivers/STM32F1xx_HAL_Driver/Src/stm32f1xx_hal_gpio.o
                                      0x86837 (size before relaxing)
 .debug_str     0x000000000008f919      0x245 Drivers/STM32F1xx_HAL_Driver/Src/stm32f1xx_hal_rcc.o
                                      0x86870 (size before relaxing)
 .debug_str     0x000000000008fb5e       0xb9 Drivers/STM32F1xx_HAL_Driver/Src/stm32f1xx_hal_rcc_ex.o
                                      0x865fd (size before relaxing)
 .debug_str     0x000000000008fc17      0xdc0 Drivers/STM32F1xx_HAL_Driver/Src/stm32f1xx_hal_tim.o
                                      0x87849 (size before relaxing)
 .debug_str     0x00000000000909d7      0x4ee Drivers/STM32F1xx_HAL_Driver/Src/stm32f1xx_hal_tim_ex.o
                                      0x86ffa (size before relaxing)
 .debug_str     0x0000000000090ec5     0x21ab C:\Users\Marcos\Documents\STM32 - WorkSpace\freertos\Debug\libfreertos.a(queue.o)
                                       0xd2b0 (size before relaxing)
 .debug_str     0x0000000000093070     0x1d45 C:\Users\Marcos\Documents\STM32 - WorkSpace\freertos\Debug\libfreertos.a(tasks.o)
                                       0xdea3 (size before relaxing)
 .debug_str     0x0000000000094db5      0x576 C:\Users\Marcos\Documents\STM32 - WorkSpace\freertos\Debug\libfreertos.a(timers.o)
                                       0xd493 (size before relaxing)
 .debug_str     0x000000000009532b       0x1c C:\Users\Marcos\Documents\STM32 - WorkSpace\freertos\Debug\libfreertos.a(heap_3.o)
                                       0xbee3 (size before relaxing)
 .debug_str     0x0000000000095347       0x9b C:\Users\Marcos\Documents\STM32 - WorkSpace\freertos\Debug\libfreertos.a(list.o)
                                       0xad8b (size before relaxing)
 .debug_str     0x00000000000953e2      0x80e C:\Users\Marcos\Documents\STM32 - WorkSpace\freertos\Debug\libfreertos.a(port.o)
                                       0x94d8 (size before relaxing)

.comment        0x0000000000000000       0x53
 .comment       0x0000000000000000       0x53 Core/Src/main.o
                                         0x54 (size before relaxing)
 .comment       0x0000000000000053       0x54 Core/Src/stm32f1xx_hal_msp.o
 .comment       0x0000000000000053       0x54 Core/Src/stm32f1xx_hal_timebase_tim.o
 .comment       0x0000000000000053       0x54 Core/Src/stm32f1xx_it.o
 .comment       0x0000000000000053       0x54 Core/Src/sysmem.o
 .comment       0x0000000000000053       0x54 Core/Src/system_stm32f1xx.o
 .comment       0x0000000000000053       0x54 Drivers/STM32F1xx_HAL_Driver/Src/stm32f1xx_hal.o
 .comment       0x0000000000000053       0x54 Drivers/STM32F1xx_HAL_Driver/Src/stm32f1xx_hal_adc.o
 .comment       0x0000000000000053       0x54 Drivers/STM32F1xx_HAL_Driver/Src/stm32f1xx_hal_adc_ex.o
 .comment       0x0000000000000053       0x54 Drivers/STM32F1xx_HAL_Driver/Src/stm32f1xx_hal_cortex.o
 .comment       0x0000000000000053       0x54 Drivers/STM32F1xx_HAL_Driver/Src/stm32f1xx_hal_gpio.o
 .comment       0x0000000000000053       0x54 Drivers/STM32F1xx_HAL_Driver/Src/stm32f1xx_hal_rcc.o
 .comment       0x0000000000000053       0x54 Drivers/STM32F1xx_HAL_Driver/Src/stm32f1xx_hal_rcc_ex.o
 .comment       0x0000000000000053       0x54 Drivers/STM32F1xx_HAL_Driver/Src/stm32f1xx_hal_tim.o
 .comment       0x0000000000000053       0x54 Drivers/STM32F1xx_HAL_Driver/Src/stm32f1xx_hal_tim_ex.o
 .comment       0x0000000000000053       0x54 C:\Users\Marcos\Documents\STM32 - WorkSpace\freertos\Debug\libfreertos.a(queue.o)
 .comment       0x0000000000000053       0x54 C:\Users\Marcos\Documents\STM32 - WorkSpace\freertos\Debug\libfreertos.a(tasks.o)
 .comment       0x0000000000000053       0x54 C:\Users\Marcos\Documents\STM32 - WorkSpace\freertos\Debug\libfreertos.a(timers.o)
 .comment       0x0000000000000053       0x54 C:\Users\Marcos\Documents\STM32 - WorkSpace\freertos\Debug\libfreertos.a(heap_3.o)
 .comment       0x0000000000000053       0x54 C:\Users\Marcos\Documents\STM32 - WorkSpace\freertos\Debug\libfreertos.a(list.o)
 .comment       0x0000000000000053       0x54 C:\Users\Marcos\Documents\STM32 - WorkSpace\freertos\Debug\libfreertos.a(port.o)

.debug_frame    0x0000000000000000     0x4570
 .debug_frame   0x0000000000000000      0x180 Core/Src/main.o
 .debug_frame   0x0000000000000180       0xd0 Core/Src/stm32f1xx_hal_msp.o
 .debug_frame   0x0000000000000250       0x74 Core/Src/stm32f1xx_hal_timebase_tim.o
 .debug_frame   0x00000000000002c4       0xe0 Core/Src/stm32f1xx_it.o
 .debug_frame   0x00000000000003a4       0x34 Core/Src/sysmem.o
 .debug_frame   0x00000000000003d8       0x58 Core/Src/system_stm32f1xx.o
 .debug_frame   0x0000000000000430      0x334 Drivers/STM32F1xx_HAL_Driver/Src/stm32f1xx_hal.o
 .debug_frame   0x0000000000000764      0x40c Drivers/STM32F1xx_HAL_Driver/Src/stm32f1xx_hal_adc.o
 .debug_frame   0x0000000000000b70      0x200 Drivers/STM32F1xx_HAL_Driver/Src/stm32f1xx_hal_adc_ex.o
 .debug_frame   0x0000000000000d70      0x428 Drivers/STM32F1xx_HAL_Driver/Src/stm32f1xx_hal_cortex.o
 .debug_frame   0x0000000000001198      0x14c Drivers/STM32F1xx_HAL_Driver/Src/stm32f1xx_hal_gpio.o
 .debug_frame   0x00000000000012e4      0x218 Drivers/STM32F1xx_HAL_Driver/Src/stm32f1xx_hal_rcc.o
 .debug_frame   0x00000000000014fc       0x80 Drivers/STM32F1xx_HAL_Driver/Src/stm32f1xx_hal_rcc_ex.o
 .debug_frame   0x000000000000157c     0x11bc Drivers/STM32F1xx_HAL_Driver/Src/stm32f1xx_hal_tim.o
 .debug_frame   0x0000000000002738      0x638 Drivers/STM32F1xx_HAL_Driver/Src/stm32f1xx_hal_tim_ex.o
 .debug_frame   0x0000000000002d70      0x530 C:\Users\Marcos\Documents\STM32 - WorkSpace\freertos\Debug\libfreertos.a(queue.o)
 .debug_frame   0x00000000000032a0      0x988 C:\Users\Marcos\Documents\STM32 - WorkSpace\freertos\Debug\libfreertos.a(tasks.o)
 .debug_frame   0x0000000000003c28      0x3c8 C:\Users\Marcos\Documents\STM32 - WorkSpace\freertos\Debug\libfreertos.a(timers.o)