20:59:59 **** Incremental Build of configuration Debug for project HCSR04-test ****
make -j16 all 
arm-none-eabi-gcc "../Core/Src/main.c" -mcpu=cortex-m3 -std=gnu11 -g3 -DDEBUG -DUSE_HAL_DRIVER -DSTM32F103xB -c -I../Core/Inc -I../Drivers/STM32F1xx_HAL_Driver/Inc -I../Drivers/STM32F1xx_HAL_Driver/Inc/Legacy -I../Drivers/CMSIS/Device/ST/STM32F1xx/Include -I../Drivers/CMSIS/Include -O0 -ffunction-sections -fdata-sections -Wall -fstack-usage -MMD -MP -MF"Core/Src/main.d" -MT"Core/Src/main.o" --specs=nano.specs -mfloat-abi=soft -mthumb -o "Core/Src/main.o"
arm-none-eabi-gcc -o "HCSR04-test.elf" @"objects.list"   -mcpu=cortex-m3 -T"C:\Users\Marcos\Documents\TD3\work\WS_STM32\HCSR04-test\STM32F103C8TX_FLASH.ld" --specs=nosys.specs -Wl,-Map="HCSR04-test.map" -Wl,--gc-sections -static --specs=nano.specs -mfloat-abi=soft -mthumb -Wl,--start-group -lc -lm -Wl,--end-group
Finished building target: HCSR04-test.elf
 
arm-none-eabi-objdump -h -S  HCSR04-test.elf  > "HCSR04-test.list"
arm-none-eabi-objcopy  -O binary  HCSR04-test.elf  "HCSR04-test.bin"
arm-none-eabi-size   HCSR04-test.elf 
   text	   data	    bss	    dec	    hex	filename
   8632	     20	   1676	  10328	   2858	HCSR04-test.elf
Finished building: default.size.stdout
 
Finished building: HCSR04-test.bin
 
Finished building: HCSR04-test.list
 
21:00:04 **** Incremental Build of configuration Debug for project HCSR04-test ****
make -j16 all 
arm-none-eabi-size   HCSR04-test.elf 
   text	   data	    bss	    dec	    hex	filename
   8632	     20	   1676	  10328	   2858	HCSR04-test.elf
Finished building: default.size.stdout
 
